08-31 14:41:31.525 I/TriggerService( 1676): trigger matching battery state
08-31 14:41:31.525 I/TriggerService( 1676): trigger matching battery level
08-31 14:41:31.525 I/TriggerService( 1676): trigger matching geofence
08-31 14:41:31.525 I/TriggerService( 1676): adding trigger to triggerPriorityList: undim
08-31 14:41:31.525 I/TriggerService( 1676): highestPriority add: undim
08-31 14:41:31.525 I/TriggerService( 1676): comparePriorities called
08-31 14:41:31.625 I/TriggerBroadcastReceiver( 1676): Broadcast received: android.intent.action.BATTERY_CHANGED
08-31 14:41:31.625 I/TriggerService( 1676): batterylevel changed to 20
08-31 14:41:31.625 I/TriggerService( 1676): compareTriggers called
08-31 14:41:31.625 I/TriggerService( 1676): compare trigger: dim
08-31 14:41:31.625 I/TriggerService( 1676): compare time called!
08-31 14:41:31.625 I/TriggerService( 1676): time ignored
08-31 14:41:31.625 I/TriggerService( 1676): trigger matching time
08-31 14:41:31.625 I/TriggerService( 1676): compare weekday called!
08-31 14:41:31.625 I/TriggerService( 1676): every or no weekday is set
08-31 14:41:31.625 I/TriggerService( 1676): trigger matching weekday
08-31 14:41:31.625 I/TriggerService( 1676): trigger matching headphones
08-31 14:41:31.625 I/TriggerService( 1676): dim does not match battery state
08-31 14:41:31.625 I/TriggerService( 1676): compare trigger: undim
08-31 14:41:31.625 I/TriggerService( 1676): compare time called!
08-31 14:41:31.625 I/TriggerService( 1676): time ignored
08-31 14:41:31.625 I/TriggerService( 1676): trigger matching time
08-31 14:41:31.625 I/TriggerService( 1676): compare weekday called!
08-31 14:41:31.625 I/TriggerService( 1676): every or no weekday is set
08-31 14:41:31.625 I/TriggerService( 1676): trigger matching weekday
08-31 14:41:31.625 I/TriggerService( 1676): trigger matching headphones
08-31 14:41:31.625 I/TriggerService( 1676): trigger matching battery state
08-31 14:41:31.625 I/TriggerService( 1676): trigger matching battery level
08-31 14:41:31.625 I/TriggerService( 1676): trigger matching geofence
08-31 14:41:31.625 I/TriggerService( 1676): adding trigger to triggerPriorityList: undim
08-31 14:41:31.625 I/TriggerService( 1676): highestPriority add: undim
08-31 14:41:31.625 I/TriggerService( 1676): comparePriorities called
08-31 14:41:31.625 I/TriggerBroadcastReceiver( 1676): Broadcast received: android.intent.action.BATTERY_CHANGED
08-31 14:41:31.635 I/TriggerService( 1676): batterylevel changed to 20
08-31 14:41:31.635 I/TriggerService( 1676): compareTriggers called
08-31 14:41:31.635 I/TriggerService( 1676): compare trigger: dim
08-31 14:41:31.635 I/TriggerService( 1676): compare time called!
08-31 14:41:31.635 I/TriggerService( 1676): time ignored
08-31 14:41:31.635 I/TriggerService( 1676): trigger matching time
08-31 14:41:31.635 I/TriggerService( 1676): compare weekday called!
08-31 14:41:31.635 I/TriggerService( 1676): every or no weekday is set
08-31 14:41:31.635 I/TriggerService( 1676): trigger matching weekday
08-31 14:41:31.635 I/TriggerService( 1676): trigger matching headphones
08-31 14:41:31.635 I/TriggerService( 1676): dim does not match battery state
08-31 14:41:31.635 I/TriggerService( 1676): compare trigger: undim
08-31 14:41:31.635 I/TriggerService( 1676): compare time called!
08-31 14:41:31.635 I/TriggerService( 1676): time ignored
08-31 14:41:31.635 I/TriggerService( 1676): trigger matching time
08-31 14:41:31.635 I/TriggerService( 1676): compare weekday called!
08-31 14:41:31.635 I/TriggerService( 1676): every or no weekday is set
08-31 14:41:31.635 I/TriggerService( 1676): trigger matching weekday
08-31 14:41:31.635 I/TriggerService( 1676): trigger matching headphones
08-31 14:41:31.635 I/TriggerService( 1676): trigger matching battery state
08-31 14:41:31.635 I/TriggerService( 1676): trigger matching battery level
08-31 14:41:31.635 I/TriggerService( 1676): trigger matching geofence
08-31 14:41:31.635 I/TriggerService( 1676): adding trigger to triggerPriorityList: undim
08-31 14:41:31.635 I/TriggerService( 1676): highestPriority add: undim
08-31 14:41:31.635 I/TriggerService( 1676): comparePriorities called
08-31 14:41:51.644 I/WifiToggleService( 1663): Ping Success
08-31 14:42:00.073 I/TriggerBroadcastReceiver( 1676): Broadcast received: android.intent.action.TIME_TICK
08-31 14:42:00.073 I/TriggerService( 1676): current time updated: 14:42
08-31 14:42:00.073 I/TriggerService( 1676): compareTriggers called
08-31 14:42:00.073 I/TriggerService( 1676): compare trigger: dim
08-31 14:42:00.073 I/TriggerService( 1676): compare time called!
08-31 14:42:00.073 I/TriggerService( 1676): time ignored
08-31 14:42:00.073 I/TriggerService( 1676): trigger matching time
08-31 14:42:00.073 I/TriggerService( 1676): compare weekday called!
08-31 14:42:00.073 I/TriggerService( 1676): every or no weekday is set
08-31 14:42:00.073 I/TriggerService( 1676): trigger matching weekday
08-31 14:42:00.073 I/TriggerService( 1676): trigger matching headphones
08-31 14:42:00.073 I/TriggerService( 1676): dim does not match battery state
08-31 14:42:00.073 I/TriggerService( 1676): compare trigger: undim
08-31 14:42:00.073 I/TriggerService( 1676): compare time called!
08-31 14:42:00.073 I/TriggerService( 1676): time ignored
08-31 14:42:00.073 I/TriggerService( 1676): trigger matching time
08-31 14:42:00.073 I/TriggerService( 1676): compare weekday called!
08-31 14:42:00.073 I/TriggerService( 1676): every or no weekday is set
08-31 14:42:00.073 I/TriggerService( 1676): trigger matching weekday
08-31 14:42:00.073 I/TriggerService( 1676): trigger matching headphones
08-31 14:42:00.073 I/TriggerService( 1676): trigger matching battery state
08-31 14:42:00.073 I/TriggerService( 1676): trigger matching battery level
08-31 14:42:00.073 I/TriggerService( 1676): trigger matching geofence
08-31 14:42:00.073 I/TriggerService( 1676): adding trigger to triggerPriorityList: undim
08-31 14:42:00.073 I/TriggerService( 1676): highestPriority add: undim
08-31 14:42:00.073 I/TriggerService( 1676): comparePriorities called
08-31 14:42:00.073 I/TriggerBroadcastReceiver( 1676): TimeTick: 14:42
08-31 14:42:00.083 I/TriggerBroadcastReceiver( 1676): Broadcast received: android.intent.action.TIME_TICK
08-31 14:42:00.083 I/TriggerService( 1676): current time updated: 14:42
08-31 14:42:00.083 I/TriggerService( 1676): compareTriggers called
08-31 14:42:00.083 I/TriggerService( 1676): compare trigger: dim
08-31 14:42:00.083 I/TriggerService( 1676): compare time called!
08-31 14:42:00.083 I/TriggerService( 1676): time ignored
08-31 14:42:00.083 I/TriggerService( 1676): trigger matching time
08-31 14:42:00.083 I/TriggerService( 1676): compare weekday called!
08-31 14:42:00.083 I/TriggerService( 1676): every or no weekday is set
08-31 14:42:00.083 I/TriggerService( 1676): trigger matching weekday
08-31 14:42:00.083 I/TriggerService( 1676): trigger matching headphones
08-31 14:42:00.083 I/TriggerService( 1676): dim does not match battery state
08-31 14:42:00.083 I/TriggerService( 1676): compare trigger: undim
08-31 14:42:00.083 I/TriggerService( 1676): compare time called!
08-31 14:42:00.083 I/TriggerService( 1676): time ignored
08-31 14:42:00.083 I/TriggerService( 1676): trigger matching time
08-31 14:42:00.083 I/TriggerService( 1676): compare weekday called!
08-31 14:42:00.083 I/TriggerService( 1676): every or no weekday is set
08-31 14:42:00.083 I/TriggerService( 1676): trigger matching weekday
08-31 14:42:00.083 I/TriggerService( 1676): trigger matching headphones
08-31 14:42:00.083 I/TriggerService( 1676): trigger matching battery state
08-31 14:42:00.083 I/TriggerService( 1676): trigger matching battery level
08-31 14:42:00.083 I/TriggerService( 1676): trigger matching geofence
08-31 14:42:00.083 I/TriggerService( 1676): adding trigger to triggerPriorityList: undim
08-31 14:42:00.083 I/TriggerService( 1676): highestPriority add: undim
08-31 14:42:00.083 I/TriggerService( 1676): comparePriorities called
08-31 14:42:00.083 I/TriggerBroadcastReceiver( 1676): TimeTick: 14:42
08-31 14:42:21.704 I/WifiToggleService( 1663): Ping Success
08-31 14:42:31.803 I/TriggerBroadcastReceiver( 1676): Broadcast received: android.intent.action.BATTERY_CHANGED
08-31 14:42:31.803 I/TriggerService( 1676): batterylevel changed to 19
08-31 14:42:31.803 I/TriggerService( 1676): compareTriggers called
08-31 14:42:31.803 I/TriggerService( 1676): compare trigger: dim
08-31 14:42:31.803 I/TriggerService( 1676): compare time called!
08-31 14:42:31.803 I/TriggerService( 1676): time ignored
08-31 14:42:31.803 I/TriggerService( 1676): trigger matching time
08-31 14:42:31.803 I/TriggerService( 1676): compare weekday called!
08-31 14:42:31.803 I/TriggerService( 1676): every or no weekday is set
08-31 14:42:31.803 I/TriggerService( 1676): trigger matching weekday
08-31 14:42:31.803 I/TriggerService( 1676): trigger matching headphones
08-31 14:42:31.803 I/TriggerService( 1676): dim does not match battery state
08-31 14:42:31.803 I/TriggerService( 1676): compare trigger: undim
08-31 14:42:31.803 I/TriggerService( 1676): compare time called!
08-31 14:42:31.803 I/TriggerService( 1676): time ignored
08-31 14:42:31.813 I/TriggerService( 1676): trigger matching time
08-31 14:42:31.813 I/TriggerService( 1676): compare weekday called!
08-31 14:42:31.813 I/TriggerService( 1676): every or no weekday is set
08-31 14:42:31.813 I/TriggerService( 1676): trigger matching weekday
08-31 14:42:31.813 I/TriggerService( 1676): trigger matching headphones
08-31 14:42:31.813 I/TriggerService( 1676): trigger matching battery state
08-31 14:42:31.813 I/TriggerService( 1676): trigger matching battery level
08-31 14:42:31.813 I/TriggerService( 1676): trigger matching geofence
08-31 14:42:31.813 I/TriggerService( 1676): adding trigger to triggerPriorityList: undim
08-31 14:42:31.813 I/TriggerService( 1676): highestPriority add: undim
08-31 14:42:31.813 I/TriggerService( 1676): comparePriorities called
08-31 14:42:31.813 I/TriggerBroadcastReceiver( 1676): Broadcast received: android.intent.action.BATTERY_CHANGED
08-31 14:42:31.813 I/TriggerService( 1676): batterylevel changed to 19
08-31 14:42:31.813 I/TriggerService( 1676): compareTriggers called
08-31 14:42:31.813 I/TriggerService( 1676): compare trigger: dim
08-31 14:42:31.813 I/TriggerService( 1676): compare time called!
08-31 14:42:31.813 I/TriggerService( 1676): time ignored
08-31 14:42:31.813 I/TriggerService( 1676): trigger matching time
08-31 14:42:31.813 I/TriggerService( 1676): compare weekday called!
08-31 14:42:31.813 I/TriggerService( 1676): every or no weekday is set
08-31 14:42:31.813 I/TriggerService( 1676): trigger matching weekday
08-31 14:42:31.813 I/TriggerService( 1676): trigger matching headphones
08-31 14:42:31.813 I/TriggerService( 1676): dim does not match battery state
08-31 14:42:31.813 I/TriggerService( 1676): compare trigger: undim
08-31 14:42:31.813 I/TriggerService( 1676): compare time called!
08-31 14:42:31.813 I/TriggerService( 1676): time ignored
08-31 14:42:31.813 I/TriggerService( 1676): trigger matching time
08-31 14:42:31.813 I/TriggerService( 1676): compare weekday called!
08-31 14:42:31.813 I/TriggerService( 1676): every or no weekday is set
08-31 14:42:31.813 I/TriggerService( 1676): trigger matching weekday
08-31 14:42:31.813 I/TriggerService( 1676): trigger matching headphones
08-31 14:42:31.813 I/TriggerService( 1676): trigger matching battery state
08-31 14:42:31.813 I/TriggerService( 1676): trigger matching battery level
08-31 14:42:31.813 I/TriggerService( 1676): trigger matching geofence
08-31 14:42:31.813 I/TriggerService( 1676): adding trigger to triggerPriorityList: undim
08-31 14:42:31.813 I/TriggerService( 1676): highestPriority add: undim
08-31 14:42:31.813 I/TriggerService( 1676): comparePriorities called
08-31 14:42:51.783 D/dalvikvm( 1663): GC_CONCURRENT freed 503K, 6% free 9109K/9648K, paused 5ms+1ms, total 53ms
08-31 14:42:51.783 D/dalvikvm( 1663): WAIT_FOR_CONCURRENT_GC blocked 6ms
08-31 14:42:51.783 I/WifiToggleService( 1663): Ping Success
08-31 14:43:00.071 I/TriggerBroadcastReceiver( 1676): Broadcast received: android.intent.action.TIME_TICK
08-31 14:43:00.071 I/TriggerService( 1676): current time updated: 14:43
08-31 14:43:00.071 I/TriggerService( 1676): compareTriggers called
08-31 14:43:00.071 I/TriggerService( 1676): compare trigger: dim
08-31 14:43:00.071 I/TriggerService( 1676): compare time called!
08-31 14:43:00.071 I/TriggerService( 1676): time ignored
08-31 14:43:00.071 I/TriggerService( 1676): trigger matching time
08-31 14:43:00.071 I/TriggerService( 1676): compare weekday called!
08-31 14:43:00.071 I/TriggerService( 1676): every or no weekday is set
08-31 14:43:00.071 I/TriggerService( 1676): trigger matching weekday
08-31 14:43:00.071 I/TriggerService( 1676): trigger matching headphones
08-31 14:43:00.071 I/TriggerService( 1676): dim does not match battery state
08-31 14:43:00.071 I/TriggerService( 1676): compare trigger: undim
08-31 14:43:00.071 I/TriggerService( 1676): compare time called!
08-31 14:43:00.071 I/TriggerService( 1676): time ignored
08-31 14:43:00.071 I/TriggerService( 1676): trigger matching time
08-31 14:43:00.071 I/TriggerService( 1676): compare weekday called!
08-31 14:43:00.071 I/TriggerService( 1676): every or no weekday is set
08-31 14:43:00.071 I/TriggerService( 1676): trigger matching weekday
08-31 14:43:00.071 I/TriggerService( 1676): trigger matching headphones
08-31 14:43:00.071 I/TriggerService( 1676): trigger matching battery state
08-31 14:43:00.071 I/TriggerService( 1676): trigger matching battery level
08-31 14:43:00.071 I/TriggerService( 1676): trigger matching geofence
08-31 14:43:00.071 I/TriggerService( 1676): adding trigger to triggerPriorityList: undim
08-31 14:43:00.071 I/TriggerService( 1676): highestPriority add: undim
08-31 14:43:00.071 I/TriggerService( 1676): comparePriorities called
08-31 14:43:00.071 I/TriggerBroadcastReceiver( 1676): TimeTick: 14:43
08-31 14:43:00.071 I/TriggerBroadcastReceiver( 1676): Broadcast received: android.intent.action.TIME_TICK
08-31 14:43:00.071 I/TriggerService( 1676): current time updated: 14:43
08-31 14:43:00.071 I/TriggerService( 1676): compareTriggers called
08-31 14:43:00.071 I/TriggerService( 1676): compare trigger: dim
08-31 14:43:00.071 I/TriggerService( 1676): compare time called!
08-31 14:43:00.071 I/TriggerService( 1676): time ignored
08-31 14:43:00.071 I/TriggerService( 1676): trigger matching time
08-31 14:43:00.071 I/TriggerService( 1676): compare weekday called!
08-31 14:43:00.071 I/TriggerService( 1676): every or no weekday is set
08-31 14:43:00.071 I/TriggerService( 1676): trigger matching weekday
08-31 14:43:00.071 I/TriggerService( 1676): trigger matching headphones
08-31 14:43:00.071 I/TriggerService( 1676): dim does not match battery state
08-31 14:43:00.071 I/TriggerService( 1676): compare trigger: undim
08-31 14:43:00.071 I/TriggerService( 1676): compare time called!
08-31 14:43:00.071 I/TriggerService( 1676): time ignored
08-31 14:43:00.071 I/TriggerService( 1676): trigger matching time
08-31 14:43:00.071 I/TriggerService( 1676): compare weekday called!
08-31 14:43:00.071 I/TriggerService( 1676): every or no weekday is set
08-31 14:43:00.071 I/TriggerService( 1676): trigger matching weekday
08-31 14:43:00.071 I/TriggerService( 1676): trigger matching headphones
08-31 14:43:00.071 I/TriggerService( 1676): trigger matching battery state
08-31 14:43:00.071 I/TriggerService( 1676): trigger matching battery level
08-31 14:43:00.071 I/TriggerService( 1676): trigger matching geofence
08-31 14:43:00.071 I/TriggerService( 1676): adding trigger to triggerPriorityList: undim
08-31 14:43:00.071 I/TriggerService( 1676): highestPriority add: undim
08-31 14:43:00.071 I/TriggerService( 1676): comparePriorities called
08-31 14:43:00.071 I/TriggerBroadcastReceiver( 1676): TimeTick: 14:43
08-31 14:43:21.842 I/WifiToggleService( 1663): Ping Success
08-31 14:43:31.902 I/TriggerBroadcastReceiver( 1676): Broadcast received: android.intent.action.BATTERY_CHANGED
08-31 14:43:31.902 I/TriggerService( 1676): batterylevel changed to 19
08-31 14:43:31.902 I/TriggerService( 1676): compareTriggers called
08-31 14:43:31.902 I/TriggerService( 1676): compare trigger: dim
08-31 14:43:31.902 I/TriggerService( 1676): compare time called!
08-31 14:43:31.902 I/TriggerService( 1676): time ignored
08-31 14:43:31.902 I/TriggerService( 1676): trigger matching time
08-31 14:43:31.902 I/TriggerService( 1676): compare weekday called!
08-31 14:43:31.902 I/TriggerService( 1676): every or no weekday is set
08-31 14:43:31.902 I/TriggerService( 1676): trigger matching weekday
08-31 14:43:31.902 I/TriggerService( 1676): trigger matching headphones
08-31 14:43:31.902 I/TriggerService( 1676): dim does not match battery state
08-31 14:43:31.902 I/TriggerService( 1676): compare trigger: undim
08-31 14:43:31.902 I/TriggerService( 1676): compare time called!
08-31 14:43:31.902 I/TriggerService( 1676): time ignored
08-31 14:43:31.902 I/TriggerService( 1676): trigger matching time
08-31 14:43:31.902 I/TriggerService( 1676): compare weekday called!
08-31 14:43:31.902 I/TriggerService( 1676): every or no weekday is set
08-31 14:43:31.902 I/TriggerService( 1676): trigger matching weekday
08-31 14:43:31.902 I/TriggerService( 1676): trigger matching headphones
08-31 14:43:31.902 I/TriggerService( 1676): trigger matching battery state
08-31 14:43:31.902 I/TriggerService( 1676): trigger matching battery level
08-31 14:43:31.902 I/TriggerService( 1676): trigger matching geofence
08-31 14:43:31.902 I/TriggerService( 1676): adding trigger to triggerPriorityList: undim
08-31 14:43:31.902 I/TriggerService( 1676): highestPriority add: undim
08-31 14:43:31.902 I/TriggerService( 1676): comparePriorities called
08-31 14:43:31.902 I/TriggerBroadcastReceiver( 1676): Broadcast received: android.intent.action.BATTERY_CHANGED
08-31 14:43:31.902 I/TriggerService( 1676): batterylevel changed to 19
08-31 14:43:31.902 I/TriggerService( 1676): compareTriggers called
08-31 14:43:31.902 I/TriggerService( 1676): compare trigger: dim
08-31 14:43:31.902 I/TriggerService( 1676): compare time called!
08-31 14:43:31.902 I/TriggerService( 1676): time ignored
08-31 14:43:31.902 I/TriggerService( 1676): trigger matching time
08-31 14:43:31.912 I/TriggerService( 1676): compare weekday called!
08-31 14:43:31.912 I/TriggerService( 1676): every or no weekday is set
08-31 14:43:31.912 I/TriggerService( 1676): trigger matching weekday
08-31 14:43:31.912 I/TriggerService( 1676): trigger matching headphones
08-31 14:43:31.912 I/TriggerService( 1676): dim does not match battery state
08-31 14:43:31.912 I/TriggerService( 1676): compare trigger: undim
08-31 14:43:31.912 I/TriggerService( 1676): compare time called!
08-31 14:43:31.912 I/TriggerService( 1676): time ignored
08-31 14:43:31.912 I/TriggerService( 1676): trigger matching time
08-31 14:43:31.912 I/TriggerService( 1676): compare weekday called!
08-31 14:43:31.912 I/TriggerService( 1676): every or no weekday is set
08-31 14:43:31.912 I/TriggerService( 1676): trigger matching weekday
08-31 14:43:31.912 I/TriggerService( 1676): trigger matching headphones
08-31 14:43:31.912 I/TriggerService( 1676): trigger matching battery state
08-31 14:43:31.912 I/TriggerService( 1676): trigger matching battery level
08-31 14:43:31.912 I/TriggerService( 1676): trigger matching geofence
08-31 14:43:31.912 I/TriggerService( 1676): adding trigger to triggerPriorityList: undim
08-31 14:43:31.912 I/TriggerService( 1676): highestPriority add: undim
08-31 14:43:31.912 I/TriggerService( 1676): comparePriorities called
08-31 14:43:35.005 D/AutobahnWebService(19158): {"type":"ping","timestamp":1441046546765}
08-31 14:43:35.005 D/AutobahnWebService(19158): Sending PONG for payload: {"type":"ping","timestamp":1441046546765}
08-31 14:43:35.005 D/WebviewSender(19158): {"type":"ping","timestamp":1441046546765}
08-31 14:43:35.005 D/WebviewSender(19158): {"type":"ping","timestamp":1441046546765}
08-31 14:43:35.015 D/WebviewSender(19158): {"type":"ping","timestamp":1441046546765}
08-31 14:43:35.015 I/chromium(19158): [INFO:CONSOLE(807)] "%o, payload: %o", source: http://10.138.18.22:9000/sim/javascripts/2384aa31.common.js (807)
08-31 14:43:35.015 I/chromium(19158): [INFO:CONSOLE(1)] "Uncaught ReferenceError: androidCallback is not defined", source:  (1)
08-31 14:43:35.025 I/chromium(19158): [INFO:CONSOLE(769)] "%o, payload: %o", source: http://10.138.18.22:9000/bill_summary/javascripts/common.js (769)
08-31 14:43:51.912 I/WifiToggleService( 1663): Ping Success
08-31 14:43:51.932 D/dalvikvm( 1663): GC_CONCURRENT freed 395K, 6% free 9101K/9648K, paused 5ms+1ms, total 37ms
08-31 14:44:00.070 I/TriggerBroadcastReceiver( 1676): Broadcast received: android.intent.action.TIME_TICK
08-31 14:44:00.070 I/TriggerService( 1676): current time updated: 14:44
08-31 14:44:00.070 I/TriggerService( 1676): compareTriggers called
08-31 14:44:00.070 I/TriggerService( 1676): compare trigger: dim
08-31 14:44:00.070 I/TriggerService( 1676): compare time called!
08-31 14:44:00.070 I/TriggerService( 1676): time ignored
08-31 14:44:00.070 I/TriggerService( 1676): trigger matching time
08-31 14:44:00.070 I/TriggerService( 1676): compare weekday called!
08-31 14:44:00.070 I/TriggerService( 1676): every or no weekday is set
08-31 14:44:00.070 I/TriggerService( 1676): trigger matching weekday
08-31 14:44:00.070 I/TriggerService( 1676): trigger matching headphones
08-31 14:44:00.070 I/TriggerService( 1676): dim does not match battery state
08-31 14:44:00.070 I/TriggerService( 1676): compare trigger: undim
08-31 14:44:00.070 I/TriggerService( 1676): compare time called!
08-31 14:44:00.070 I/TriggerService( 1676): time ignored
08-31 14:44:00.070 I/TriggerService( 1676): trigger matching time
08-31 14:44:00.070 I/TriggerService( 1676): compare weekday called!
08-31 14:44:00.070 I/TriggerService( 1676): every or no weekday is set
08-31 14:44:00.070 I/TriggerService( 1676): trigger matching weekday
08-31 14:44:00.070 I/TriggerService( 1676): trigger matching headphones
08-31 14:44:00.070 I/TriggerService( 1676): trigger matching battery state
08-31 14:44:00.070 I/TriggerService( 1676): trigger matching battery level
08-31 14:44:00.070 I/TriggerService( 1676): trigger matching geofence
08-31 14:44:00.070 I/TriggerService( 1676): adding trigger to triggerPriorityList: undim
08-31 14:44:00.070 I/TriggerService( 1676): highestPriority add: undim
08-31 14:44:00.070 I/TriggerService( 1676): comparePriorities called
08-31 14:44:00.070 I/TriggerBroadcastReceiver( 1676): TimeTick: 14:44
08-31 14:44:00.070 I/TriggerBroadcastReceiver( 1676): Broadcast received: android.intent.action.TIME_TICK
08-31 14:44:00.070 I/TriggerService( 1676): current time updated: 14:44
08-31 14:44:00.070 I/TriggerService( 1676): compareTriggers called
08-31 14:44:00.070 I/TriggerService( 1676): compare trigger: dim
08-31 14:44:00.070 I/TriggerService( 1676): compare time called!
08-31 14:44:00.070 I/TriggerService( 1676): time ignored
08-31 14:44:00.070 I/TriggerService( 1676): trigger matching time
08-31 14:44:00.070 I/TriggerService( 1676): compare weekday called!
08-31 14:44:00.070 I/TriggerService( 1676): every or no weekday is set
08-31 14:44:00.070 I/TriggerService( 1676): trigger matching weekday
08-31 14:44:00.070 I/TriggerService( 1676): trigger matching headphones
08-31 14:44:00.070 I/TriggerService( 1676): dim does not match battery state
08-31 14:44:00.070 I/TriggerService( 1676): compare trigger: undim
08-31 14:44:00.070 I/TriggerService( 1676): compare time called!
08-31 14:44:00.070 I/TriggerService( 1676): time ignored
08-31 14:44:00.070 I/TriggerService( 1676): trigger matching time
08-31 14:44:00.070 I/TriggerService( 1676): compare weekday called!
08-31 14:44:00.070 I/TriggerService( 1676): every or no weekday is set
08-31 14:44:00.070 I/TriggerService( 1676): trigger matching weekday
08-31 14:44:00.070 I/TriggerService( 1676): trigger matching headphones
08-31 14:44:00.070 I/TriggerService( 1676): trigger matching battery state
08-31 14:44:00.070 I/TriggerService( 1676): trigger matching battery level
08-31 14:44:00.070 I/TriggerService( 1676): trigger matching geofence
08-31 14:44:00.070 I/TriggerService( 1676): adding trigger to triggerPriorityList: undim
08-31 14:44:00.070 I/TriggerService( 1676): highestPriority add: undim
08-31 14:44:00.070 I/TriggerService( 1676): comparePriorities called
08-31 14:44:00.070 I/TriggerBroadcastReceiver( 1676): TimeTick: 14:44
08-31 14:44:21.961 I/WifiToggleService( 1663): Ping Success
08-31 14:44:32.121 I/TriggerBroadcastReceiver( 1676): Broadcast received: android.intent.action.BATTERY_CHANGED
08-31 14:44:32.121 I/TriggerService( 1676): batterylevel changed to 19
08-31 14:44:32.121 I/TriggerService( 1676): compareTriggers called
08-31 14:44:32.121 I/TriggerService( 1676): compare trigger: dim
08-31 14:44:32.121 I/TriggerService( 1676): compare time called!
08-31 14:44:32.121 I/TriggerService( 1676): time ignored
08-31 14:44:32.121 I/TriggerService( 1676): trigger matching time
08-31 14:44:32.121 I/TriggerService( 1676): compare weekday called!
08-31 14:44:32.121 I/TriggerService( 1676): every or no weekday is set
08-31 14:44:32.121 I/TriggerService( 1676): trigger matching weekday
08-31 14:44:32.121 I/TriggerService( 1676): trigger matching headphones
08-31 14:44:32.121 I/TriggerService( 1676): dim does not match battery state
08-31 14:44:32.121 I/TriggerService( 1676): compare trigger: undim
08-31 14:44:32.121 I/TriggerService( 1676): compare time called!
08-31 14:44:32.121 I/TriggerService( 1676): time ignored
08-31 14:44:32.121 I/TriggerService( 1676): trigger matching time
08-31 14:44:32.121 I/TriggerService( 1676): compare weekday called!
08-31 14:44:32.121 I/TriggerService( 1676): every or no weekday is set
08-31 14:44:32.121 I/TriggerService( 1676): trigger matching weekday
08-31 14:44:32.121 I/TriggerService( 1676): trigger matching headphones
08-31 14:44:32.121 I/TriggerService( 1676): trigger matching battery state
08-31 14:44:32.121 I/TriggerService( 1676): trigger matching battery level
08-31 14:44:32.121 I/TriggerService( 1676): trigger matching geofence
08-31 14:44:32.121 I/TriggerService( 1676): adding trigger to triggerPriorityList: undim
08-31 14:44:32.121 I/TriggerService( 1676): highestPriority add: undim
08-31 14:44:32.121 I/TriggerService( 1676): comparePriorities called
08-31 14:44:32.121 I/TriggerBroadcastReceiver( 1676): Broadcast received: android.intent.action.BATTERY_CHANGED
08-31 14:44:32.121 I/TriggerService( 1676): batterylevel changed to 19
08-31 14:44:32.121 I/TriggerService( 1676): compareTriggers called
08-31 14:44:32.121 I/TriggerService( 1676): compare trigger: dim
08-31 14:44:32.121 I/TriggerService( 1676): compare time called!
08-31 14:44:32.121 I/TriggerService( 1676): time ignored
08-31 14:44:32.121 I/TriggerService( 1676): trigger matching time
08-31 14:44:32.121 I/TriggerService( 1676): compare weekday called!
08-31 14:44:32.121 I/TriggerService( 1676): every or no weekday is set
08-31 14:44:32.121 I/TriggerService( 1676): trigger matching weekday
08-31 14:44:32.121 I/TriggerService( 1676): trigger matching headphones
08-31 14:44:32.121 I/TriggerService( 1676): dim does not match battery state
08-31 14:44:32.121 I/TriggerService( 1676): compare trigger: undim
08-31 14:44:32.121 I/TriggerService( 1676): compare time called!
08-31 14:44:32.121 I/TriggerService( 1676): time ignored
08-31 14:44:32.121 I/TriggerService( 1676): trigger matching time
08-31 14:44:32.121 I/TriggerService( 1676): compare weekday called!
08-31 14:44:32.121 I/TriggerService( 1676): every or no weekday is set
08-31 14:44:32.121 I/TriggerService( 1676): trigger matching weekday
08-31 14:44:32.121 I/TriggerService( 1676): trigger matching headphones
08-31 14:44:32.121 I/TriggerService( 1676): trigger matching battery state
08-31 14:44:32.121 I/TriggerService( 1676): trigger matching battery level
08-31 14:44:32.121 I/TriggerService( 1676): trigger matching geofence
08-31 14:44:32.121 I/TriggerService( 1676): adding trigger to triggerPriorityList: undim
08-31 14:44:32.121 I/TriggerService( 1676): highestPriority add: undim
08-31 14:44:32.121 I/TriggerService( 1676): comparePriorities called
08-31 14:44:52.010 I/WifiToggleService( 1663): Ping Success
08-31 14:45:00.048 I/TriggerBroadcastReceiver( 1676): Broadcast received: android.intent.action.TIME_TICK
08-31 14:45:00.048 I/TriggerService( 1676): current time updated: 14:45
08-31 14:45:00.048 I/TriggerService( 1676): compareTriggers called
08-31 14:45:00.048 I/TriggerService( 1676): compare trigger: dim
08-31 14:45:00.048 I/TriggerService( 1676): compare time called!
08-31 14:45:00.048 I/TriggerService( 1676): time ignored
08-31 14:45:00.048 I/TriggerService( 1676): trigger matching time
08-31 14:45:00.048 I/TriggerService( 1676): compare weekday called!
08-31 14:45:00.048 I/TriggerService( 1676): every or no weekday is set
08-31 14:45:00.048 I/TriggerService( 1676): trigger matching weekday
08-31 14:45:00.048 I/TriggerService( 1676): trigger matching headphones
08-31 14:45:00.048 I/TriggerService( 1676): dim does not match battery state
08-31 14:45:00.048 I/TriggerService( 1676): compare trigger: undim
08-31 14:45:00.048 I/TriggerService( 1676): compare time called!
08-31 14:45:00.048 I/TriggerService( 1676): time ignored
08-31 14:45:00.048 I/TriggerService( 1676): trigger matching time
08-31 14:45:00.048 I/TriggerService( 1676): compare weekday called!
08-31 14:45:00.048 I/TriggerService( 1676): every or no weekday is set
08-31 14:45:00.048 I/TriggerService( 1676): trigger matching weekday
08-31 14:45:00.048 I/TriggerService( 1676): trigger matching headphones
08-31 14:45:00.048 I/TriggerService( 1676): trigger matching battery state
08-31 14:45:00.048 I/TriggerService( 1676): trigger matching battery level
08-31 14:45:00.048 I/TriggerService( 1676): trigger matching geofence
08-31 14:45:00.048 I/TriggerService( 1676): adding trigger to triggerPriorityList: undim
08-31 14:45:00.048 I/TriggerService( 1676): highestPriority add: undim
08-31 14:45:00.048 I/TriggerService( 1676): comparePriorities called
08-31 14:45:00.048 I/TriggerBroadcastReceiver( 1676): TimeTick: 14:45
08-31 14:45:00.058 I/TriggerBroadcastReceiver( 1676): Broadcast received: android.intent.action.TIME_TICK
08-31 14:45:00.058 I/TriggerService( 1676): current time updated: 14:45
08-31 14:45:00.058 I/TriggerService( 1676): compareTriggers called
08-31 14:45:00.058 I/TriggerService( 1676): compare trigger: dim
08-31 14:45:00.058 I/TriggerService( 1676): compare time called!
08-31 14:45:00.058 I/TriggerService( 1676): time ignored
08-31 14:45:00.058 I/TriggerService( 1676): trigger matching time
08-31 14:45:00.058 I/TriggerService( 1676): compare weekday called!
08-31 14:45:00.058 I/TriggerService( 1676): every or no weekday is set
08-31 14:45:00.058 I/TriggerService( 1676): trigger matching weekday
08-31 14:45:00.058 I/TriggerService( 1676): trigger matching headphones
08-31 14:45:00.058 I/TriggerService( 1676): dim does not match battery state
08-31 14:45:00.058 I/TriggerService( 1676): compare trigger: undim
08-31 14:45:00.058 I/TriggerService( 1676): compare time called!
08-31 14:45:00.058 I/TriggerService( 1676): time ignored
08-31 14:45:00.058 I/TriggerService( 1676): trigger matching time
08-31 14:45:00.058 I/TriggerService( 1676): compare weekday called!
08-31 14:45:00.058 I/TriggerService( 1676): every or no weekday is set
08-31 14:45:00.058 I/TriggerService( 1676): trigger matching weekday
08-31 14:45:00.058 I/TriggerService( 1676): trigger matching headphones
08-31 14:45:00.058 I/TriggerService( 1676): trigger matching battery state
08-31 14:45:00.058 I/TriggerService( 1676): trigger matching battery level
08-31 14:45:00.058 I/TriggerService( 1676): trigger matching geofence
08-31 14:45:00.058 I/TriggerService( 1676): adding trigger to triggerPriorityList: undim
08-31 14:45:00.058 I/TriggerService( 1676): highestPriority add: undim
08-31 14:45:00.058 I/TriggerService( 1676): comparePriorities called
08-31 14:45:00.058 I/TriggerBroadcastReceiver( 1676): TimeTick: 14:45
08-31 14:45:22.100 D/dalvikvm( 1663): GC_CONCURRENT freed 503K, 6% free 9109K/9648K, paused 7ms+1ms, total 65ms
08-31 14:45:22.100 D/dalvikvm( 1663): WAIT_FOR_CONCURRENT_GC blocked 6ms
08-31 14:45:22.100 I/WifiToggleService( 1663): Ping Success
08-31 14:45:32.219 I/TriggerBroadcastReceiver( 1676): Broadcast received: android.intent.action.BATTERY_CHANGED
08-31 14:45:32.219 I/TriggerService( 1676): batterylevel changed to 19
08-31 14:45:32.219 I/TriggerService( 1676): compareTriggers called
08-31 14:45:32.219 I/TriggerService( 1676): compare trigger: dim
08-31 14:45:32.219 I/TriggerService( 1676): compare time called!
08-31 14:45:32.219 I/TriggerService( 1676): time ignored
08-31 14:45:32.219 I/TriggerService( 1676): trigger matching time
08-31 14:45:32.219 I/TriggerService( 1676): compare weekday called!
08-31 14:45:32.219 I/TriggerService( 1676): every or no weekday is set
08-31 14:45:32.219 I/TriggerService( 1676): trigger matching weekday
08-31 14:45:32.219 I/TriggerService( 1676): trigger matching headphones
08-31 14:45:32.219 I/TriggerService( 1676): dim does not match battery state
08-31 14:45:32.219 I/TriggerService( 1676): compare trigger: undim
08-31 14:45:32.219 I/TriggerService( 1676): compare time called!
08-31 14:45:32.219 I/TriggerService( 1676): time ignored
08-31 14:45:32.219 I/TriggerService( 1676): trigger matching time
08-31 14:45:32.219 I/TriggerService( 1676): compare weekday called!
08-31 14:45:32.219 I/TriggerService( 1676): every or no weekday is set
08-31 14:45:32.219 I/TriggerService( 1676): trigger matching weekday
08-31 14:45:32.219 I/TriggerService( 1676): trigger matching headphones
08-31 14:45:32.219 I/TriggerService( 1676): trigger matching battery state
08-31 14:45:32.219 I/TriggerService( 1676): trigger matching battery level
08-31 14:45:32.219 I/TriggerService( 1676): trigger matching geofence
08-31 14:45:32.219 I/TriggerService( 1676): adding trigger to triggerPriorityList: undim
08-31 14:45:32.219 I/TriggerService( 1676): highestPriority add: undim
08-31 14:45:32.219 I/TriggerService( 1676): comparePriorities called
08-31 14:45:32.219 I/TriggerBroadcastReceiver( 1676): Broadcast received: android.intent.action.BATTERY_CHANGED
08-31 14:45:32.230 I/TriggerService( 1676): batterylevel changed to 19
08-31 14:45:32.230 I/TriggerService( 1676): compareTriggers called
08-31 14:45:32.230 I/TriggerService( 1676): compare trigger: dim
08-31 14:45:32.230 I/TriggerService( 1676): compare time called!
08-31 14:45:32.230 I/TriggerService( 1676): time ignored
08-31 14:45:32.230 I/TriggerService( 1676): trigger matching time
08-31 14:45:32.230 I/TriggerService( 1676): compare weekday called!
08-31 14:45:32.230 I/TriggerService( 1676): every or no weekday is set
08-31 14:45:32.230 I/TriggerService( 1676): trigger matching weekday
08-31 14:45:32.230 I/TriggerService( 1676): trigger matching headphones
08-31 14:45:32.230 I/TriggerService( 1676): dim does not match battery state
08-31 14:45:32.230 I/TriggerService( 1676): compare trigger: undim
08-31 14:45:32.230 I/TriggerService( 1676): compare time called!
08-31 14:45:32.230 I/TriggerService( 1676): time ignored
08-31 14:45:32.230 I/TriggerService( 1676): trigger matching time
08-31 14:45:32.230 I/TriggerService( 1676): compare weekday called!
08-31 14:45:32.230 I/TriggerService( 1676): every or no weekday is set
08-31 14:45:32.230 I/TriggerService( 1676): trigger matching weekday
08-31 14:45:32.230 I/TriggerService( 1676): trigger matching headphones
08-31 14:45:32.230 I/TriggerService( 1676): trigger matching battery state
08-31 14:45:32.230 I/TriggerService( 1676): trigger matching battery level
08-31 14:45:32.230 I/TriggerService( 1676): trigger matching geofence
08-31 14:45:32.230 I/TriggerService( 1676): adding trigger to triggerPriorityList: undim
08-31 14:45:32.230 I/TriggerService( 1676): highestPriority add: undim
08-31 14:45:32.230 I/TriggerService( 1676): comparePriorities called
08-31 14:45:52.149 I/WifiToggleService( 1663): Ping Success
08-31 14:46:00.077 I/TriggerBroadcastReceiver( 1676): Broadcast received: android.intent.action.TIME_TICK
08-31 14:46:00.077 I/TriggerService( 1676): current time updated: 14:46
08-31 14:46:00.077 I/TriggerService( 1676): compareTriggers called
08-31 14:46:00.077 I/TriggerService( 1676): compare trigger: dim
08-31 14:46:00.077 I/TriggerService( 1676): compare time called!
08-31 14:46:00.077 I/TriggerService( 1676): time ignored
08-31 14:46:00.077 I/TriggerService( 1676): trigger matching time
08-31 14:46:00.077 I/TriggerService( 1676): compare weekday called!
08-31 14:46:00.077 I/TriggerService( 1676): every or no weekday is set
08-31 14:46:00.077 I/TriggerService( 1676): trigger matching weekday
08-31 14:46:00.077 I/TriggerService( 1676): trigger matching headphones
08-31 14:46:00.077 I/TriggerService( 1676): dim does not match battery state
08-31 14:46:00.077 I/TriggerService( 1676): compare trigger: undim
08-31 14:46:00.077 I/TriggerService( 1676): compare time called!
08-31 14:46:00.077 I/TriggerService( 1676): time ignored
08-31 14:46:00.077 I/TriggerService( 1676): trigger matching time
08-31 14:46:00.077 I/TriggerService( 1676): compare weekday called!
08-31 14:46:00.077 I/TriggerService( 1676): every or no weekday is set
08-31 14:46:00.077 I/TriggerService( 1676): trigger matching weekday
08-31 14:46:00.077 I/TriggerService( 1676): trigger matching headphones
08-31 14:46:00.077 I/TriggerService( 1676): trigger matching battery state
08-31 14:46:00.077 I/TriggerService( 1676): trigger matching battery level
08-31 14:46:00.077 I/TriggerService( 1676): trigger matching geofence
08-31 14:46:00.077 I/TriggerService( 1676): adding trigger to triggerPriorityList: undim
08-31 14:46:00.077 I/TriggerService( 1676): highestPriority add: undim
08-31 14:46:00.077 I/TriggerService( 1676): comparePriorities called
08-31 14:46:00.077 I/TriggerBroadcastReceiver( 1676): TimeTick: 14:46
08-31 14:46:00.077 I/TriggerBroadcastReceiver( 1676): Broadcast received: android.intent.action.TIME_TICK
08-31 14:46:00.077 I/TriggerService( 1676): current time updated: 14:46
08-31 14:46:00.077 I/TriggerService( 1676): compareTriggers called
08-31 14:46:00.077 I/TriggerService( 1676): compare trigger: dim
08-31 14:46:00.077 I/TriggerService( 1676): compare time called!
08-31 14:46:00.077 I/TriggerService( 1676): time ignored
08-31 14:46:00.077 I/TriggerService( 1676): trigger matching time
08-31 14:46:00.077 I/TriggerService( 1676): compare weekday called!
08-31 14:46:00.077 I/TriggerService( 1676): every or no weekday is set
08-31 14:46:00.077 I/TriggerService( 1676): trigger matching weekday
08-31 14:46:00.077 I/TriggerService( 1676): trigger matching headphones
08-31 14:46:00.077 I/TriggerService( 1676): dim does not match battery state
08-31 14:46:00.077 I/TriggerService( 1676): compare trigger: undim
08-31 14:46:00.077 I/TriggerService( 1676): compare time called!
08-31 14:46:00.077 I/TriggerService( 1676): time ignored
08-31 14:46:00.077 I/TriggerService( 1676): trigger matching time
08-31 14:46:00.077 I/TriggerService( 1676): compare weekday called!
08-31 14:46:00.077 I/TriggerService( 1676): every or no weekday is set
08-31 14:46:00.077 I/TriggerService( 1676): trigger matching weekday
08-31 14:46:00.077 I/TriggerService( 1676): trigger matching headphones
08-31 14:46:00.077 I/TriggerService( 1676): trigger matching battery state
08-31 14:46:00.077 I/TriggerService( 1676): trigger matching battery level
08-31 14:46:00.077 I/TriggerService( 1676): trigger matching geofence
08-31 14:46:00.077 I/TriggerService( 1676): adding trigger to triggerPriorityList: undim
08-31 14:46:00.077 I/TriggerService( 1676): highestPriority add: undim
08-31 14:46:00.077 I/TriggerService( 1676): comparePriorities called
08-31 14:46:00.077 I/TriggerBroadcastReceiver( 1676): TimeTick: 14:46
08-31 14:46:22.218 I/WifiToggleService( 1663): Ping Success
08-31 14:46:22.258 D/dalvikvm( 1663): GC_CONCURRENT freed 395K, 6% free 9101K/9648K, paused 5ms+4ms, total 52ms
08-31 14:46:32.358 I/TriggerBroadcastReceiver( 1676): Broadcast received: android.intent.action.BATTERY_CHANGED
08-31 14:46:32.358 I/TriggerService( 1676): batterylevel changed to 18
08-31 14:46:32.358 I/TriggerService( 1676): compareTriggers called
08-31 14:46:32.358 I/TriggerService( 1676): compare trigger: dim
08-31 14:46:32.358 I/TriggerService( 1676): compare time called!
08-31 14:46:32.358 I/TriggerService( 1676): time ignored
08-31 14:46:32.358 I/TriggerService( 1676): trigger matching time
08-31 14:46:32.358 I/TriggerService( 1676): compare weekday called!
08-31 14:46:32.358 I/TriggerService( 1676): every or no weekday is set
08-31 14:46:32.358 I/TriggerService( 1676): trigger matching weekday
08-31 14:46:32.358 I/TriggerService( 1676): trigger matching headphones
08-31 14:46:32.358 I/TriggerService( 1676): dim does not match battery state
08-31 14:46:32.358 I/TriggerService( 1676): compare trigger: undim
08-31 14:46:32.358 I/TriggerService( 1676): compare time called!
08-31 14:46:32.358 I/TriggerService( 1676): time ignored
08-31 14:46:32.358 I/TriggerService( 1676): trigger matching time
08-31 14:46:32.358 I/TriggerService( 1676): compare weekday called!
08-31 14:46:32.358 I/TriggerService( 1676): every or no weekday is set
08-31 14:46:32.358 I/TriggerService( 1676): trigger matching weekday
08-31 14:46:32.358 I/TriggerService( 1676): trigger matching headphones
08-31 14:46:32.358 I/TriggerService( 1676): trigger matching battery state
08-31 14:46:32.358 I/TriggerService( 1676): trigger matching battery level
08-31 14:46:32.358 I/TriggerService( 1676): trigger matching geofence
08-31 14:46:32.358 I/TriggerService( 1676): adding trigger to triggerPriorityList: undim
08-31 14:46:32.358 I/TriggerService( 1676): highestPriority add: undim
08-31 14:46:32.358 I/TriggerService( 1676): comparePriorities called
08-31 14:46:32.358 I/TriggerBroadcastReceiver( 1676): Broadcast received: android.intent.action.BATTERY_CHANGED
08-31 14:46:32.358 I/TriggerService( 1676): batterylevel changed to 18
08-31 14:46:32.358 I/TriggerService( 1676): compareTriggers called
08-31 14:46:32.358 I/TriggerService( 1676): compare trigger: dim
08-31 14:46:32.358 I/TriggerService( 1676): compare time called!
08-31 14:46:32.358 I/TriggerService( 1676): time ignored
08-31 14:46:32.358 I/TriggerService( 1676): trigger matching time
08-31 14:46:32.358 I/TriggerService( 1676): compare weekday called!
08-31 14:46:32.358 I/TriggerService( 1676): every or no weekday is set
08-31 14:46:32.358 I/TriggerService( 1676): trigger matching weekday
08-31 14:46:32.358 I/TriggerService( 1676): trigger matching headphones
08-31 14:46:32.358 I/TriggerService( 1676): dim does not match battery state
08-31 14:46:32.358 I/TriggerService( 1676): compare trigger: undim
08-31 14:46:32.358 I/TriggerService( 1676): compare time called!
08-31 14:46:32.358 I/TriggerService( 1676): time ignored
08-31 14:46:32.358 I/TriggerService( 1676): trigger matching time
08-31 14:46:32.358 I/TriggerService( 1676): compare weekday called!
08-31 14:46:32.358 I/TriggerService( 1676): every or no weekday is set
08-31 14:46:32.358 I/TriggerService( 1676): trigger matching weekday
08-31 14:46:32.358 I/TriggerService( 1676): trigger matching headphones
08-31 14:46:32.358 I/TriggerService( 1676): trigger matching battery state
08-31 14:46:32.358 I/TriggerService( 1676): trigger matching battery level
08-31 14:46:32.358 I/TriggerService( 1676): trigger matching geofence
08-31 14:46:32.358 I/TriggerService( 1676): adding trigger to triggerPriorityList: undim
08-31 14:46:32.358 I/TriggerService( 1676): highestPriority add: undim
08-31 14:46:32.358 I/TriggerService( 1676): comparePriorities called
08-31 14:46:52.268 I/WifiToggleService( 1663): Ping Success
08-31 14:47:00.065 I/TriggerBroadcastReceiver( 1676): Broadcast received: android.intent.action.TIME_TICK
08-31 14:47:00.065 I/TriggerService( 1676): current time updated: 14:47
08-31 14:47:00.065 I/TriggerService( 1676): compareTriggers called
08-31 14:47:00.065 I/TriggerService( 1676): compare trigger: dim
08-31 14:47:00.065 I/TriggerService( 1676): compare time called!
08-31 14:47:00.065 I/TriggerService( 1676): time ignored
08-31 14:47:00.065 I/TriggerService( 1676): trigger matching time
08-31 14:47:00.065 I/TriggerService( 1676): compare weekday called!
08-31 14:47:00.065 I/TriggerService( 1676): every or no weekday is set
08-31 14:47:00.065 I/TriggerService( 1676): trigger matching weekday
08-31 14:47:00.065 I/TriggerService( 1676): trigger matching headphones
08-31 14:47:00.065 I/TriggerService( 1676): dim does not match battery state
08-31 14:47:00.065 I/TriggerService( 1676): compare trigger: undim
08-31 14:47:00.065 I/TriggerService( 1676): compare time called!
08-31 14:47:00.065 I/TriggerService( 1676): time ignored
08-31 14:47:00.065 I/TriggerService( 1676): trigger matching time
08-31 14:47:00.065 I/TriggerService( 1676): compare weekday called!
08-31 14:47:00.065 I/TriggerService( 1676): every or no weekday is set
08-31 14:47:00.065 I/TriggerService( 1676): trigger matching weekday
08-31 14:47:00.065 I/TriggerService( 1676): trigger matching headphones
08-31 14:47:00.065 I/TriggerService( 1676): trigger matching battery state
08-31 14:47:00.065 I/TriggerService( 1676): trigger matching battery level
08-31 14:47:00.065 I/TriggerService( 1676): trigger matching geofence
08-31 14:47:00.065 I/TriggerService( 1676): adding trigger to triggerPriorityList: undim
08-31 14:47:00.065 I/TriggerService( 1676): highestPriority add: undim
08-31 14:47:00.065 I/TriggerService( 1676): comparePriorities called
08-31 14:47:00.065 I/TriggerBroadcastReceiver( 1676): TimeTick: 14:47
08-31 14:47:00.065 I/TriggerBroadcastReceiver( 1676): Broadcast received: android.intent.action.TIME_TICK
08-31 14:47:00.065 I/TriggerService( 1676): current time updated: 14:47
08-31 14:47:00.065 I/TriggerService( 1676): compareTriggers called
08-31 14:47:00.065 I/TriggerService( 1676): compare trigger: dim
08-31 14:47:00.065 I/TriggerService( 1676): compare time called!
08-31 14:47:00.065 I/TriggerService( 1676): time ignored
08-31 14:47:00.065 I/TriggerService( 1676): trigger matching time
08-31 14:47:00.065 I/TriggerService( 1676): compare weekday called!
08-31 14:47:00.065 I/TriggerService( 1676): every or no weekday is set
08-31 14:47:00.065 I/TriggerService( 1676): trigger matching weekday
08-31 14:47:00.065 I/TriggerService( 1676): trigger matching headphones
08-31 14:47:00.065 I/TriggerService( 1676): dim does not match battery state
08-31 14:47:00.065 I/TriggerService( 1676): compare trigger: undim
08-31 14:47:00.065 I/TriggerService( 1676): compare time called!
08-31 14:47:00.065 I/TriggerService( 1676): time ignored
08-31 14:47:00.065 I/TriggerService( 1676): trigger matching time
08-31 14:47:00.065 I/TriggerService( 1676): compare weekday called!
08-31 14:47:00.065 I/TriggerService( 1676): every or no weekday is set
08-31 14:47:00.065 I/TriggerService( 1676): trigger matching weekday
08-31 14:47:00.065 I/TriggerService( 1676): trigger matching headphones
08-31 14:47:00.065 I/TriggerService( 1676): trigger matching battery state
08-31 14:47:00.065 I/TriggerService( 1676): trigger matching battery level
08-31 14:47:00.065 I/TriggerService( 1676): trigger matching geofence
08-31 14:47:00.065 I/TriggerService( 1676): adding trigger to triggerPriorityList: undim
08-31 14:47:00.065 I/TriggerService( 1676): highestPriority add: undim
08-31 14:47:00.065 I/TriggerService( 1676): comparePriorities called
08-31 14:47:00.065 I/TriggerBroadcastReceiver( 1676): TimeTick: 14:47
08-31 14:47:21.156 D/ConnectivityService(  573): Sampling interval elapsed, updating statistics ..
08-31 14:47:21.206 W/Uploader(  975): No account for auth token provided
08-31 14:47:21.206 D/ConnectivityService(  573): Done.
08-31 14:47:21.206 D/ConnectivityService(  573): Setting timer for 720seconds
08-31 14:47:22.317 I/WifiToggleService( 1663): Ping Success
08-31 14:47:32.507 I/TriggerBroadcastReceiver( 1676): Broadcast received: android.intent.action.BATTERY_CHANGED
08-31 14:47:32.507 I/TriggerService( 1676): batterylevel changed to 18
08-31 14:47:32.507 I/TriggerService( 1676): compareTriggers called
08-31 14:47:32.507 I/TriggerService( 1676): compare trigger: dim
08-31 14:47:32.507 I/TriggerService( 1676): compare time called!
08-31 14:47:32.507 I/TriggerService( 1676): time ignored
08-31 14:47:32.507 I/TriggerService( 1676): trigger matching time
08-31 14:47:32.507 I/TriggerService( 1676): compare weekday called!
08-31 14:47:32.507 I/TriggerService( 1676): every or no weekday is set
08-31 14:47:32.507 I/TriggerService( 1676): trigger matching weekday
08-31 14:47:32.507 I/TriggerService( 1676): trigger matching headphones
08-31 14:47:32.507 I/TriggerService( 1676): dim does not match battery state
08-31 14:47:32.507 I/TriggerService( 1676): compare trigger: undim
08-31 14:47:32.507 I/TriggerService( 1676): compare time called!
08-31 14:47:32.507 I/TriggerService( 1676): time ignored
08-31 14:47:32.507 I/TriggerService( 1676): trigger matching time
08-31 14:47:32.507 I/TriggerService( 1676): compare weekday called!
08-31 14:47:32.507 I/TriggerService( 1676): every or no weekday is set
08-31 14:47:32.507 I/TriggerService( 1676): trigger matching weekday
08-31 14:47:32.507 I/TriggerService( 1676): trigger matching headphones
08-31 14:47:32.507 I/TriggerService( 1676): trigger matching battery state
08-31 14:47:32.507 I/TriggerService( 1676): trigger matching battery level
08-31 14:47:32.507 I/TriggerService( 1676): trigger matching geofence
08-31 14:47:32.507 I/TriggerService( 1676): adding trigger to triggerPriorityList: undim
08-31 14:47:32.507 I/TriggerService( 1676): highestPriority add: undim
08-31 14:47:32.507 I/TriggerService( 1676): comparePriorities called
08-31 14:47:32.507 I/TriggerBroadcastReceiver( 1676): Broadcast received: android.intent.action.BATTERY_CHANGED
