08-31 09:19:41.566 I/ActivityManager(  573): Waited long enough for: ServiceRecord{4225a7d0 u0 com.google.android.gms/.playlog.uploader.UploaderIntentService}
08-31 09:22:00.071 I/ProcessStatsService(  573): Prepared write state in 5ms
08-31 09:25:01.628 I/ActivityManager(  573): Waited long enough for: ServiceRecord{426ea5a0 u0 com.google.android.gms/.playlog.uploader.UploaderIntentService}
08-31 09:30:01.000 D/ConnectivityService(  573): Sampling interval elapsed, updating statistics ..
08-31 09:30:01.040 D/ConnectivityService(  573): Done.
08-31 09:30:01.040 D/ConnectivityService(  573): Setting timer for 720seconds
08-31 09:30:21.730 I/ActivityManager(  573): Waited long enough for: ServiceRecord{426ed888 u0 com.google.android.gms/.playlog.uploader.UploaderIntentService}
08-31 09:35:41.803 I/ActivityManager(  573): Waited long enough for: ServiceRecord{42575a60 u0 com.google.android.gms/.playlog.uploader.UploaderIntentService}
08-31 09:41:01.875 I/ActivityManager(  573): Waited long enough for: ServiceRecord{4252dd40 u0 com.google.android.gms/.playlog.uploader.UploaderIntentService}
08-31 09:45:00.998 D/ConnectivityService(  573): Sampling interval elapsed, updating statistics ..
08-31 09:45:01.058 D/ConnectivityService(  573): Done.
08-31 09:45:01.058 D/ConnectivityService(  573): Setting timer for 720seconds
08-31 09:46:21.967 I/ActivityManager(  573): Waited long enough for: ServiceRecord{42708688 u0 com.google.android.gms/.playlog.uploader.UploaderIntentService}
08-31 09:51:42.029 I/ActivityManager(  573): Waited long enough for: ServiceRecord{426d21d8 u0 com.google.android.gms/.playlog.uploader.UploaderIntentService}
08-31 09:53:00.005 I/ProcessStatsService(  573): Prepared write state in 5ms
08-31 09:53:00.025 I/ProcessStatsService(  573): Prepared write state in 15ms
08-31 10:00:00.996 D/ConnectivityService(  573): Sampling interval elapsed, updating statistics ..
08-31 10:00:01.036 D/ConnectivityService(  573): Done.
08-31 10:00:01.036 D/ConnectivityService(  573): Setting timer for 720seconds
08-31 10:00:16.061 I/ActivityManager(  573): Waited long enough for: ServiceRecord{42318638 u0 com.google.android.gms/.playlog.uploader.UploaderIntentService}
08-31 10:05:36.113 I/ActivityManager(  573): Waited long enough for: ServiceRecord{42549490 u0 com.google.android.gms/.playlog.uploader.UploaderIntentService}
08-31 10:10:56.165 I/ActivityManager(  573): Waited long enough for: ServiceRecord{42525f90 u0 com.google.android.gms/.playlog.uploader.UploaderIntentService}
08-31 10:16:01.203 D/ConnectivityService(  573): Sampling interval elapsed, updating statistics ..
08-31 10:16:01.253 D/ConnectivityService(  573): Done.
08-31 10:16:01.253 D/ConnectivityService(  573): Setting timer for 720seconds
08-31 10:16:16.428 I/ActivityManager(  573): Waited long enough for: ServiceRecord{426c2390 u0 com.google.android.gms/.playlog.uploader.UploaderIntentService}
08-31 10:21:36.480 I/ActivityManager(  573): Waited long enough for: ServiceRecord{426c0420 u0 com.google.android.gms/.playlog.uploader.UploaderIntentService}
08-31 10:23:00.062 I/ProcessStatsService(  573): Prepared write state in 1ms
08-31 10:30:01.002 D/ConnectivityService(  573): Sampling interval elapsed, updating statistics ..
08-31 10:30:01.042 D/ConnectivityService(  573): Done.
08-31 10:30:01.042 D/ConnectivityService(  573): Setting timer for 720seconds
08-31 10:30:16.047 I/ActivityManager(  573): Waited long enough for: ServiceRecord{4235ba88 u0 com.google.android.gms/.playlog.uploader.UploaderIntentService}
08-31 10:35:36.109 I/ActivityManager(  573): Waited long enough for: ServiceRecord{426c84b8 u0 com.google.android.gms/.playlog.uploader.UploaderIntentService}
08-31 10:40:56.171 I/ActivityManager(  573): Waited long enough for: ServiceRecord{427194d8 u0 com.google.android.gms/.playlog.uploader.UploaderIntentService}
08-31 10:46:01.459 D/ConnectivityService(  573): Sampling interval elapsed, updating statistics ..
08-31 10:46:01.459 D/ConnectivityService(  573): Done.
08-31 10:46:01.459 D/ConnectivityService(  573): Setting timer for 720seconds
08-31 10:46:16.524 I/ActivityManager(  573): Waited long enough for: ServiceRecord{42325f08 u0 com.google.android.gms/.playlog.uploader.UploaderIntentService}
08-31 10:51:36.596 I/ActivityManager(  573): Waited long enough for: ServiceRecord{4253d348 u0 com.google.android.gms/.playlog.uploader.UploaderIntentService}
08-31 10:53:00.068 I/ProcessStatsService(  573): Prepared write state in 2ms
08-31 11:00:00.998 D/ConnectivityService(  573): Sampling interval elapsed, updating statistics ..
08-31 11:00:01.018 D/ConnectivityService(  573): Done.
08-31 11:00:01.018 D/ConnectivityService(  573): Setting timer for 720seconds
08-31 11:00:16.033 I/ActivityManager(  573): Waited long enough for: ServiceRecord{426e18e8 u0 com.google.android.gms/.playlog.uploader.UploaderIntentService}
08-31 11:05:36.115 I/ActivityManager(  573): Waited long enough for: ServiceRecord{42598898 u0 com.google.android.gms/.playlog.uploader.UploaderIntentService}
08-31 11:13:55.693 I/EntropyMixer(  573): Writing entropy...
08-31 11:14:06.443 D/ConnectivityService(  573): Sampling interval elapsed, updating statistics ..
08-31 11:14:06.513 D/ConnectivityService(  573): Done.
08-31 11:14:06.513 D/ConnectivityService(  573): Setting timer for 720seconds
08-31 11:14:21.528 I/ActivityManager(  573): Waited long enough for: ServiceRecord{424c1168 u0 com.google.android.gms/.playlog.uploader.UploaderIntentService}
08-31 11:17:58.580 I/ActivityManager(  573): Start proc com.android.providers.calendar for broadcast com.android.providers.calendar/.CalendarReceiver: pid=20989 uid=10001 gids={50001, 3003, 1028, 1015}
08-31 11:17:59.751 I/ActivityManager(  573): Start proc com.google.android.calendar for broadcast com.google.android.calendar/com.android.calendar.alerts.AlertReceiver: pid=21016 uid=10029 gids={50029, 3003}
08-31 11:17:59.761 I/ActivityManager(  573): Killing 19006:com.android.chrome/u0a31 (adj 15): empty for 10169s
08-31 11:18:04.946 I/ActivityManager(  573): Killing 19023:com.google.android.partnersetup/u0a11 (adj 15): empty for 10174s
08-31 11:19:41.610 I/ActivityManager(  573): Waited long enough for: ServiceRecord{42575448 u0 com.google.android.gms/.playlog.uploader.UploaderIntentService}
08-31 11:24:00.012 I/ProcessStatsService(  573): Prepared write state in 4ms
08-31 11:24:00.012 I/ProcessStatsService(  573): Prepared write state in 3ms
08-31 11:25:01.682 I/ActivityManager(  573): Waited long enough for: ServiceRecord{42580960 u0 com.google.android.gms/.playlog.uploader.UploaderIntentService}
08-31 11:30:00.994 D/ConnectivityService(  573): Sampling interval elapsed, updating statistics ..
08-31 11:30:01.044 D/ConnectivityService(  573): Done.
08-31 11:30:01.044 D/ConnectivityService(  573): Setting timer for 720seconds
08-31 11:30:21.745 I/ActivityManager(  573): Waited long enough for: ServiceRecord{426c9a48 u0 com.google.android.gms/.playlog.uploader.UploaderIntentService}
08-31 11:47:58.736 D/ConnectivityService(  573): Sampling interval elapsed, updating statistics ..
08-31 11:47:58.816 D/ConnectivityService(  573): Done.
08-31 11:47:58.816 D/ConnectivityService(  573): Setting timer for 720seconds
08-31 11:48:13.851 I/ActivityManager(  573): Waited long enough for: ServiceRecord{424e1a10 u0 com.google.android.gms/.playlog.uploader.UploaderIntentService}
08-31 11:53:33.943 I/ActivityManager(  573): Waited long enough for: ServiceRecord{41f13510 u0 com.google.android.gms/.playlog.uploader.UploaderIntentService}
08-31 11:55:00.017 I/ProcessStatsService(  573): Prepared write state in 18ms
08-31 11:55:00.157 I/ProcessStatsService(  573): Pruning old procstats: /data/system/procstats/state-2015-08-30-08-38-00.bin
08-31 12:00:00.130 D/ConnectivityService(  573): Sampling interval elapsed, updating statistics ..
08-31 12:00:00.140 D/ConnectivityService(  573): Done.
08-31 12:00:00.140 D/ConnectivityService(  573): Setting timer for 720seconds
08-31 12:00:15.134 I/ActivityManager(  573): Waited long enough for: ServiceRecord{426efa08 u0 com.google.android.gms/.playlog.uploader.UploaderIntentService}
08-31 12:05:35.207 I/ActivityManager(  573): Waited long enough for: ServiceRecord{426ecbd8 u0 com.google.android.gms/.playlog.uploader.UploaderIntentService}
08-31 12:10:36.741 I/ActivityManager(  573): START u0 {flg=0x10008000 cmp=com.android.nfc/.NfcRootActivity (has extras)} from pid 852
08-31 12:10:37.061 I/ActivityManager(  573): START u0 {act=android.intent.action.MAIN cat=[android.intent.category.LAUNCHER] flg=0x10000000 pkg=at.fhhgb.mc.swip cmp=at.fhhgb.mc.swip/.ui.MainActivity} from pid 852
08-31 12:10:39.263 I/ActivityManager(  573): START u0 {cmp=at.fhhgb.mc.swip/.ui.ProfileEditActivity} from pid 1676
08-31 12:10:41.906 I/ActivityManager(  573): START u0 {cmp=at.fhhgb.mc.swip/.ui.ProfileEditActivity} from pid 1676
08-31 12:10:44.238 W/BackupManagerService(  573): dataChanged but no participant pkg='com.android.providers.settings' uid=10082
08-31 12:10:45.389 W/BackupManagerService(  573): dataChanged but no participant pkg='com.android.providers.settings' uid=10082
08-31 12:10:51.005 I/ActivityManager(  573): START u0 {flg=0x10008000 cmp=com.android.nfc/.NfcRootActivity (has extras)} from pid 852
08-31 12:10:51.295 I/ActivityManager(  573): START u0 {act=android.nfc.action.TECH_DISCOVERED cmp=com.google.android.tag/com.android.apps.tag.TagViewer (has extras)} from pid 852
08-31 12:10:51.315 I/ActivityManager(  573): Start proc com.google.android.tag for activity com.google.android.tag/com.android.apps.tag.TagViewer: pid=21788 uid=10020 gids={50020}
08-31 12:10:54.918 I/ActivityManager(  573): START u0 {flg=0x10008000 cmp=com.android.nfc/.NfcRootActivity (has extras)} from pid 852
08-31 12:10:55.109 I/ActivityManager(  573): START u0 {act=android.intent.action.MAIN cat=[android.intent.category.LAUNCHER] flg=0x10000000 pkg=com.android.settings cmp=com.android.settings/.Settings} from pid 852
08-31 12:10:55.129 I/ActivityManager(  573): Start proc com.android.settings for activity com.android.settings/.Settings: pid=21818 uid=1000 gids={41000, 1028, 1015, 3002, 3001, 3003}
08-31 12:10:55.279 I/ActivityManager(  573): Waited long enough for: ServiceRecord{42560e08 u0 com.google.android.gms/.playlog.uploader.UploaderIntentService}
08-31 12:10:55.319 W/ContextImpl(21818): Calling a method in the system process without a qualified user: android.app.ContextImpl.bindService:1551 android.content.ContextWrapper.bindService:517 android.bluetooth.BluetoothInputDevice.doBind:245 android.bluetooth.BluetoothInputDevice.<init>:238 android.bluetooth.BluetoothAdapter.getProfileProxy:1367 
08-31 12:10:55.319 W/ContextImpl(21818): Calling a method in the system process without a qualified user: android.app.ContextImpl.bindService:1551 android.content.ContextWrapper.bindService:517 android.bluetooth.BluetoothPan.doBind:149 android.bluetooth.BluetoothPan.<init>:141 android.bluetooth.BluetoothAdapter.getProfileProxy:1370 
08-31 12:10:55.329 W/ContextImpl(21818): Calling a method in the system process without a qualified user: android.app.ContextImpl.bindService:1551 android.content.ContextWrapper.bindService:517 android.bluetooth.BluetoothPbap.doBind:164 android.bluetooth.BluetoothPbap.<init>:157 com.android.settings.bluetooth.PbapServerProfile.<init>:68 
08-31 12:10:55.489 D/WifiService(  573): setWifiEnabled: true pid=21818, uid=1000
08-31 12:11:00.374 I/ActivityManager(  573): Killing 19048:com.google.android.gallery3d/u0a40 (adj 15): empty for 13349s
08-31 12:11:10.884 I/ActivityManager(  573): START u0 {flg=0x10008000 cmp=com.android.nfc/.NfcRootActivity (has extras)} from pid 852
08-31 12:11:11.034 I/ActivityManager(  573): START u0 {act=android.intent.action.MAIN cat=[android.intent.category.LAUNCHER] flg=0x10000000 pkg=org.emki.android.sim.player cmp=org.emki.android.sim.player/org.emki.android.app.activity.StartupActivity} from pid 852
08-31 12:15:00.999 D/ConnectivityService(  573): Sampling interval elapsed, updating statistics ..
08-31 12:15:01.059 D/ConnectivityService(  573): Done.
08-31 12:15:01.059 D/ConnectivityService(  573): Setting timer for 720seconds
08-31 12:16:15.331 I/ActivityManager(  573): Waited long enough for: ServiceRecord{42319440 u0 com.google.android.gms/.playlog.uploader.UploaderIntentService}
08-31 12:21:35.393 I/ActivityManager(  573): Waited long enough for: ServiceRecord{42477878 u0 com.google.android.gms/.playlog.uploader.UploaderIntentService}
08-31 12:25:00.083 I/ProcessStatsService(  573): Prepared write state in 15ms
08-31 12:30:16.021 I/ActivityManager(  573): Waited long enough for: ServiceRecord{426e6640 u0 com.google.android.gms/.playlog.uploader.UploaderIntentService}
08-31 12:34:10.950 D/ConnectivityService(  573): Sampling interval elapsed, updating statistics ..
08-31 12:34:11.031 D/ConnectivityService(  573): Done.
08-31 12:34:11.031 D/ConnectivityService(  573): Setting timer for 720seconds
08-31 12:34:11.471 D/ConnectivityService(  573): Captive portal check NetworkInfo: type: WIFI[], state: CONNECTING/CAPTIVE_PORTAL_CHECK, reason: (unspecified), extra: "EXBT", roaming: false, failover: false, isAvailable: true, isConnectedToProvisioningNetwork: false
08-31 12:34:11.471 D/ConnectivityService(  573): handleCaptivePortalTrackerCheck: call captivePortalCheckComplete ni=NetworkInfo: type: WIFI[], state: CONNECTING/CAPTIVE_PORTAL_CHECK, reason: (unspecified), extra: "EXBT", roaming: false, failover: false, isAvailable: true, isConnectedToProvisioningNetwork: false
08-31 12:34:11.491 D/ConnectivityService(  573): ConnectivityChange for WIFI: CONNECTED/CONNECTED
08-31 12:34:11.491 E/ConnectivityService(  573): Unexpected mtu value: android.net.wifi.WifiStateTracker@422b4928
08-31 12:34:11.501 D/ConnectivityService(  573): handleConnectivityChange: address are the same reset per doReset linkProperty[1]: resetMask=0
08-31 12:34:11.501 D/Nat464Xlat(  573): requiresClat: netType=1, hasIPv4Address=true
08-31 12:34:12.492 D/ConnectivityService(  573): NetTransition Wakelock for ConnectedState released by timeout
08-31 12:35:36.114 I/ActivityManager(  573): Waited long enough for: ServiceRecord{42349ea8 u0 com.google.android.gms/.playlog.uploader.UploaderIntentService}
08-31 12:40:56.176 I/ActivityManager(  573): Waited long enough for: ServiceRecord{424c24d0 u0 com.google.android.gms/.playlog.uploader.UploaderIntentService}
08-31 12:46:11.043 D/ConnectivityService(  573): Sampling interval elapsed, updating statistics ..
08-31 12:46:11.073 D/ConnectivityService(  573): Done.
08-31 12:46:11.073 D/ConnectivityService(  573): Setting timer for 720seconds
08-31 12:46:26.078 I/ActivityManager(  573): Waited long enough for: ServiceRecord{42579c58 u0 com.google.android.gms/.playlog.uploader.UploaderIntentService}
08-31 12:51:46.150 I/ActivityManager(  573): Waited long enough for: ServiceRecord{4274aaf8 u0 com.google.android.gms/.playlog.uploader.UploaderIntentService}
08-31 12:56:00.028 I/ProcessStatsService(  573): Prepared write state in 22ms
08-31 12:56:00.038 I/ProcessStatsService(  573): Prepared write state in 9ms
08-31 13:00:01.003 D/ConnectivityService(  573): Sampling interval elapsed, updating statistics ..
08-31 13:00:01.053 D/ConnectivityService(  573): Done.
08-31 13:00:01.053 D/ConnectivityService(  573): Setting timer for 720seconds
08-31 13:00:16.067 I/ActivityManager(  573): Waited long enough for: ServiceRecord{42767cf8 u0 com.google.android.gms/.playlog.uploader.UploaderIntentService}
08-31 13:05:36.130 I/ActivityManager(  573): Waited long enough for: ServiceRecord{426c2390 u0 com.google.android.gms/.playlog.uploader.UploaderIntentService}
08-31 13:14:06.538 D/ConnectivityService(  573): Sampling interval elapsed, updating statistics ..
08-31 13:14:06.598 D/ConnectivityService(  573): Done.
08-31 13:14:06.598 D/ConnectivityService(  573): Setting timer for 720seconds
08-31 13:14:21.712 I/ActivityManager(  573): Waited long enough for: ServiceRecord{4259b778 u0 com.google.android.gms/.playlog.uploader.UploaderIntentService}
08-31 13:19:41.775 I/ActivityManager(  573): Waited long enough for: ServiceRecord{42594770 u0 com.google.android.gms/.playlog.uploader.UploaderIntentService}
08-31 13:25:01.847 I/ActivityManager(  573): Waited long enough for: ServiceRecord{4252c6f0 u0 com.google.android.gms/.playlog.uploader.UploaderIntentService}
08-31 13:26:00.064 I/ProcessStatsService(  573): Prepared write state in 4ms
08-31 13:30:33.751 D/ConnectivityService(  573): Sampling interval elapsed, updating statistics ..
08-31 13:30:33.811 I/ActivityManager(  573): Start proc com.google.android.talk for broadcast com.google.android.talk/com.google.android.apps.babel.realtimechat.RealTimeChatService$AlarmReceiver: pid=22426 uid=10049 gids={50049, 3003, 1028, 1015, 3002}
08-31 13:30:33.821 D/ConnectivityService(  573): Done.
08-31 13:30:33.821 D/ConnectivityService(  573): Setting timer for 720seconds
08-31 13:30:48.996 I/ActivityManager(  573): Waited long enough for: ServiceRecord{427167a8 u0 com.google.android.gms/.playlog.uploader.UploaderIntentService}
08-31 13:30:54.131 I/ActivityManager(  573): Killing 19481:android.process.acore/u0a3 (adj 15): empty for 15407s
08-31 13:36:09.048 I/ActivityManager(  573): Waited long enough for: ServiceRecord{422d7958 u0 com.google.android.gms/.playlog.uploader.UploaderIntentService}
08-31 13:41:29.130 I/ActivityManager(  573): Waited long enough for: ServiceRecord{424fe418 u0 com.google.android.gms/.playlog.uploader.UploaderIntentService}
08-31 13:45:00.997 D/ConnectivityService(  573): Sampling interval elapsed, updating statistics ..
08-31 13:45:01.047 D/ConnectivityService(  573): Done.
08-31 13:45:01.047 D/ConnectivityService(  573): Setting timer for 720seconds
08-31 13:51:52.278 I/ActivityManager(  573): Waited long enough for: ServiceRecord{42470ed0 u0 com.google.android.gms/.playlog.uploader.UploaderIntentService}
08-31 13:56:00.070 I/ProcessStatsService(  573): Prepared write state in 4ms
08-31 13:56:00.070 I/ProcessStatsService(  573): Prepared write state in 2ms
08-31 14:00:00.995 D/ConnectivityService(  573): Sampling interval elapsed, updating statistics ..
08-31 14:00:01.035 D/ConnectivityService(  573): Done.
08-31 14:00:01.035 D/ConnectivityService(  573): Setting timer for 720seconds
08-31 14:00:16.060 I/ActivityManager(  573): Waited long enough for: ServiceRecord{427a0fa0 u0 com.google.android.gms/.playlog.uploader.UploaderIntentService}
08-31 14:05:36.122 I/ActivityManager(  573): Waited long enough for: ServiceRecord{427a98b8 u0 com.google.android.gms/.playlog.uploader.UploaderIntentService}
08-31 14:10:56.194 I/ActivityManager(  573): Waited long enough for: ServiceRecord{426c5780 u0 com.google.android.gms/.playlog.uploader.UploaderIntentService}
08-31 14:13:55.719 I/EntropyMixer(  573): Writing entropy...
08-31 14:15:01.003 D/ConnectivityService(  573): Sampling interval elapsed, updating statistics ..
08-31 14:15:01.043 D/ConnectivityService(  573): Done.
08-31 14:15:01.043 D/ConnectivityService(  573): Setting timer for 720seconds
08-31 14:16:16.286 I/ActivityManager(  573): Waited long enough for: ServiceRecord{424c0580 u0 com.google.android.gms/.playlog.uploader.UploaderIntentService}
08-31 14:21:36.379 I/ActivityManager(  573): Waited long enough for: ServiceRecord{42474780 u0 com.google.android.gms/.playlog.uploader.UploaderIntentService}
--------- beginning of /dev/log/main
08-31 14:25:28.996 I/TriggerService( 1676): compareTriggers called
08-31 14:25:28.996 I/TriggerService( 1676): compare trigger: dim
08-31 14:25:28.996 I/TriggerService( 1676): compare time called!
08-31 14:25:28.996 I/TriggerService( 1676): time ignored
08-31 14:25:28.996 I/TriggerService( 1676): trigger matching time
08-31 14:25:28.996 I/TriggerService( 1676): compare weekday called!
08-31 14:25:28.996 I/TriggerService( 1676): every or no weekday is set
08-31 14:25:28.996 I/TriggerService( 1676): trigger matching weekday
08-31 14:25:28.996 I/TriggerService( 1676): trigger matching headphones
08-31 14:25:28.996 I/TriggerService( 1676): dim does not match battery state
08-31 14:25:28.996 I/TriggerService( 1676): compare trigger: undim
08-31 14:25:28.996 I/TriggerService( 1676): compare time called!
08-31 14:25:28.996 I/TriggerService( 1676): time ignored
08-31 14:25:28.996 I/TriggerService( 1676): trigger matching time
08-31 14:25:28.996 I/TriggerService( 1676): compare weekday called!
08-31 14:25:28.996 I/TriggerService( 1676): every or no weekday is set
08-31 14:25:28.996 I/TriggerService( 1676): trigger matching weekday
08-31 14:25:28.996 I/TriggerService( 1676): trigger matching headphones
08-31 14:25:28.996 I/TriggerService( 1676): trigger matching battery state
08-31 14:25:28.996 I/TriggerService( 1676): trigger matching battery level
08-31 14:25:28.996 I/TriggerService( 1676): trigger matching geofence
08-31 14:25:28.996 I/TriggerService( 1676): adding trigger to triggerPriorityList: undim
08-31 14:25:28.996 I/TriggerService( 1676): highestPriority add: undim
08-31 14:25:28.996 I/TriggerService( 1676): comparePriorities called
08-31 14:25:49.486 I/WifiToggleService( 1663): Ping Success
08-31 14:26:00.066 I/TriggerBroadcastReceiver( 1676): Broadcast received: android.intent.action.TIME_TICK
08-31 14:26:00.066 I/TriggerService( 1676): current time updated: 14:26
08-31 14:26:00.066 I/TriggerService( 1676): compareTriggers called
08-31 14:26:00.066 I/TriggerService( 1676): compare trigger: dim
08-31 14:26:00.066 I/TriggerService( 1676): compare time called!
08-31 14:26:00.066 I/TriggerService( 1676): time ignored
08-31 14:26:00.066 I/TriggerService( 1676): trigger matching time
08-31 14:26:00.066 I/TriggerService( 1676): compare weekday called!
08-31 14:26:00.066 I/TriggerService( 1676): every or no weekday is set
08-31 14:26:00.066 I/TriggerService( 1676): trigger matching weekday
08-31 14:26:00.066 I/TriggerService( 1676): trigger matching headphones
08-31 14:26:00.066 I/TriggerService( 1676): dim does not match battery state
08-31 14:26:00.066 I/TriggerService( 1676): compare trigger: undim
08-31 14:26:00.066 I/TriggerService( 1676): compare time called!
08-31 14:26:00.066 I/TriggerService( 1676): time ignored
08-31 14:26:00.066 I/TriggerService( 1676): trigger matching time
08-31 14:26:00.066 I/TriggerService( 1676): compare weekday called!
08-31 14:26:00.066 I/TriggerService( 1676): every or no weekday is set
08-31 14:26:00.066 I/TriggerService( 1676): trigger matching weekday
08-31 14:26:00.066 I/TriggerService( 1676): trigger matching headphones
08-31 14:26:00.066 I/TriggerService( 1676): trigger matching battery state
08-31 14:26:00.066 I/TriggerService( 1676): trigger matching battery level
08-31 14:26:00.066 I/TriggerService( 1676): trigger matching geofence
08-31 14:26:00.066 I/TriggerService( 1676): adding trigger to triggerPriorityList: undim
08-31 14:26:00.066 I/TriggerService( 1676): highestPriority add: undim
08-31 14:26:00.066 I/TriggerService( 1676): comparePriorities called
08-31 14:26:00.066 I/TriggerBroadcastReceiver( 1676): TimeTick: 14:26
08-31 14:26:00.086 I/TriggerBroadcastReceiver( 1676): Broadcast received: android.intent.action.TIME_TICK
08-31 14:26:00.086 I/TriggerService( 1676): current time updated: 14:26
08-31 14:26:00.086 I/TriggerService( 1676): compareTriggers called
08-31 14:26:00.086 I/TriggerService( 1676): compare trigger: dim
08-31 14:26:00.086 I/TriggerService( 1676): compare time called!
08-31 14:26:00.086 I/TriggerService( 1676): time ignored
08-31 14:26:00.086 I/TriggerService( 1676): trigger matching time
08-31 14:26:00.086 I/TriggerService( 1676): compare weekday called!
08-31 14:26:00.086 I/TriggerService( 1676): every or no weekday is set
08-31 14:26:00.086 I/TriggerService( 1676): trigger matching weekday
08-31 14:26:00.086 I/ProcessStatsService(  573): Prepared write state in 16ms
08-31 14:26:00.096 I/TriggerService( 1676): trigger matching headphones
08-31 14:26:00.096 I/TriggerService( 1676): dim does not match battery state
08-31 14:26:00.096 I/TriggerService( 1676): compare trigger: undim
08-31 14:26:00.096 I/TriggerService( 1676): compare time called!
08-31 14:26:00.096 I/TriggerService( 1676): time ignored
08-31 14:26:00.096 I/TriggerService( 1676): trigger matching time
08-31 14:26:00.096 I/TriggerService( 1676): compare weekday called!
08-31 14:26:00.096 I/TriggerService( 1676): every or no weekday is set
08-31 14:26:00.096 I/TriggerService( 1676): trigger matching weekday
08-31 14:26:00.096 I/TriggerService( 1676): trigger matching headphones
08-31 14:26:00.096 I/TriggerService( 1676): trigger matching battery state
08-31 14:26:00.096 I/TriggerService( 1676): trigger matching battery level
08-31 14:26:00.096 I/TriggerService( 1676): trigger matching geofence
08-31 14:26:00.096 I/TriggerService( 1676): adding trigger to triggerPriorityList: undim
08-31 14:26:00.096 I/TriggerService( 1676): highestPriority add: undim
08-31 14:26:00.096 I/TriggerService( 1676): comparePriorities called
08-31 14:26:00.096 I/TriggerBroadcastReceiver( 1676): TimeTick: 14:26
08-31 14:26:19.555 I/WifiToggleService( 1663): Ping Success
08-31 14:26:19.565 D/dalvikvm( 1663): GC_CONCURRENT freed 395K, 6% free 9101K/9648K, paused 7ms+1ms, total 22ms
08-31 14:26:29.144 I/TriggerBroadcastReceiver( 1676): Broadcast received: android.intent.action.BATTERY_CHANGED
08-31 14:26:29.144 I/TriggerService( 1676): batterylevel changed to 23
08-31 14:26:29.144 I/TriggerService( 1676): compareTriggers called
08-31 14:26:29.144 I/TriggerService( 1676): compare trigger: dim
08-31 14:26:29.144 I/TriggerService( 1676): compare time called!
08-31 14:26:29.144 I/TriggerService( 1676): time ignored
08-31 14:26:29.144 I/TriggerService( 1676): trigger matching time
08-31 14:26:29.144 I/TriggerService( 1676): compare weekday called!
08-31 14:26:29.144 I/TriggerService( 1676): every or no weekday is set
08-31 14:26:29.144 I/TriggerService( 1676): trigger matching weekday
08-31 14:26:29.144 I/TriggerService( 1676): trigger matching headphones
08-31 14:26:29.144 I/TriggerService( 1676): dim does not match battery state
08-31 14:26:29.144 I/TriggerService( 1676): compare trigger: undim
08-31 14:26:29.144 I/TriggerService( 1676): compare time called!
08-31 14:26:29.144 I/TriggerService( 1676): time ignored
08-31 14:26:29.144 I/TriggerService( 1676): trigger matching time
08-31 14:26:29.144 I/TriggerService( 1676): compare weekday called!
08-31 14:26:29.144 I/TriggerService( 1676): every or no weekday is set
08-31 14:26:29.144 I/TriggerService( 1676): trigger matching weekday
08-31 14:26:29.144 I/TriggerService( 1676): trigger matching headphones
08-31 14:26:29.144 I/TriggerService( 1676): trigger matching battery state
08-31 14:26:29.144 I/TriggerService( 1676): trigger matching battery level
08-31 14:26:29.144 I/TriggerService( 1676): trigger matching geofence
08-31 14:26:29.144 I/TriggerService( 1676): adding trigger to triggerPriorityList: undim
08-31 14:26:29.144 I/TriggerService( 1676): highestPriority add: undim
08-31 14:26:29.154 I/TriggerService( 1676): comparePriorities called
08-31 14:26:29.154 I/TriggerBroadcastReceiver( 1676): Broadcast received: android.intent.action.BATTERY_CHANGED
08-31 14:26:29.154 I/TriggerService( 1676): batterylevel changed to 23
08-31 14:26:29.154 I/TriggerService( 1676): compareTriggers called
08-31 14:26:29.154 I/TriggerService( 1676): compare trigger: dim
08-31 14:26:29.154 I/TriggerService( 1676): compare time called!
08-31 14:26:29.154 I/TriggerService( 1676): time ignored
08-31 14:26:29.154 I/TriggerService( 1676): trigger matching time
08-31 14:26:29.154 I/TriggerService( 1676): compare weekday called!
08-31 14:26:29.154 I/TriggerService( 1676): every or no weekday is set
08-31 14:26:29.154 I/TriggerService( 1676): trigger matching weekday
08-31 14:26:29.154 I/TriggerService( 1676): trigger matching headphones
08-31 14:26:29.154 I/TriggerService( 1676): dim does not match battery state
08-31 14:26:29.154 I/TriggerService( 1676): compare trigger: undim
08-31 14:26:29.154 I/TriggerService( 1676): compare time called!
08-31 14:26:29.154 I/TriggerService( 1676): time ignored
08-31 14:26:29.154 I/TriggerService( 1676): trigger matching time
08-31 14:26:29.154 I/TriggerService( 1676): compare weekday called!
08-31 14:26:29.154 I/TriggerService( 1676): every or no weekday is set
08-31 14:26:29.154 I/TriggerService( 1676): trigger matching weekday
08-31 14:26:29.154 I/TriggerService( 1676): trigger matching headphones
08-31 14:26:29.154 I/TriggerService( 1676): trigger matching battery state
08-31 14:26:29.154 I/TriggerService( 1676): trigger matching battery level
08-31 14:26:29.154 I/TriggerService( 1676): trigger matching geofence
08-31 14:26:29.154 I/TriggerService( 1676): adding trigger to triggerPriorityList: undim
08-31 14:26:29.154 I/TriggerService( 1676): highestPriority add: undim
08-31 14:26:29.154 I/TriggerService( 1676): comparePriorities called
08-31 14:26:49.604 I/WifiToggleService( 1663): Ping Success
08-31 14:27:00.064 I/TriggerBroadcastReceiver( 1676): Broadcast received: android.intent.action.TIME_TICK
08-31 14:27:00.064 I/TriggerService( 1676): current time updated: 14:27
08-31 14:27:00.064 I/TriggerService( 1676): compareTriggers called
08-31 14:27:00.064 I/TriggerService( 1676): compare trigger: dim
08-31 14:27:00.064 I/TriggerService( 1676): compare time called!
08-31 14:27:00.064 I/TriggerService( 1676): time ignored
08-31 14:27:00.064 I/TriggerService( 1676): trigger matching time
08-31 14:27:00.064 I/TriggerService( 1676): compare weekday called!
08-31 14:27:00.064 I/TriggerService( 1676): every or no weekday is set
08-31 14:27:00.064 I/TriggerService( 1676): trigger matching weekday
08-31 14:27:00.064 I/TriggerService( 1676): trigger matching headphones
08-31 14:27:00.064 I/TriggerService( 1676): dim does not match battery state
08-31 14:27:00.064 I/TriggerService( 1676): compare trigger: undim
08-31 14:27:00.064 I/TriggerService( 1676): compare time called!
08-31 14:27:00.064 I/TriggerService( 1676): time ignored
08-31 14:27:00.064 I/TriggerService( 1676): trigger matching time
08-31 14:27:00.064 I/TriggerService( 1676): compare weekday called!
08-31 14:27:00.064 I/TriggerService( 1676): every or no weekday is set
08-31 14:27:00.064 I/TriggerService( 1676): trigger matching weekday
08-31 14:27:00.064 I/TriggerService( 1676): trigger matching headphones
08-31 14:27:00.064 I/TriggerService( 1676): trigger matching battery state
08-31 14:27:00.064 I/TriggerService( 1676): trigger matching battery level
08-31 14:27:00.064 I/TriggerService( 1676): trigger matching geofence
08-31 14:27:00.064 I/TriggerService( 1676): adding trigger to triggerPriorityList: undim
08-31 14:27:00.064 I/TriggerService( 1676): highestPriority add: undim
08-31 14:27:00.064 I/TriggerService( 1676): comparePriorities called
08-31 14:27:00.064 I/TriggerBroadcastReceiver( 1676): TimeTick: 14:27
08-31 14:27:00.064 I/TriggerBroadcastReceiver( 1676): Broadcast received: android.intent.action.TIME_TICK
08-31 14:27:00.074 I/TriggerService( 1676): current time updated: 14:27
08-31 14:27:00.074 I/TriggerService( 1676): compareTriggers called
08-31 14:27:00.074 I/TriggerService( 1676): compare trigger: dim
08-31 14:27:00.074 I/TriggerService( 1676): compare time called!
08-31 14:27:00.074 I/TriggerService( 1676): time ignored
08-31 14:27:00.074 I/TriggerService( 1676): trigger matching time
08-31 14:27:00.074 I/TriggerService( 1676): compare weekday called!
08-31 14:27:00.074 I/TriggerService( 1676): every or no weekday is set
08-31 14:27:00.074 I/TriggerService( 1676): trigger matching weekday
08-31 14:27:00.074 I/TriggerService( 1676): trigger matching headphones
08-31 14:27:00.074 I/TriggerService( 1676): dim does not match battery state
08-31 14:27:00.074 I/TriggerService( 1676): compare trigger: undim
08-31 14:27:00.074 I/TriggerService( 1676): compare time called!
08-31 14:27:00.074 I/TriggerService( 1676): time ignored
08-31 14:27:00.074 I/TriggerService( 1676): trigger matching time
08-31 14:27:00.074 I/TriggerService( 1676): compare weekday called!
08-31 14:27:00.074 I/TriggerService( 1676): every or no weekday is set
08-31 14:27:00.074 I/TriggerService( 1676): trigger matching weekday
08-31 14:27:00.074 I/TriggerService( 1676): trigger matching headphones
08-31 14:27:00.074 I/TriggerService( 1676): trigger matching battery state
08-31 14:27:00.074 I/TriggerService( 1676): trigger matching battery level
08-31 14:27:00.074 I/TriggerService( 1676): trigger matching geofence
08-31 14:27:00.074 I/TriggerService( 1676): adding trigger to triggerPriorityList: undim
08-31 14:27:00.074 I/TriggerService( 1676): highestPriority add: undim
08-31 14:27:00.074 I/TriggerService( 1676): comparePriorities called
08-31 14:27:00.074 I/TriggerBroadcastReceiver( 1676): TimeTick: 14:27
08-31 14:27:19.674 I/WifiToggleService( 1663): Ping Success
08-31 14:27:29.323 I/TriggerBroadcastReceiver( 1676): Broadcast received: android.intent.action.BATTERY_CHANGED
08-31 14:27:29.323 I/TriggerService( 1676): batterylevel changed to 22
08-31 14:27:29.323 I/TriggerService( 1676): compareTriggers called
08-31 14:27:29.323 I/TriggerService( 1676): compare trigger: dim
08-31 14:27:29.323 I/TriggerService( 1676): compare time called!
08-31 14:27:29.323 I/TriggerService( 1676): time ignored
08-31 14:27:29.323 I/TriggerService( 1676): trigger matching time
08-31 14:27:29.323 I/TriggerService( 1676): compare weekday called!
08-31 14:27:29.323 I/TriggerService( 1676): every or no weekday is set
08-31 14:27:29.323 I/TriggerService( 1676): trigger matching weekday
08-31 14:27:29.323 I/TriggerService( 1676): trigger matching headphones
08-31 14:27:29.323 I/TriggerService( 1676): dim does not match battery state
08-31 14:27:29.323 I/TriggerService( 1676): compare trigger: undim
08-31 14:27:29.323 I/TriggerService( 1676): compare time called!
08-31 14:27:29.323 I/TriggerService( 1676): time ignored
08-31 14:27:29.323 I/TriggerService( 1676): trigger matching time
08-31 14:27:29.323 I/TriggerService( 1676): compare weekday called!
08-31 14:27:29.323 I/TriggerService( 1676): every or no weekday is set
08-31 14:27:29.323 I/TriggerService( 1676): trigger matching weekday
08-31 14:27:29.323 I/TriggerService( 1676): trigger matching headphones
08-31 14:27:29.323 I/TriggerService( 1676): trigger matching battery state
08-31 14:27:29.323 I/TriggerService( 1676): trigger matching battery level
08-31 14:27:29.323 I/TriggerService( 1676): trigger matching geofence
08-31 14:27:29.323 I/TriggerService( 1676): adding trigger to triggerPriorityList: undim
08-31 14:27:29.323 I/TriggerService( 1676): highestPriority add: undim
08-31 14:27:29.323 I/TriggerService( 1676): comparePriorities called
08-31 14:27:29.323 I/TriggerBroadcastReceiver( 1676): Broadcast received: android.intent.action.BATTERY_CHANGED
08-31 14:27:29.323 I/TriggerService( 1676): batterylevel changed to 22
08-31 14:27:29.323 I/TriggerService( 1676): compareTriggers called
08-31 14:27:29.323 I/TriggerService( 1676): compare trigger: dim
08-31 14:27:29.323 I/TriggerService( 1676): compare time called!
08-31 14:27:29.323 I/TriggerService( 1676): time ignored
08-31 14:27:29.323 I/TriggerService( 1676): trigger matching time
08-31 14:27:29.323 I/TriggerService( 1676): compare weekday called!
08-31 14:27:29.323 I/TriggerService( 1676): every or no weekday is set
08-31 14:27:29.323 I/TriggerService( 1676): trigger matching weekday
08-31 14:27:29.323 I/TriggerService( 1676): trigger matching headphones
08-31 14:27:29.323 I/TriggerService( 1676): dim does not match battery state
08-31 14:27:29.323 I/TriggerService( 1676): compare trigger: undim
08-31 14:27:29.323 I/TriggerService( 1676): compare time called!
08-31 14:27:29.323 I/TriggerService( 1676): time ignored
08-31 14:27:29.323 I/TriggerService( 1676): trigger matching time
08-31 14:27:29.323 I/TriggerService( 1676): compare weekday called!
08-31 14:27:29.323 I/TriggerService( 1676): every or no weekday is set
08-31 14:27:29.323 I/TriggerService( 1676): trigger matching weekday
08-31 14:27:29.323 I/TriggerService( 1676): trigger matching headphones
08-31 14:27:29.323 I/TriggerService( 1676): trigger matching battery state
08-31 14:27:29.323 I/TriggerService( 1676): trigger matching battery level
08-31 14:27:29.323 I/TriggerService( 1676): trigger matching geofence
08-31 14:27:29.323 I/TriggerService( 1676): adding trigger to triggerPriorityList: undim
08-31 14:27:29.323 I/TriggerService( 1676): highestPriority add: undim
08-31 14:27:29.323 I/TriggerService( 1676): comparePriorities called
08-31 14:27:49.783 D/dalvikvm( 1663): GC_CONCURRENT freed 503K, 6% free 9109K/9648K, paused 5ms+4ms, total 77ms
08-31 14:27:49.783 D/dalvikvm( 1663): WAIT_FOR_CONCURRENT_GC blocked 25ms
08-31 14:27:49.783 I/WifiToggleService( 1663): Ping Success
08-31 14:28:00.073 I/TriggerBroadcastReceiver( 1676): Broadcast received: android.intent.action.TIME_TICK
08-31 14:28:00.073 I/TriggerService( 1676): current time updated: 14:28
08-31 14:28:00.073 I/TriggerService( 1676): compareTriggers called
08-31 14:28:00.073 I/TriggerService( 1676): compare trigger: dim
08-31 14:28:00.073 I/TriggerService( 1676): compare time called!
08-31 14:28:00.073 I/TriggerService( 1676): time ignored
08-31 14:28:00.073 I/TriggerService( 1676): trigger matching time
08-31 14:28:00.073 I/TriggerService( 1676): compare weekday called!
08-31 14:28:00.073 I/TriggerService( 1676): every or no weekday is set
08-31 14:28:00.073 I/TriggerService( 1676): trigger matching weekday
08-31 14:28:00.073 I/TriggerService( 1676): trigger matching headphones
08-31 14:28:00.073 I/TriggerService( 1676): dim does not match battery state
08-31 14:28:00.073 I/TriggerService( 1676): compare trigger: undim
08-31 14:28:00.073 I/TriggerService( 1676): compare time called!
08-31 14:28:00.073 I/TriggerService( 1676): time ignored
08-31 14:28:00.073 I/TriggerService( 1676): trigger matching time
08-31 14:28:00.073 I/TriggerService( 1676): compare weekday called!
08-31 14:28:00.073 I/TriggerService( 1676): every or no weekday is set
08-31 14:28:00.073 I/TriggerService( 1676): trigger matching weekday
08-31 14:28:00.073 I/TriggerService( 1676): trigger matching headphones
08-31 14:28:00.073 I/TriggerService( 1676): trigger matching battery state
08-31 14:28:00.073 I/TriggerService( 1676): trigger matching battery level
08-31 14:28:00.073 I/TriggerService( 1676): trigger matching geofence
08-31 14:28:00.073 I/TriggerService( 1676): adding trigger to triggerPriorityList: undim
08-31 14:28:00.073 I/TriggerService( 1676): highestPriority add: undim
08-31 14:28:00.073 I/TriggerService( 1676): comparePriorities called
08-31 14:28:00.073 I/TriggerBroadcastReceiver( 1676): TimeTick: 14:28
08-31 14:28:00.073 I/TriggerBroadcastReceiver( 1676): Broadcast received: android.intent.action.TIME_TICK
08-31 14:28:00.073 I/TriggerService( 1676): current time updated: 14:28
08-31 14:28:00.073 I/TriggerService( 1676): compareTriggers called
08-31 14:28:00.073 I/TriggerService( 1676): compare trigger: dim
08-31 14:28:00.073 I/TriggerService( 1676): compare time called!
08-31 14:28:00.083 I/TriggerService( 1676): time ignored
08-31 14:28:00.083 I/TriggerService( 1676): trigger matching time
08-31 14:28:00.083 I/TriggerService( 1676): compare weekday called!
08-31 14:28:00.083 I/TriggerService( 1676): every or no weekday is set
08-31 14:28:00.083 I/TriggerService( 1676): trigger matching weekday
08-31 14:28:00.083 I/TriggerService( 1676): trigger matching headphones
08-31 14:28:00.083 I/TriggerService( 1676): dim does not match battery state
08-31 14:28:00.083 I/TriggerService( 1676): compare trigger: undim
08-31 14:28:00.083 I/TriggerService( 1676): compare time called!
08-31 14:28:00.083 I/TriggerService( 1676): time ignored
08-31 14:28:00.083 I/TriggerService( 1676): trigger matching time
08-31 14:28:00.083 I/TriggerService( 1676): compare weekday called!
08-31 14:28:00.083 I/TriggerService( 1676): every or no weekday is set
08-31 14:28:00.083 I/TriggerService( 1676): trigger matching weekday
08-31 14:28:00.083 I/TriggerService( 1676): trigger matching headphones
08-31 14:28:00.083 I/TriggerService( 1676): trigger matching battery state
08-31 14:28:00.083 I/TriggerService( 1676): trigger matching battery level
08-31 14:28:00.083 I/TriggerService( 1676): trigger matching geofence
08-31 14:28:00.083 I/TriggerService( 1676): adding trigger to triggerPriorityList: undim
08-31 14:28:00.083 I/TriggerService( 1676): highestPriority add: undim
08-31 14:28:00.083 I/TriggerService( 1676): comparePriorities called
08-31 14:28:00.083 I/TriggerBroadcastReceiver( 1676): TimeTick: 14:28
08-31 14:28:19.842 I/WifiToggleService( 1663): Ping Success
08-31 14:28:21.184 I/wpa_supplicant(17583): wlan0: WPA: Group rekeying completed with 1c:1d:86:0e:60:6c [GTK=CCMP]
08-31 14:28:29.482 I/TriggerBroadcastReceiver( 1676): Broadcast received: android.intent.action.BATTERY_CHANGED
08-31 14:28:29.482 I/TriggerService( 1676): batterylevel changed to 22
08-31 14:28:29.482 I/TriggerService( 1676): compareTriggers called
08-31 14:28:29.482 I/TriggerService( 1676): compare trigger: dim
08-31 14:28:29.482 I/TriggerService( 1676): compare time called!
08-31 14:28:29.482 I/TriggerService( 1676): time ignored
08-31 14:28:29.482 I/TriggerService( 1676): trigger matching time
08-31 14:28:29.482 I/TriggerService( 1676): compare weekday called!
08-31 14:28:29.482 I/TriggerService( 1676): every or no weekday is set
08-31 14:28:29.482 I/TriggerService( 1676): trigger matching weekday
08-31 14:28:29.482 I/TriggerService( 1676): trigger matching headphones
08-31 14:28:29.482 I/TriggerService( 1676): dim does not match battery state
08-31 14:28:29.492 I/TriggerService( 1676): compare trigger: undim
08-31 14:28:29.492 I/TriggerService( 1676): compare time called!
08-31 14:28:29.492 I/TriggerService( 1676): time ignored
08-31 14:28:29.492 I/TriggerService( 1676): trigger matching time
08-31 14:28:29.492 I/TriggerService( 1676): compare weekday called!
08-31 14:28:29.492 I/TriggerService( 1676): every or no weekday is set
08-31 14:28:29.492 I/TriggerService( 1676): trigger matching weekday
08-31 14:28:29.492 I/TriggerService( 1676): trigger matching headphones
08-31 14:28:29.492 I/TriggerService( 1676): trigger matching battery state
08-31 14:28:29.492 I/TriggerService( 1676): trigger matching battery level
08-31 14:28:29.492 I/TriggerService( 1676): trigger matching geofence
08-31 14:28:29.492 I/TriggerService( 1676): adding trigger to triggerPriorityList: undim
08-31 14:28:29.492 I/TriggerService( 1676): highestPriority add: undim
08-31 14:28:29.492 I/TriggerService( 1676): comparePriorities called
08-31 14:28:29.492 I/TriggerBroadcastReceiver( 1676): Broadcast received: android.intent.action.BATTERY_CHANGED
08-31 14:28:29.492 I/TriggerService( 1676): batterylevel changed to 22
08-31 14:28:29.492 I/TriggerService( 1676): compareTriggers called
08-31 14:28:29.492 I/TriggerService( 1676): compare trigger: dim
08-31 14:28:29.492 I/TriggerService( 1676): compare time called!
08-31 14:28:29.492 I/TriggerService( 1676): time ignored
08-31 14:28:29.492 I/TriggerService( 1676): trigger matching time
08-31 14:28:29.492 I/TriggerService( 1676): compare weekday called!
08-31 14:28:29.492 I/TriggerService( 1676): every or no weekday is set
08-31 14:28:29.492 I/TriggerService( 1676): trigger matching weekday
08-31 14:28:29.492 I/TriggerService( 1676): trigger matching headphones
08-31 14:28:29.492 I/TriggerService( 1676): dim does not match battery state
08-31 14:28:29.492 I/TriggerService( 1676): compare trigger: undim
08-31 14:28:29.492 I/TriggerService( 1676): compare time called!
08-31 14:28:29.492 I/TriggerService( 1676): time ignored
08-31 14:28:29.492 I/TriggerService( 1676): trigger matching time
08-31 14:28:29.492 I/TriggerService( 1676): compare weekday called!
08-31 14:28:29.492 I/TriggerService( 1676): every or no weekday is set
08-31 14:28:29.492 I/TriggerService( 1676): trigger matching weekday
08-31 14:28:29.492 I/TriggerService( 1676): trigger matching headphones
08-31 14:28:29.492 I/TriggerService( 1676): trigger matching battery state
08-31 14:28:29.492 I/TriggerService( 1676): trigger matching battery level
08-31 14:28:29.492 I/TriggerService( 1676): trigger matching geofence
08-31 14:28:29.492 I/TriggerService( 1676): adding trigger to triggerPriorityList: undim
08-31 14:28:29.492 I/TriggerService( 1676): highestPriority add: undim
08-31 14:28:29.492 I/TriggerService( 1676): comparePriorities called
08-31 14:28:34.977 D/AutobahnWebService(19158): {"type":"ping","timestamp":1441045646766}
08-31 14:28:34.977 D/AutobahnWebService(19158): Sending PONG for payload: {"type":"ping","timestamp":1441045646766}
08-31 14:28:34.977 D/WebviewSender(19158): {"type":"ping","timestamp":1441045646766}
08-31 14:28:34.977 D/WebviewSender(19158): {"type":"ping","timestamp":1441045646766}
08-31 14:28:34.977 D/WebviewSender(19158): {"type":"ping","timestamp":1441045646766}
08-31 14:28:34.987 I/chromium(19158): [INFO:CONSOLE(807)] "%o, payload: %o", source: http://10.138.18.22:9000/sim/javascripts/2384aa31.common.js (807)
08-31 14:28:34.987 I/chromium(19158): [INFO:CONSOLE(1)] "Uncaught ReferenceError: androidCallback is not defined", source:  (1)
08-31 14:28:34.987 I/chromium(19158): [INFO:CONSOLE(769)] "%o, payload: %o", source: http://10.138.18.22:9000/bill_summary/javascripts/common.js (769)
08-31 14:28:49.912 I/WifiToggleService( 1663): Ping Success
08-31 14:28:49.952 D/dalvikvm( 1663): GC_CONCURRENT freed 395K, 6% free 9101K/9640K, paused 6ms+4ms, total 56ms
08-31 14:29:00.072 I/TriggerBroadcastReceiver( 1676): Broadcast received: android.intent.action.TIME_TICK
08-31 14:29:00.072 I/TriggerService( 1676): current time updated: 14:29
08-31 14:29:00.072 I/TriggerService( 1676): compareTriggers called
08-31 14:29:00.072 I/TriggerService( 1676): compare trigger: dim
08-31 14:29:00.072 I/TriggerService( 1676): compare time called!
08-31 14:29:00.072 I/TriggerService( 1676): time ignored
08-31 14:29:00.072 I/TriggerService( 1676): trigger matching time
08-31 14:29:00.072 I/TriggerService( 1676): compare weekday called!
08-31 14:29:00.072 I/TriggerService( 1676): every or no weekday is set
08-31 14:29:00.072 I/TriggerService( 1676): trigger matching weekday
08-31 14:29:00.072 I/TriggerService( 1676): trigger matching headphones
08-31 14:29:00.072 I/TriggerService( 1676): dim does not match battery state
08-31 14:29:00.072 I/TriggerService( 1676): compare trigger: undim
08-31 14:29:00.072 I/TriggerService( 1676): compare time called!
08-31 14:29:00.072 I/TriggerService( 1676): time ignored
08-31 14:29:00.072 I/TriggerService( 1676): trigger matching time
08-31 14:29:00.072 I/TriggerService( 1676): compare weekday called!
08-31 14:29:00.072 I/TriggerService( 1676): every or no weekday is set
08-31 14:29:00.072 I/TriggerService( 1676): trigger matching weekday
08-31 14:29:00.072 I/TriggerService( 1676): trigger matching headphones
08-31 14:29:00.072 I/TriggerService( 1676): trigger matching battery state
08-31 14:29:00.072 I/TriggerService( 1676): trigger matching battery level
08-31 14:29:00.072 I/TriggerService( 1676): trigger matching geofence
08-31 14:29:00.072 I/TriggerService( 1676): adding trigger to triggerPriorityList: undim
08-31 14:29:00.072 I/TriggerService( 1676): highestPriority add: undim
08-31 14:29:00.072 I/TriggerService( 1676): comparePriorities called
08-31 14:29:00.072 I/TriggerBroadcastReceiver( 1676): TimeTick: 14:29
08-31 14:29:00.082 I/TriggerBroadcastReceiver( 1676): Broadcast received: android.intent.action.TIME_TICK
08-31 14:29:00.082 I/TriggerService( 1676): current time updated: 14:29
08-31 14:29:00.082 I/TriggerService( 1676): compareTriggers called
08-31 14:29:00.082 I/TriggerService( 1676): compare trigger: dim
08-31 14:29:00.082 I/TriggerService( 1676): compare time called!
08-31 14:29:00.082 I/TriggerService( 1676): time ignored
08-31 14:29:00.082 I/TriggerService( 1676): trigger matching time
08-31 14:29:00.082 I/TriggerService( 1676): compare weekday called!
08-31 14:29:00.082 I/TriggerService( 1676): every or no weekday is set
08-31 14:29:00.082 I/TriggerService( 1676): trigger matching weekday
08-31 14:29:00.082 I/TriggerService( 1676): trigger matching headphones
08-31 14:29:00.082 I/TriggerService( 1676): dim does not match battery state
08-31 14:29:00.082 I/TriggerService( 1676): compare trigger: undim
08-31 14:29:00.082 I/TriggerService( 1676): compare time called!
08-31 14:29:00.082 I/TriggerService( 1676): time ignored
08-31 14:29:00.082 I/TriggerService( 1676): trigger matching time
08-31 14:29:00.082 I/TriggerService( 1676): compare weekday called!
08-31 14:29:00.082 I/TriggerService( 1676): every or no weekday is set
08-31 14:29:00.082 I/TriggerService( 1676): trigger matching weekday
08-31 14:29:00.082 I/TriggerService( 1676): trigger matching headphones
08-31 14:29:00.082 I/TriggerService( 1676): trigger matching battery state
08-31 14:29:00.082 I/TriggerService( 1676): trigger matching battery level
08-31 14:29:00.082 I/TriggerService( 1676): trigger matching geofence
08-31 14:29:00.082 I/TriggerService( 1676): adding trigger to triggerPriorityList: undim
08-31 14:29:00.082 I/TriggerService( 1676): highestPriority add: undim
08-31 14:29:00.082 I/TriggerService( 1676): comparePriorities called
08-31 14:29:00.082 I/TriggerBroadcastReceiver( 1676): TimeTick: 14:29
08-31 14:29:19.961 I/WifiToggleService( 1663): Ping Success
08-31 14:29:50.020 I/WifiToggleService( 1663): Ping Success
08-31 14:30:00.060 I/TriggerBroadcastReceiver( 1676): Broadcast received: android.intent.action.TIME_TICK
08-31 14:30:00.060 I/TriggerService( 1676): current time updated: 14:30
08-31 14:30:00.060 I/TriggerService( 1676): compareTriggers called
08-31 14:30:00.060 I/TriggerService( 1676): compare trigger: dim
08-31 14:30:00.060 I/TriggerService( 1676): compare time called!
08-31 14:30:00.060 I/TriggerService( 1676): time ignored
08-31 14:30:00.060 I/TriggerService( 1676): trigger matching time
