08-31 14:30:00.060 I/TriggerService( 1676): compare weekday called!
08-31 14:30:00.060 I/TriggerService( 1676): every or no weekday is set
08-31 14:30:00.060 I/TriggerService( 1676): trigger matching weekday
08-31 14:30:00.060 I/TriggerService( 1676): trigger matching headphones
08-31 14:30:00.060 I/TriggerService( 1676): dim does not match battery state
08-31 14:30:00.060 I/TriggerService( 1676): compare trigger: undim
08-31 14:30:00.060 I/TriggerService( 1676): compare time called!
08-31 14:30:00.060 I/TriggerService( 1676): time ignored
08-31 14:30:00.060 I/TriggerService( 1676): trigger matching time
08-31 14:30:00.060 I/TriggerService( 1676): compare weekday called!
08-31 14:30:00.060 I/TriggerService( 1676): every or no weekday is set
08-31 14:30:00.060 I/TriggerService( 1676): trigger matching weekday
08-31 14:30:00.060 I/TriggerService( 1676): trigger matching headphones
08-31 14:30:00.060 I/TriggerService( 1676): trigger matching battery state
08-31 14:30:00.060 I/TriggerService( 1676): trigger matching battery level
08-31 14:30:00.060 I/TriggerService( 1676): trigger matching geofence
08-31 14:30:00.060 I/TriggerService( 1676): adding trigger to triggerPriorityList: undim
08-31 14:30:00.060 I/TriggerService( 1676): highestPriority add: undim
08-31 14:30:00.060 I/TriggerService( 1676): comparePriorities called
08-31 14:30:00.060 I/TriggerBroadcastReceiver( 1676): TimeTick: 14:30
08-31 14:30:00.060 I/TriggerBroadcastReceiver( 1676): Broadcast received: android.intent.action.TIME_TICK
08-31 14:30:00.060 I/TriggerService( 1676): current time updated: 14:30
08-31 14:30:00.060 I/TriggerService( 1676): compareTriggers called
08-31 14:30:00.060 I/TriggerService( 1676): compare trigger: dim
08-31 14:30:00.060 I/TriggerService( 1676): compare time called!
08-31 14:30:00.060 I/TriggerService( 1676): time ignored
08-31 14:30:00.060 I/TriggerService( 1676): trigger matching time
08-31 14:30:00.060 I/TriggerService( 1676): compare weekday called!
08-31 14:30:00.060 I/TriggerService( 1676): every or no weekday is set
08-31 14:30:00.060 I/TriggerService( 1676): trigger matching weekday
08-31 14:30:00.060 I/TriggerService( 1676): trigger matching headphones
08-31 14:30:00.060 I/TriggerService( 1676): dim does not match battery state
08-31 14:30:00.060 I/TriggerService( 1676): compare trigger: undim
08-31 14:30:00.060 I/TriggerService( 1676): compare time called!
08-31 14:30:00.060 I/TriggerService( 1676): time ignored
08-31 14:30:00.060 I/TriggerService( 1676): trigger matching time
08-31 14:30:00.060 I/TriggerService( 1676): compare weekday called!
08-31 14:30:00.060 I/TriggerService( 1676): every or no weekday is set
08-31 14:30:00.060 I/TriggerService( 1676): trigger matching weekday
08-31 14:30:00.060 I/TriggerService( 1676): trigger matching headphones
08-31 14:30:00.060 I/TriggerService( 1676): trigger matching battery state
08-31 14:30:00.060 I/TriggerService( 1676): trigger matching battery level
08-31 14:30:00.060 I/TriggerService( 1676): trigger matching geofence
08-31 14:30:00.060 I/TriggerService( 1676): adding trigger to triggerPriorityList: undim
08-31 14:30:00.060 I/TriggerService( 1676): highestPriority add: undim
08-31 14:30:00.060 I/TriggerService( 1676): comparePriorities called
08-31 14:30:00.060 I/TriggerBroadcastReceiver( 1676): TimeTick: 14:30
08-31 14:30:01.031 W/Uploader(  975): No account for auth token provided
08-31 14:30:16.016 I/ActivityManager(  573): Waited long enough for: ServiceRecord{42771160 u0 com.google.android.gms/.playlog.uploader.UploaderIntentService}
08-31 14:30:20.100 D/dalvikvm( 1663): GC_CONCURRENT freed 481K, 6% free 9132K/9648K, paused 6ms+4ms, total 57ms
08-31 14:30:20.100 D/dalvikvm( 1663): WAIT_FOR_CONCURRENT_GC blocked 1ms
08-31 14:30:20.100 I/WifiToggleService( 1663): Ping Success
08-31 14:30:21.081 D/Uploader(  975): Network request failed class org.apache.http.conn.ConnectTimeoutException(Connect to /74.125.29.95:443 timed out)
08-31 14:30:29.799 I/TriggerBroadcastReceiver( 1676): Broadcast received: android.intent.action.BATTERY_CHANGED
08-31 14:30:29.799 I/TriggerService( 1676): batterylevel changed to 22
08-31 14:30:29.799 I/TriggerService( 1676): compareTriggers called
08-31 14:30:29.799 I/TriggerService( 1676): compare trigger: dim
08-31 14:30:29.799 I/TriggerService( 1676): compare time called!
08-31 14:30:29.799 I/TriggerService( 1676): time ignored
08-31 14:30:29.799 I/TriggerService( 1676): trigger matching time
08-31 14:30:29.799 I/TriggerService( 1676): compare weekday called!
08-31 14:30:29.799 I/TriggerService( 1676): every or no weekday is set
08-31 14:30:29.799 I/TriggerService( 1676): trigger matching weekday
08-31 14:30:29.799 I/TriggerService( 1676): trigger matching headphones
08-31 14:30:29.799 I/TriggerService( 1676): dim does not match battery state
08-31 14:30:29.799 I/TriggerService( 1676): compare trigger: undim
08-31 14:30:29.799 I/TriggerService( 1676): compare time called!
08-31 14:30:29.799 I/TriggerService( 1676): time ignored
08-31 14:30:29.799 I/TriggerService( 1676): trigger matching time
08-31 14:30:29.799 I/TriggerService( 1676): compare weekday called!
08-31 14:30:29.799 I/TriggerService( 1676): every or no weekday is set
08-31 14:30:29.799 I/TriggerService( 1676): trigger matching weekday
08-31 14:30:29.799 I/TriggerService( 1676): trigger matching headphones
08-31 14:30:29.799 I/TriggerService( 1676): trigger matching battery state
08-31 14:30:29.799 I/TriggerService( 1676): trigger matching battery level
08-31 14:30:29.799 I/TriggerService( 1676): trigger matching geofence
08-31 14:30:29.799 I/TriggerService( 1676): adding trigger to triggerPriorityList: undim
08-31 14:30:29.799 I/TriggerService( 1676): highestPriority add: undim
08-31 14:30:29.799 I/TriggerService( 1676): comparePriorities called
08-31 14:30:29.799 I/TriggerBroadcastReceiver( 1676): Broadcast received: android.intent.action.BATTERY_CHANGED
08-31 14:30:29.799 I/TriggerService( 1676): batterylevel changed to 22
08-31 14:30:29.799 I/TriggerService( 1676): compareTriggers called
08-31 14:30:29.799 I/TriggerService( 1676): compare trigger: dim
08-31 14:30:29.799 I/TriggerService( 1676): compare time called!
08-31 14:30:29.799 I/TriggerService( 1676): time ignored
08-31 14:30:29.799 I/TriggerService( 1676): trigger matching time
08-31 14:30:29.799 I/TriggerService( 1676): compare weekday called!
08-31 14:30:29.799 I/TriggerService( 1676): every or no weekday is set
08-31 14:30:29.799 I/TriggerService( 1676): trigger matching weekday
08-31 14:30:29.799 I/TriggerService( 1676): trigger matching headphones
08-31 14:30:29.799 I/TriggerService( 1676): dim does not match battery state
08-31 14:30:29.799 I/TriggerService( 1676): compare trigger: undim
08-31 14:30:29.799 I/TriggerService( 1676): compare time called!
08-31 14:30:29.799 I/TriggerService( 1676): time ignored
08-31 14:30:29.799 I/TriggerService( 1676): trigger matching time
08-31 14:30:29.799 I/TriggerService( 1676): compare weekday called!
08-31 14:30:29.799 I/TriggerService( 1676): every or no weekday is set
08-31 14:30:29.799 I/TriggerService( 1676): trigger matching weekday
08-31 14:30:29.799 I/TriggerService( 1676): trigger matching headphones
08-31 14:30:29.799 I/TriggerService( 1676): trigger matching battery state
08-31 14:30:29.799 I/TriggerService( 1676): trigger matching battery level
08-31 14:30:29.799 I/TriggerService( 1676): trigger matching geofence
08-31 14:30:29.799 I/TriggerService( 1676): adding trigger to triggerPriorityList: undim
08-31 14:30:29.799 I/TriggerService( 1676): highestPriority add: undim
08-31 14:30:29.799 I/TriggerService( 1676): comparePriorities called
08-31 14:30:50.159 I/WifiToggleService( 1663): Ping Success
08-31 14:31:00.059 I/TriggerBroadcastReceiver( 1676): Broadcast received: android.intent.action.TIME_TICK
08-31 14:31:00.059 I/TriggerService( 1676): current time updated: 14:31
08-31 14:31:00.059 I/TriggerService( 1676): compareTriggers called
08-31 14:31:00.059 I/TriggerService( 1676): compare trigger: dim
08-31 14:31:00.059 I/TriggerService( 1676): compare time called!
08-31 14:31:00.059 I/TriggerService( 1676): time ignored
08-31 14:31:00.059 I/TriggerService( 1676): trigger matching time
08-31 14:31:00.059 I/TriggerService( 1676): compare weekday called!
08-31 14:31:00.059 I/TriggerService( 1676): every or no weekday is set
08-31 14:31:00.059 I/TriggerService( 1676): trigger matching weekday
08-31 14:31:00.059 I/TriggerService( 1676): trigger matching headphones
08-31 14:31:00.059 I/TriggerService( 1676): dim does not match battery state
08-31 14:31:00.059 I/TriggerService( 1676): compare trigger: undim
08-31 14:31:00.059 I/TriggerService( 1676): compare time called!
08-31 14:31:00.059 I/TriggerService( 1676): time ignored
08-31 14:31:00.059 I/TriggerService( 1676): trigger matching time
08-31 14:31:00.059 I/TriggerService( 1676): compare weekday called!
08-31 14:31:00.059 I/TriggerService( 1676): every or no weekday is set
08-31 14:31:00.059 I/TriggerService( 1676): trigger matching weekday
08-31 14:31:00.059 I/TriggerService( 1676): trigger matching headphones
08-31 14:31:00.059 I/TriggerService( 1676): trigger matching battery state
08-31 14:31:00.059 I/TriggerService( 1676): trigger matching battery level
08-31 14:31:00.059 I/TriggerService( 1676): trigger matching geofence
08-31 14:31:00.059 I/TriggerService( 1676): adding trigger to triggerPriorityList: undim
08-31 14:31:00.059 I/TriggerService( 1676): highestPriority add: undim
08-31 14:31:00.059 I/TriggerService( 1676): comparePriorities called
08-31 14:31:00.059 I/TriggerBroadcastReceiver( 1676): TimeTick: 14:31
08-31 14:31:00.059 I/TriggerBroadcastReceiver( 1676): Broadcast received: android.intent.action.TIME_TICK
08-31 14:31:00.059 I/TriggerService( 1676): current time updated: 14:31
08-31 14:31:00.059 I/TriggerService( 1676): compareTriggers called
08-31 14:31:00.059 I/TriggerService( 1676): compare trigger: dim
08-31 14:31:00.059 I/TriggerService( 1676): compare time called!
08-31 14:31:00.059 I/TriggerService( 1676): time ignored
08-31 14:31:00.059 I/TriggerService( 1676): trigger matching time
08-31 14:31:00.059 I/TriggerService( 1676): compare weekday called!
08-31 14:31:00.059 I/TriggerService( 1676): every or no weekday is set
08-31 14:31:00.059 I/TriggerService( 1676): trigger matching weekday
08-31 14:31:00.059 I/TriggerService( 1676): trigger matching headphones
08-31 14:31:00.059 I/TriggerService( 1676): dim does not match battery state
08-31 14:31:00.059 I/TriggerService( 1676): compare trigger: undim
08-31 14:31:00.059 I/TriggerService( 1676): compare time called!
08-31 14:31:00.059 I/TriggerService( 1676): time ignored
08-31 14:31:00.059 I/TriggerService( 1676): trigger matching time
08-31 14:31:00.059 I/TriggerService( 1676): compare weekday called!
08-31 14:31:00.059 I/TriggerService( 1676): every or no weekday is set
08-31 14:31:00.059 I/TriggerService( 1676): trigger matching weekday
08-31 14:31:00.059 I/TriggerService( 1676): trigger matching headphones
08-31 14:31:00.059 I/TriggerService( 1676): trigger matching battery state
08-31 14:31:00.059 I/TriggerService( 1676): trigger matching battery level
08-31 14:31:00.059 I/TriggerService( 1676): trigger matching geofence
08-31 14:31:00.059 I/TriggerService( 1676): adding trigger to triggerPriorityList: undim
08-31 14:31:00.059 I/TriggerService( 1676): highestPriority add: undim
08-31 14:31:00.059 I/TriggerService( 1676): comparePriorities called
08-31 14:31:00.059 I/TriggerBroadcastReceiver( 1676): TimeTick: 14:31
08-31 14:31:20.228 I/WifiToggleService( 1663): Ping Success
08-31 14:31:20.258 D/dalvikvm( 1663): GC_CONCURRENT freed 417K, 6% free 9101K/9648K, paused 6ms+4ms, total 52ms
08-31 14:31:30.038 I/TriggerBroadcastReceiver( 1676): Broadcast received: android.intent.action.BATTERY_CHANGED
08-31 14:31:30.038 I/TriggerService( 1676): batterylevel changed to 22
08-31 14:31:30.038 I/TriggerService( 1676): compareTriggers called
08-31 14:31:30.038 I/TriggerService( 1676): compare trigger: dim
08-31 14:31:30.038 I/TriggerService( 1676): compare time called!
08-31 14:31:30.038 I/TriggerService( 1676): time ignored
08-31 14:31:30.038 I/TriggerService( 1676): trigger matching time
08-31 14:31:30.038 I/TriggerService( 1676): compare weekday called!
08-31 14:31:30.038 I/TriggerService( 1676): every or no weekday is set
08-31 14:31:30.038 I/TriggerService( 1676): trigger matching weekday
08-31 14:31:30.038 I/TriggerService( 1676): trigger matching headphones
08-31 14:31:30.038 I/TriggerService( 1676): dim does not match battery state
08-31 14:31:30.038 I/TriggerService( 1676): compare trigger: undim
08-31 14:31:30.038 I/TriggerService( 1676): compare time called!
08-31 14:31:30.038 I/TriggerService( 1676): time ignored
08-31 14:31:30.038 I/TriggerService( 1676): trigger matching time
08-31 14:31:30.038 I/TriggerService( 1676): compare weekday called!
08-31 14:31:30.038 I/TriggerService( 1676): every or no weekday is set
08-31 14:31:30.038 I/TriggerService( 1676): trigger matching weekday
08-31 14:31:30.038 I/TriggerService( 1676): trigger matching headphones
08-31 14:31:30.038 I/TriggerService( 1676): trigger matching battery state
08-31 14:31:30.038 I/TriggerService( 1676): trigger matching battery level
08-31 14:31:30.038 I/TriggerService( 1676): trigger matching geofence
08-31 14:31:30.038 I/TriggerService( 1676): adding trigger to triggerPriorityList: undim
08-31 14:31:30.038 I/TriggerService( 1676): highestPriority add: undim
08-31 14:31:30.038 I/TriggerService( 1676): comparePriorities called
08-31 14:31:30.038 I/TriggerBroadcastReceiver( 1676): Broadcast received: android.intent.action.BATTERY_CHANGED
08-31 14:31:30.038 I/TriggerService( 1676): batterylevel changed to 22
08-31 14:31:30.038 I/TriggerService( 1676): compareTriggers called
08-31 14:31:30.038 I/TriggerService( 1676): compare trigger: dim
08-31 14:31:30.038 I/TriggerService( 1676): compare time called!
08-31 14:31:30.038 I/TriggerService( 1676): time ignored
08-31 14:31:30.038 I/TriggerService( 1676): trigger matching time
08-31 14:31:30.038 I/TriggerService( 1676): compare weekday called!
08-31 14:31:30.038 I/TriggerService( 1676): every or no weekday is set
08-31 14:31:30.038 I/TriggerService( 1676): trigger matching weekday
08-31 14:31:30.038 I/TriggerService( 1676): trigger matching headphones
08-31 14:31:30.038 I/TriggerService( 1676): dim does not match battery state
08-31 14:31:30.038 I/TriggerService( 1676): compare trigger: undim
08-31 14:31:30.038 I/TriggerService( 1676): compare time called!
08-31 14:31:30.038 I/TriggerService( 1676): time ignored
08-31 14:31:30.038 I/TriggerService( 1676): trigger matching time
08-31 14:31:30.038 I/TriggerService( 1676): compare weekday called!
08-31 14:31:30.038 I/TriggerService( 1676): every or no weekday is set
08-31 14:31:30.038 I/TriggerService( 1676): trigger matching weekday
08-31 14:31:30.038 I/TriggerService( 1676): trigger matching headphones
08-31 14:31:30.038 I/TriggerService( 1676): trigger matching battery state
08-31 14:31:30.038 I/TriggerService( 1676): trigger matching battery level
08-31 14:31:30.038 I/TriggerService( 1676): trigger matching geofence
08-31 14:31:30.038 I/TriggerService( 1676): adding trigger to triggerPriorityList: undim
08-31 14:31:30.058 I/TriggerService( 1676): highestPriority add: undim
08-31 14:31:30.058 I/TriggerService( 1676): comparePriorities called
08-31 14:31:50.278 I/WifiToggleService( 1663): Ping Success
08-31 14:32:00.067 I/TriggerBroadcastReceiver( 1676): Broadcast received: android.intent.action.TIME_TICK
08-31 14:32:00.067 I/TriggerService( 1676): current time updated: 14:32
08-31 14:32:00.067 I/TriggerService( 1676): compareTriggers called
08-31 14:32:00.067 I/TriggerService( 1676): compare trigger: dim
08-31 14:32:00.067 I/TriggerService( 1676): compare time called!
08-31 14:32:00.067 I/TriggerService( 1676): time ignored
08-31 14:32:00.067 I/TriggerService( 1676): trigger matching time
08-31 14:32:00.067 I/TriggerService( 1676): compare weekday called!
08-31 14:32:00.067 I/TriggerService( 1676): every or no weekday is set
08-31 14:32:00.067 I/TriggerService( 1676): trigger matching weekday
08-31 14:32:00.067 I/TriggerService( 1676): trigger matching headphones
08-31 14:32:00.067 I/TriggerService( 1676): dim does not match battery state
08-31 14:32:00.067 I/TriggerService( 1676): compare trigger: undim
08-31 14:32:00.067 I/TriggerService( 1676): compare time called!
08-31 14:32:00.067 I/TriggerService( 1676): time ignored
08-31 14:32:00.067 I/TriggerService( 1676): trigger matching time
08-31 14:32:00.067 I/TriggerService( 1676): compare weekday called!
08-31 14:32:00.067 I/TriggerService( 1676): every or no weekday is set
08-31 14:32:00.067 I/TriggerService( 1676): trigger matching weekday
08-31 14:32:00.067 I/TriggerService( 1676): trigger matching headphones
08-31 14:32:00.067 I/TriggerService( 1676): trigger matching battery state
08-31 14:32:00.067 I/TriggerService( 1676): trigger matching battery level
08-31 14:32:00.067 I/TriggerService( 1676): trigger matching geofence
08-31 14:32:00.067 I/TriggerService( 1676): adding trigger to triggerPriorityList: undim
08-31 14:32:00.067 I/TriggerService( 1676): highestPriority add: undim
08-31 14:32:00.067 I/TriggerService( 1676): comparePriorities called
08-31 14:32:00.067 I/TriggerBroadcastReceiver( 1676): TimeTick: 14:32
08-31 14:32:00.067 I/TriggerBroadcastReceiver( 1676): Broadcast received: android.intent.action.TIME_TICK
08-31 14:32:00.067 I/TriggerService( 1676): current time updated: 14:32
08-31 14:32:00.067 I/TriggerService( 1676): compareTriggers called
08-31 14:32:00.067 I/TriggerService( 1676): compare trigger: dim
08-31 14:32:00.067 I/TriggerService( 1676): compare time called!
08-31 14:32:00.067 I/TriggerService( 1676): time ignored
08-31 14:32:00.067 I/TriggerService( 1676): trigger matching time
08-31 14:32:00.067 I/TriggerService( 1676): compare weekday called!
08-31 14:32:00.067 I/TriggerService( 1676): every or no weekday is set
08-31 14:32:00.067 I/TriggerService( 1676): trigger matching weekday
08-31 14:32:00.067 I/TriggerService( 1676): trigger matching headphones
08-31 14:32:00.067 I/TriggerService( 1676): dim does not match battery state
08-31 14:32:00.067 I/TriggerService( 1676): compare trigger: undim
08-31 14:32:00.067 I/TriggerService( 1676): compare time called!
08-31 14:32:00.067 I/TriggerService( 1676): time ignored
08-31 14:32:00.067 I/TriggerService( 1676): trigger matching time
08-31 14:32:00.067 I/TriggerService( 1676): compare weekday called!
08-31 14:32:00.067 I/TriggerService( 1676): every or no weekday is set
08-31 14:32:00.067 I/TriggerService( 1676): trigger matching weekday
08-31 14:32:00.067 I/TriggerService( 1676): trigger matching headphones
08-31 14:32:00.067 I/TriggerService( 1676): trigger matching battery state
08-31 14:32:00.067 I/TriggerService( 1676): trigger matching battery level
08-31 14:32:00.067 I/TriggerService( 1676): trigger matching geofence
08-31 14:32:00.067 I/TriggerService( 1676): adding trigger to triggerPriorityList: undim
08-31 14:32:00.067 I/TriggerService( 1676): highestPriority add: undim
08-31 14:32:00.067 I/TriggerService( 1676): comparePriorities called
08-31 14:32:00.067 I/TriggerBroadcastReceiver( 1676): TimeTick: 14:32
08-31 14:32:20.347 I/WifiToggleService( 1663): Ping Success
08-31 14:32:30.197 I/TriggerBroadcastReceiver( 1676): Broadcast received: android.intent.action.BATTERY_CHANGED
08-31 14:32:30.197 I/TriggerService( 1676): batterylevel changed to 21
08-31 14:32:30.197 I/TriggerService( 1676): compareTriggers called
08-31 14:32:30.197 I/TriggerService( 1676): compare trigger: dim
08-31 14:32:30.197 I/TriggerService( 1676): compare time called!
08-31 14:32:30.197 I/TriggerService( 1676): time ignored
08-31 14:32:30.197 I/TriggerService( 1676): trigger matching time
08-31 14:32:30.197 I/TriggerService( 1676): compare weekday called!
08-31 14:32:30.197 I/TriggerService( 1676): every or no weekday is set
08-31 14:32:30.197 I/TriggerService( 1676): trigger matching weekday
08-31 14:32:30.197 I/TriggerService( 1676): trigger matching headphones
08-31 14:32:30.197 I/TriggerService( 1676): dim does not match battery state
08-31 14:32:30.197 I/TriggerService( 1676): compare trigger: undim
08-31 14:32:30.197 I/TriggerService( 1676): compare time called!
08-31 14:32:30.197 I/TriggerService( 1676): time ignored
08-31 14:32:30.197 I/TriggerService( 1676): trigger matching time
08-31 14:32:30.197 I/TriggerService( 1676): compare weekday called!
08-31 14:32:30.197 I/TriggerService( 1676): every or no weekday is set
08-31 14:32:30.197 I/TriggerService( 1676): trigger matching weekday
08-31 14:32:30.197 I/TriggerService( 1676): trigger matching headphones
08-31 14:32:30.197 I/TriggerService( 1676): trigger matching battery state
08-31 14:32:30.197 I/TriggerService( 1676): trigger matching battery level
08-31 14:32:30.197 I/TriggerService( 1676): trigger matching geofence
08-31 14:32:30.197 I/TriggerService( 1676): adding trigger to triggerPriorityList: undim
08-31 14:32:30.197 I/TriggerService( 1676): highestPriority add: undim
08-31 14:32:30.197 I/TriggerService( 1676): comparePriorities called
08-31 14:32:30.197 I/TriggerBroadcastReceiver( 1676): Broadcast received: android.intent.action.BATTERY_CHANGED
08-31 14:32:30.197 I/TriggerService( 1676): batterylevel changed to 21
08-31 14:32:30.197 I/TriggerService( 1676): compareTriggers called
08-31 14:32:30.197 I/TriggerService( 1676): compare trigger: dim
08-31 14:32:30.197 I/TriggerService( 1676): compare time called!
08-31 14:32:30.197 I/TriggerService( 1676): time ignored
08-31 14:32:30.197 I/TriggerService( 1676): trigger matching time
08-31 14:32:30.197 I/TriggerService( 1676): compare weekday called!
08-31 14:32:30.197 I/TriggerService( 1676): every or no weekday is set
08-31 14:32:30.197 I/TriggerService( 1676): trigger matching weekday
08-31 14:32:30.197 I/TriggerService( 1676): trigger matching headphones
08-31 14:32:30.197 I/TriggerService( 1676): dim does not match battery state
08-31 14:32:30.197 I/TriggerService( 1676): compare trigger: undim
08-31 14:32:30.197 I/TriggerService( 1676): compare time called!
08-31 14:32:30.197 I/TriggerService( 1676): time ignored
08-31 14:32:30.197 I/TriggerService( 1676): trigger matching time
08-31 14:32:30.197 I/TriggerService( 1676): compare weekday called!
08-31 14:32:30.197 I/TriggerService( 1676): every or no weekday is set
08-31 14:32:30.197 I/TriggerService( 1676): trigger matching weekday
08-31 14:32:30.197 I/TriggerService( 1676): trigger matching headphones
08-31 14:32:30.197 I/TriggerService( 1676): trigger matching battery state
08-31 14:32:30.197 I/TriggerService( 1676): trigger matching battery level
08-31 14:32:30.197 I/TriggerService( 1676): trigger matching geofence
08-31 14:32:30.197 I/TriggerService( 1676): adding trigger to triggerPriorityList: undim
08-31 14:32:30.197 I/TriggerService( 1676): highestPriority add: undim
08-31 14:32:30.197 I/TriggerService( 1676): comparePriorities called
08-31 14:32:50.456 D/dalvikvm( 1663): GC_CONCURRENT freed 503K, 6% free 9109K/9648K, paused 6ms+3ms, total 89ms
08-31 14:32:50.456 D/dalvikvm( 1663): WAIT_FOR_CONCURRENT_GC blocked 29ms
08-31 14:32:50.456 I/WifiToggleService( 1663): Ping Success
08-31 14:33:00.066 I/TriggerBroadcastReceiver( 1676): Broadcast received: android.intent.action.TIME_TICK
08-31 14:33:00.066 I/TriggerService( 1676): current time updated: 14:33
08-31 14:33:00.066 I/TriggerService( 1676): compareTriggers called
08-31 14:33:00.066 I/TriggerService( 1676): compare trigger: dim
08-31 14:33:00.066 I/TriggerService( 1676): compare time called!
08-31 14:33:00.066 I/TriggerService( 1676): time ignored
08-31 14:33:00.066 I/TriggerService( 1676): trigger matching time
08-31 14:33:00.066 I/TriggerService( 1676): compare weekday called!
08-31 14:33:00.066 I/TriggerService( 1676): every or no weekday is set
08-31 14:33:00.066 I/TriggerService( 1676): trigger matching weekday
08-31 14:33:00.066 I/TriggerService( 1676): trigger matching headphones
08-31 14:33:00.066 I/TriggerService( 1676): dim does not match battery state
08-31 14:33:00.066 I/TriggerService( 1676): compare trigger: undim
08-31 14:33:00.066 I/TriggerService( 1676): compare time called!
08-31 14:33:00.066 I/TriggerService( 1676): time ignored
08-31 14:33:00.066 I/TriggerService( 1676): trigger matching time
08-31 14:33:00.066 I/TriggerService( 1676): compare weekday called!
08-31 14:33:00.066 I/TriggerService( 1676): every or no weekday is set
08-31 14:33:00.066 I/TriggerService( 1676): trigger matching weekday
08-31 14:33:00.066 I/TriggerService( 1676): trigger matching headphones
08-31 14:33:00.066 I/TriggerService( 1676): trigger matching battery state
08-31 14:33:00.066 I/TriggerService( 1676): trigger matching battery level
08-31 14:33:00.066 I/TriggerService( 1676): trigger matching geofence
08-31 14:33:00.066 I/TriggerService( 1676): adding trigger to triggerPriorityList: undim
08-31 14:33:00.066 I/TriggerService( 1676): highestPriority add: undim
08-31 14:33:00.066 I/TriggerService( 1676): comparePriorities called
08-31 14:33:00.066 I/TriggerBroadcastReceiver( 1676): TimeTick: 14:33
08-31 14:33:00.066 I/TriggerBroadcastReceiver( 1676): Broadcast received: android.intent.action.TIME_TICK
08-31 14:33:00.066 I/TriggerService( 1676): current time updated: 14:33
08-31 14:33:00.066 I/TriggerService( 1676): compareTriggers called
08-31 14:33:00.066 I/TriggerService( 1676): compare trigger: dim
08-31 14:33:00.066 I/TriggerService( 1676): compare time called!
08-31 14:33:00.066 I/TriggerService( 1676): time ignored
08-31 14:33:00.066 I/TriggerService( 1676): trigger matching time
08-31 14:33:00.066 I/TriggerService( 1676): compare weekday called!
08-31 14:33:00.066 I/TriggerService( 1676): every or no weekday is set
08-31 14:33:00.066 I/TriggerService( 1676): trigger matching weekday
08-31 14:33:00.066 I/TriggerService( 1676): trigger matching headphones
08-31 14:33:00.066 I/TriggerService( 1676): dim does not match battery state
08-31 14:33:00.066 I/TriggerService( 1676): compare trigger: undim
08-31 14:33:00.066 I/TriggerService( 1676): compare time called!
08-31 14:33:00.066 I/TriggerService( 1676): time ignored
08-31 14:33:00.066 I/TriggerService( 1676): trigger matching time
08-31 14:33:00.066 I/TriggerService( 1676): compare weekday called!
08-31 14:33:00.066 I/TriggerService( 1676): every or no weekday is set
08-31 14:33:00.066 I/TriggerService( 1676): trigger matching weekday
08-31 14:33:00.066 I/TriggerService( 1676): trigger matching headphones
08-31 14:33:00.066 I/TriggerService( 1676): trigger matching battery state
08-31 14:33:00.066 I/TriggerService( 1676): trigger matching battery level
08-31 14:33:00.066 I/TriggerService( 1676): trigger matching geofence
08-31 14:33:00.066 I/TriggerService( 1676): adding trigger to triggerPriorityList: undim
08-31 14:33:00.066 I/TriggerService( 1676): highestPriority add: undim
08-31 14:33:00.066 I/TriggerService( 1676): comparePriorities called
08-31 14:33:00.066 I/TriggerBroadcastReceiver( 1676): TimeTick: 14:33
08-31 14:33:20.516 I/WifiToggleService( 1663): Ping Success
08-31 14:33:30.355 I/TriggerBroadcastReceiver( 1676): Broadcast received: android.intent.action.BATTERY_CHANGED
08-31 14:33:30.355 I/TriggerService( 1676): batterylevel changed to 21
08-31 14:33:30.355 I/TriggerService( 1676): compareTriggers called
08-31 14:33:30.355 I/TriggerService( 1676): compare trigger: dim
08-31 14:33:30.355 I/TriggerService( 1676): compare time called!
08-31 14:33:30.355 I/TriggerService( 1676): time ignored
08-31 14:33:30.355 I/TriggerService( 1676): trigger matching time
08-31 14:33:30.355 I/TriggerService( 1676): compare weekday called!
08-31 14:33:30.355 I/TriggerService( 1676): every or no weekday is set
08-31 14:33:30.355 I/TriggerService( 1676): trigger matching weekday
08-31 14:33:30.355 I/TriggerService( 1676): trigger matching headphones
08-31 14:33:30.355 I/TriggerService( 1676): dim does not match battery state
08-31 14:33:30.355 I/TriggerService( 1676): compare trigger: undim
08-31 14:33:30.355 I/TriggerService( 1676): compare time called!
08-31 14:33:30.355 I/TriggerService( 1676): time ignored
08-31 14:33:30.355 I/TriggerService( 1676): trigger matching time
08-31 14:33:30.355 I/TriggerService( 1676): compare weekday called!
08-31 14:33:30.355 I/TriggerService( 1676): every or no weekday is set
08-31 14:33:30.355 I/TriggerService( 1676): trigger matching weekday
08-31 14:33:30.355 I/TriggerService( 1676): trigger matching headphones
08-31 14:33:30.355 I/TriggerService( 1676): trigger matching battery state
08-31 14:33:30.355 I/TriggerService( 1676): trigger matching battery level
08-31 14:33:30.355 I/TriggerService( 1676): trigger matching geofence
08-31 14:33:30.355 I/TriggerService( 1676): adding trigger to triggerPriorityList: undim
08-31 14:33:30.355 I/TriggerService( 1676): highestPriority add: undim
08-31 14:33:30.355 I/TriggerService( 1676): comparePriorities called
08-31 14:33:30.355 I/TriggerBroadcastReceiver( 1676): Broadcast received: android.intent.action.BATTERY_CHANGED
08-31 14:33:30.355 I/TriggerService( 1676): batterylevel changed to 21
08-31 14:33:30.355 I/TriggerService( 1676): compareTriggers called
08-31 14:33:30.355 I/TriggerService( 1676): compare trigger: dim
08-31 14:33:30.355 I/TriggerService( 1676): compare time called!
08-31 14:33:30.355 I/TriggerService( 1676): time ignored
08-31 14:33:30.355 I/TriggerService( 1676): trigger matching time
08-31 14:33:30.355 I/TriggerService( 1676): compare weekday called!
08-31 14:33:30.355 I/TriggerService( 1676): every or no weekday is set
08-31 14:33:30.355 I/TriggerService( 1676): trigger matching weekday
08-31 14:33:30.355 I/TriggerService( 1676): trigger matching headphones
08-31 14:33:30.355 I/TriggerService( 1676): dim does not match battery state
08-31 14:33:30.355 I/TriggerService( 1676): compare trigger: undim
08-31 14:33:30.355 I/TriggerService( 1676): compare time called!
08-31 14:33:30.355 I/TriggerService( 1676): time ignored
08-31 14:33:30.355 I/TriggerService( 1676): trigger matching time
08-31 14:33:30.355 I/TriggerService( 1676): compare weekday called!
08-31 14:33:30.355 I/TriggerService( 1676): every or no weekday is set
08-31 14:33:30.355 I/TriggerService( 1676): trigger matching weekday
08-31 14:33:30.355 I/TriggerService( 1676): trigger matching headphones
08-31 14:33:30.355 I/TriggerService( 1676): trigger matching battery state
08-31 14:33:30.355 I/TriggerService( 1676): trigger matching battery level
08-31 14:33:30.355 I/TriggerService( 1676): trigger matching geofence
08-31 14:33:30.355 I/TriggerService( 1676): adding trigger to triggerPriorityList: undim
08-31 14:33:30.355 I/TriggerService( 1676): highestPriority add: undim
08-31 14:33:30.355 I/TriggerService( 1676): comparePriorities called
08-31 14:33:35.050 D/AutobahnWebService(19158): {"type":"ping","timestamp":1441045946766}
08-31 14:33:35.050 D/AutobahnWebService(19158): Sending PONG for payload: {"type":"ping","timestamp":1441045946766}
08-31 14:33:35.060 D/WebviewSender(19158): {"type":"ping","timestamp":1441045946766}
08-31 14:33:35.060 D/WebviewSender(19158): {"type":"ping","timestamp":1441045946766}
08-31 14:33:35.070 D/WebviewSender(19158): {"type":"ping","timestamp":1441045946766}
08-31 14:33:35.070 I/chromium(19158): [INFO:CONSOLE(807)] "%o, payload: %o", source: http://10.138.18.22:9000/sim/javascripts/2384aa31.common.js (807)
08-31 14:33:35.070 I/chromium(19158): [INFO:CONSOLE(1)] "Uncaught ReferenceError: androidCallback is not defined", source:  (1)
08-31 14:33:35.080 I/chromium(19158): [INFO:CONSOLE(769)] "%o, payload: %o", source: http://10.138.18.22:9000/bill_summary/javascripts/common.js (769)
08-31 14:33:50.585 I/WifiToggleService( 1663): Ping Success
08-31 14:33:50.615 D/dalvikvm( 1663): GC_CONCURRENT freed 395K, 6% free 9101K/9648K, paused 5ms+5ms, total 53ms
08-31 14:34:00.044 I/TriggerBroadcastReceiver( 1676): Broadcast received: android.intent.action.TIME_TICK
08-31 14:34:00.044 I/TriggerService( 1676): current time updated: 14:34
08-31 14:34:00.044 I/TriggerService( 1676): compareTriggers called
08-31 14:34:00.044 I/TriggerService( 1676): compare trigger: dim
08-31 14:34:00.044 I/TriggerService( 1676): compare time called!
08-31 14:34:00.044 I/TriggerService( 1676): time ignored
08-31 14:34:00.044 I/TriggerService( 1676): trigger matching time
08-31 14:34:00.044 I/TriggerService( 1676): compare weekday called!
08-31 14:34:00.044 I/TriggerService( 1676): every or no weekday is set
08-31 14:34:00.044 I/TriggerService( 1676): trigger matching weekday
08-31 14:34:00.044 I/TriggerService( 1676): trigger matching headphones
08-31 14:34:00.044 I/TriggerService( 1676): dim does not match battery state
08-31 14:34:00.044 I/TriggerService( 1676): compare trigger: undim
08-31 14:34:00.044 I/TriggerService( 1676): compare time called!
08-31 14:34:00.044 I/TriggerService( 1676): time ignored
08-31 14:34:00.044 I/TriggerService( 1676): trigger matching time
08-31 14:34:00.044 I/TriggerService( 1676): compare weekday called!
08-31 14:34:00.044 I/TriggerService( 1676): every or no weekday is set
08-31 14:34:00.044 I/TriggerService( 1676): trigger matching weekday
08-31 14:34:00.044 I/TriggerService( 1676): trigger matching headphones
08-31 14:34:00.044 I/TriggerService( 1676): trigger matching battery state
08-31 14:34:00.044 I/TriggerService( 1676): trigger matching battery level
08-31 14:34:00.044 I/TriggerService( 1676): trigger matching geofence
08-31 14:34:00.044 I/TriggerService( 1676): adding trigger to triggerPriorityList: undim
08-31 14:34:00.044 I/TriggerService( 1676): highestPriority add: undim
08-31 14:34:00.044 I/TriggerService( 1676): comparePriorities called
08-31 14:34:00.044 I/TriggerBroadcastReceiver( 1676): TimeTick: 14:34
08-31 14:34:00.044 I/TriggerBroadcastReceiver( 1676): Broadcast received: android.intent.action.TIME_TICK
08-31 14:34:00.044 I/TriggerService( 1676): current time updated: 14:34
08-31 14:34:00.044 I/TriggerService( 1676): compareTriggers called
08-31 14:34:00.044 I/TriggerService( 1676): compare trigger: dim
08-31 14:34:00.044 I/TriggerService( 1676): compare time called!
08-31 14:34:00.044 I/TriggerService( 1676): time ignored
08-31 14:34:00.044 I/TriggerService( 1676): trigger matching time
08-31 14:34:00.044 I/TriggerService( 1676): compare weekday called!
08-31 14:34:00.044 I/TriggerService( 1676): every or no weekday is set
08-31 14:34:00.044 I/TriggerService( 1676): trigger matching weekday
08-31 14:34:00.044 I/TriggerService( 1676): trigger matching headphones
08-31 14:34:00.044 I/TriggerService( 1676): dim does not match battery state
08-31 14:34:00.044 I/TriggerService( 1676): compare trigger: undim
08-31 14:34:00.044 I/TriggerService( 1676): compare time called!
08-31 14:34:00.044 I/TriggerService( 1676): time ignored
08-31 14:34:00.044 I/TriggerService( 1676): trigger matching time
08-31 14:34:00.044 I/TriggerService( 1676): compare weekday called!
08-31 14:34:00.044 I/TriggerService( 1676): every or no weekday is set
08-31 14:34:00.044 I/TriggerService( 1676): trigger matching weekday
08-31 14:34:00.044 I/TriggerService( 1676): trigger matching headphones
08-31 14:34:00.044 I/TriggerService( 1676): trigger matching battery state
08-31 14:34:00.044 I/TriggerService( 1676): trigger matching battery level
08-31 14:34:00.044 I/TriggerService( 1676): trigger matching geofence
08-31 14:34:00.044 I/TriggerService( 1676): adding trigger to triggerPriorityList: undim
08-31 14:34:00.044 I/TriggerService( 1676): highestPriority add: undim
08-31 14:34:00.044 I/TriggerService( 1676): comparePriorities called
08-31 14:34:00.044 I/TriggerBroadcastReceiver( 1676): TimeTick: 14:34
08-31 14:34:20.634 I/WifiToggleService( 1663): Ping Success
08-31 14:34:30.514 I/TriggerBroadcastReceiver( 1676): Broadcast received: android.intent.action.BATTERY_CHANGED
08-31 14:34:30.514 I/TriggerService( 1676): batterylevel changed to 21
08-31 14:34:30.514 I/TriggerService( 1676): compareTriggers called
08-31 14:34:30.514 I/TriggerService( 1676): compare trigger: dim
08-31 14:34:30.514 I/TriggerService( 1676): compare time called!
08-31 14:34:30.514 I/TriggerService( 1676): time ignored
08-31 14:34:30.514 I/TriggerService( 1676): trigger matching time
08-31 14:34:30.514 I/TriggerService( 1676): compare weekday called!
08-31 14:34:30.514 I/TriggerService( 1676): every or no weekday is set
08-31 14:34:30.514 I/TriggerService( 1676): trigger matching weekday
08-31 14:34:30.514 I/TriggerService( 1676): trigger matching headphones
08-31 14:34:30.514 I/TriggerService( 1676): dim does not match battery state
08-31 14:34:30.514 I/TriggerService( 1676): compare trigger: undim
08-31 14:34:30.514 I/TriggerService( 1676): compare time called!
08-31 14:34:30.514 I/TriggerService( 1676): time ignored
08-31 14:34:30.514 I/TriggerService( 1676): trigger matching time
08-31 14:34:30.514 I/TriggerService( 1676): compare weekday called!
08-31 14:34:30.514 I/TriggerService( 1676): every or no weekday is set
08-31 14:34:30.514 I/TriggerService( 1676): trigger matching weekday
08-31 14:34:30.514 I/TriggerService( 1676): trigger matching headphones
08-31 14:34:30.514 I/TriggerService( 1676): trigger matching battery state
08-31 14:34:30.514 I/TriggerService( 1676): trigger matching battery level
08-31 14:34:30.514 I/TriggerService( 1676): trigger matching geofence
08-31 14:34:30.514 I/TriggerService( 1676): adding trigger to triggerPriorityList: undim
08-31 14:34:30.514 I/TriggerService( 1676): highestPriority add: undim
08-31 14:34:30.514 I/TriggerService( 1676): comparePriorities called
08-31 14:34:30.514 I/TriggerBroadcastReceiver( 1676): Broadcast received: android.intent.action.BATTERY_CHANGED
08-31 14:34:30.514 I/TriggerService( 1676): batterylevel changed to 21
08-31 14:34:30.514 I/TriggerService( 1676): compareTriggers called
08-31 14:34:30.514 I/TriggerService( 1676): compare trigger: dim
08-31 14:34:30.514 I/TriggerService( 1676): compare time called!
08-31 14:34:30.514 I/TriggerService( 1676): time ignored
08-31 14:34:30.514 I/TriggerService( 1676): trigger matching time
08-31 14:34:30.514 I/TriggerService( 1676): compare weekday called!
08-31 14:34:30.514 I/TriggerService( 1676): every or no weekday is set
08-31 14:34:30.514 I/TriggerService( 1676): trigger matching weekday
08-31 14:34:30.514 I/TriggerService( 1676): trigger matching headphones
08-31 14:34:30.514 I/TriggerService( 1676): dim does not match battery state
08-31 14:34:30.514 I/TriggerService( 1676): compare trigger: undim
08-31 14:34:30.514 I/TriggerService( 1676): compare time called!
08-31 14:34:30.514 I/TriggerService( 1676): time ignored
08-31 14:34:30.514 I/TriggerService( 1676): trigger matching time
08-31 14:34:30.514 I/TriggerService( 1676): compare weekday called!
08-31 14:34:30.514 I/TriggerService( 1676): every or no weekday is set
08-31 14:34:30.514 I/TriggerService( 1676): trigger matching weekday
08-31 14:34:30.514 I/TriggerService( 1676): trigger matching headphones
08-31 14:34:30.514 I/TriggerService( 1676): trigger matching battery state
08-31 14:34:30.514 I/TriggerService( 1676): trigger matching battery level
08-31 14:34:30.514 I/TriggerService( 1676): trigger matching geofence
08-31 14:34:30.514 I/TriggerService( 1676): adding trigger to triggerPriorityList: undim
08-31 14:34:30.514 I/TriggerService( 1676): highestPriority add: undim
08-31 14:34:30.514 I/TriggerService( 1676): comparePriorities called
08-31 14:34:50.704 I/WifiToggleService( 1663): Ping Success
08-31 14:35:00.063 I/TriggerBroadcastReceiver( 1676): Broadcast received: android.intent.action.TIME_TICK
08-31 14:35:00.063 I/TriggerService( 1676): current time updated: 14:35
08-31 14:35:00.063 I/TriggerService( 1676): compareTriggers called
08-31 14:35:00.063 I/TriggerService( 1676): compare trigger: dim
08-31 14:35:00.063 I/TriggerService( 1676): compare time called!
08-31 14:35:00.063 I/TriggerService( 1676): time ignored
08-31 14:35:00.063 I/TriggerService( 1676): trigger matching time
08-31 14:35:00.063 I/TriggerService( 1676): compare weekday called!
08-31 14:35:00.063 I/TriggerService( 1676): every or no weekday is set
08-31 14:35:00.063 I/TriggerService( 1676): trigger matching weekday
08-31 14:35:00.063 I/TriggerService( 1676): trigger matching headphones
08-31 14:35:00.063 I/TriggerService( 1676): dim does not match battery state
08-31 14:35:00.063 I/TriggerService( 1676): compare trigger: undim
08-31 14:35:00.063 I/TriggerService( 1676): compare time called!
08-31 14:35:00.063 I/TriggerService( 1676): time ignored
08-31 14:35:00.063 I/TriggerService( 1676): trigger matching time
08-31 14:35:00.063 I/TriggerService( 1676): compare weekday called!
08-31 14:35:00.063 I/TriggerService( 1676): every or no weekday is set
08-31 14:35:00.063 I/TriggerService( 1676): trigger matching weekday
08-31 14:35:00.063 I/TriggerService( 1676): trigger matching headphones
08-31 14:35:00.063 I/TriggerService( 1676): trigger matching battery state
08-31 14:35:00.063 I/TriggerService( 1676): trigger matching battery level
08-31 14:35:00.063 I/TriggerService( 1676): trigger matching geofence
08-31 14:35:00.063 I/TriggerService( 1676): adding trigger to triggerPriorityList: undim
08-31 14:35:00.063 I/TriggerService( 1676): highestPriority add: undim
08-31 14:35:00.063 I/TriggerService( 1676): comparePriorities called
08-31 14:35:00.063 I/TriggerBroadcastReceiver( 1676): TimeTick: 14:35
08-31 14:35:00.063 I/TriggerBroadcastReceiver( 1676): Broadcast received: android.intent.action.TIME_TICK
08-31 14:35:00.063 I/TriggerService( 1676): current time updated: 14:35
08-31 14:35:00.063 I/TriggerService( 1676): compareTriggers called
08-31 14:35:00.063 I/TriggerService( 1676): compare trigger: dim
08-31 14:35:00.063 I/TriggerService( 1676): compare time called!
08-31 14:35:00.063 I/TriggerService( 1676): time ignored
08-31 14:35:00.063 I/TriggerService( 1676): trigger matching time
08-31 14:35:00.063 I/TriggerService( 1676): compare weekday called!
08-31 14:35:00.063 I/TriggerService( 1676): every or no weekday is set
08-31 14:35:00.063 I/TriggerService( 1676): trigger matching weekday
08-31 14:35:00.063 I/TriggerService( 1676): trigger matching headphones
08-31 14:35:00.063 I/TriggerService( 1676): dim does not match battery state
08-31 14:35:00.063 I/TriggerService( 1676): compare trigger: undim
08-31 14:35:00.063 I/TriggerService( 1676): compare time called!
08-31 14:35:00.063 I/TriggerService( 1676): time ignored
08-31 14:35:00.063 I/TriggerService( 1676): trigger matching time
08-31 14:35:00.063 I/TriggerService( 1676): compare weekday called!
08-31 14:35:00.063 I/TriggerService( 1676): every or no weekday is set
08-31 14:35:00.063 I/TriggerService( 1676): trigger matching weekday
08-31 14:35:00.063 I/TriggerService( 1676): trigger matching headphones
08-31 14:35:00.063 I/TriggerService( 1676): trigger matching battery state
08-31 14:35:00.063 I/TriggerService( 1676): trigger matching battery level
08-31 14:35:00.063 I/TriggerService( 1676): trigger matching geofence
08-31 14:35:00.063 I/TriggerService( 1676): adding trigger to triggerPriorityList: undim
08-31 14:35:00.063 I/TriggerService( 1676): highestPriority add: undim
08-31 14:35:00.063 I/TriggerService( 1676): comparePriorities called
08-31 14:35:00.063 I/TriggerBroadcastReceiver( 1676): TimeTick: 14:35
08-31 14:35:20.793 D/dalvikvm( 1663): GC_CONCURRENT freed 503K, 6% free 9109K/9648K, paused 7ms+2ms, total 65ms
08-31 14:35:20.793 D/dalvikvm( 1663): WAIT_FOR_CONCURRENT_GC blocked 7ms
08-31 14:35:20.793 I/WifiToggleService( 1663): Ping Success
08-31 14:35:21.143 D/ConnectivityService(  573): Sampling interval elapsed, updating statistics ..
08-31 14:35:21.153 D/ConnectivityService(  573): Done.
08-31 14:35:21.153 D/ConnectivityService(  573): Setting timer for 720seconds
08-31 14:35:21.163 I/LatinIME:LogUtils(  771): Dictionary info: dictionary = UserHistoryDictionary.en_US.dic ; version = ? ; date = 1441046121
08-31 14:35:21.173 I/EventLogService(  796): Aggregate from 1441043101088 (log), 1441043101088 (data)
08-31 14:35:21.173 I/ActivityManager(  573): Delay finish: com.google.android.gms/.auth.be.recovery.AccountRecoveryBackgroundService$Receiver
08-31 14:35:21.213 I/ActivityManager(  573): Resuming delayed broadcast
08-31 14:35:21.213 I/ActivityManager(  573): Delay finish: com.google.android.gms/.playlog.uploader.UploaderAlarmReceiver
08-31 14:35:21.223 W/Uploader(  975): No account for auth token provided
08-31 14:35:21.233 I/ActivityManager(  573): Resuming delayed broadcast
08-31 14:35:30.673 I/TriggerBroadcastReceiver( 1676): Broadcast received: android.intent.action.BATTERY_CHANGED
08-31 14:35:30.673 I/TriggerService( 1676): batterylevel changed to 21
08-31 14:35:30.673 I/TriggerService( 1676): compareTriggers called
08-31 14:35:30.673 I/TriggerService( 1676): compare trigger: dim
08-31 14:35:30.673 I/TriggerService( 1676): compare time called!
08-31 14:35:30.673 I/TriggerService( 1676): time ignored
08-31 14:35:30.673 I/TriggerService( 1676): trigger matching time
08-31 14:35:30.673 I/TriggerService( 1676): compare weekday called!
08-31 14:35:30.673 I/TriggerService( 1676): every or no weekday is set
08-31 14:35:30.673 I/TriggerService( 1676): trigger matching weekday
08-31 14:35:30.673 I/TriggerService( 1676): trigger matching headphones
08-31 14:35:30.673 I/TriggerService( 1676): dim does not match battery state
08-31 14:35:30.673 I/TriggerService( 1676): compare trigger: undim
08-31 14:35:30.673 I/TriggerService( 1676): compare time called!
08-31 14:35:30.673 I/TriggerService( 1676): time ignored
08-31 14:35:30.673 I/TriggerService( 1676): trigger matching time
08-31 14:35:30.673 I/TriggerService( 1676): compare weekday called!
08-31 14:35:30.673 I/TriggerService( 1676): every or no weekday is set
08-31 14:35:30.673 I/TriggerService( 1676): trigger matching weekday
08-31 14:35:30.673 I/TriggerService( 1676): trigger matching headphones
08-31 14:35:30.673 I/TriggerService( 1676): trigger matching battery state
08-31 14:35:30.673 I/TriggerService( 1676): trigger matching battery level
08-31 14:35:30.673 I/TriggerService( 1676): trigger matching geofence
08-31 14:35:30.683 I/TriggerService( 1676): adding trigger to triggerPriorityList: undim
08-31 14:35:30.683 I/TriggerService( 1676): highestPriority add: undim
08-31 14:35:30.683 I/TriggerService( 1676): comparePriorities called
08-31 14:35:30.683 I/TriggerBroadcastReceiver( 1676): Broadcast received: android.intent.action.BATTERY_CHANGED
08-31 14:35:30.683 I/TriggerService( 1676): batterylevel changed to 21
08-31 14:35:30.683 I/TriggerService( 1676): compareTriggers called
08-31 14:35:30.683 I/TriggerService( 1676): compare trigger: dim
08-31 14:35:30.683 I/TriggerService( 1676): compare time called!
08-31 14:35:30.683 I/TriggerService( 1676): time ignored
08-31 14:35:30.683 I/TriggerService( 1676): trigger matching time
08-31 14:35:30.683 I/TriggerService( 1676): compare weekday called!
08-31 14:35:30.683 I/TriggerService( 1676): every or no weekday is set
08-31 14:35:30.683 I/TriggerService( 1676): trigger matching weekday
08-31 14:35:30.683 I/TriggerService( 1676): trigger matching headphones
08-31 14:35:30.683 I/TriggerService( 1676): dim does not match battery state
08-31 14:35:30.683 I/TriggerService( 1676): compare trigger: undim
08-31 14:35:30.683 I/TriggerService( 1676): compare time called!
08-31 14:35:30.683 I/TriggerService( 1676): time ignored
08-31 14:35:30.683 I/TriggerService( 1676): trigger matching time
08-31 14:35:30.683 I/TriggerService( 1676): compare weekday called!
08-31 14:35:30.683 I/TriggerService( 1676): every or no weekday is set
08-31 14:35:30.683 I/TriggerService( 1676): trigger matching weekday
08-31 14:35:30.683 I/TriggerService( 1676): trigger matching headphones
08-31 14:35:30.683 I/TriggerService( 1676): trigger matching battery state
08-31 14:35:30.683 I/TriggerService( 1676): trigger matching battery level
08-31 14:35:30.683 I/TriggerService( 1676): trigger matching geofence
08-31 14:35:30.683 I/TriggerService( 1676): adding trigger to triggerPriorityList: undim
08-31 14:35:30.683 I/TriggerService( 1676): highestPriority add: undim
08-31 14:35:30.683 I/TriggerService( 1676): comparePriorities called
08-31 14:35:36.218 I/ActivityManager(  573): Waited long enough for: ServiceRecord{427075e8 u0 com.google.android.gms/.playlog.uploader.UploaderIntentService}
08-31 14:35:41.253 D/Uploader(  975): Network request failed class org.apache.http.conn.ConnectTimeoutException(Connect to /64.233.171.95:443 timed out)
08-31 14:35:41.293 D/dalvikvm(  975): GC_FOR_ALLOC freed 356K, 6% free 9601K/10140K, paused 31ms, total 32ms
08-31 14:35:50.842 I/WifiToggleService( 1663): Ping Success
08-31 14:36:00.051 I/TriggerBroadcastReceiver( 1676): Broadcast received: android.intent.action.TIME_TICK
08-31 14:36:00.051 I/TriggerService( 1676): current time updated: 14:36
08-31 14:36:00.051 I/TriggerService( 1676): compareTriggers called
08-31 14:36:00.051 I/TriggerService( 1676): compare trigger: dim
08-31 14:36:00.051 I/TriggerService( 1676): compare time called!
08-31 14:36:00.051 I/TriggerService( 1676): time ignored
08-31 14:36:00.051 I/TriggerService( 1676): trigger matching time
08-31 14:36:00.051 I/TriggerService( 1676): compare weekday called!
08-31 14:36:00.051 I/TriggerService( 1676): every or no weekday is set
08-31 14:36:00.051 I/TriggerService( 1676): trigger matching weekday
08-31 14:36:00.051 I/TriggerService( 1676): trigger matching headphones
08-31 14:36:00.051 I/TriggerService( 1676): dim does not match battery state
08-31 14:36:00.051 I/TriggerService( 1676): compare trigger: undim
08-31 14:36:00.051 I/TriggerService( 1676): compare time called!
08-31 14:36:00.051 I/TriggerService( 1676): time ignored
08-31 14:36:00.051 I/TriggerService( 1676): trigger matching time
08-31 14:36:00.051 I/TriggerService( 1676): compare weekday called!
08-31 14:36:00.051 I/TriggerService( 1676): every or no weekday is set
