08-31 14:36:00.051 I/TriggerService( 1676): trigger matching weekday
08-31 14:36:00.051 I/TriggerService( 1676): trigger matching headphones
08-31 14:36:00.051 I/TriggerService( 1676): trigger matching battery state
08-31 14:36:00.051 I/TriggerService( 1676): trigger matching battery level
08-31 14:36:00.051 I/TriggerService( 1676): trigger matching geofence
08-31 14:36:00.051 I/TriggerService( 1676): adding trigger to triggerPriorityList: undim
08-31 14:36:00.051 I/TriggerService( 1676): highestPriority add: undim
08-31 14:36:00.051 I/TriggerService( 1676): comparePriorities called
08-31 14:36:00.051 I/TriggerBroadcastReceiver( 1676): TimeTick: 14:36
08-31 14:36:00.051 I/TriggerBroadcastReceiver( 1676): Broadcast received: android.intent.action.TIME_TICK
08-31 14:36:00.061 I/TriggerService( 1676): current time updated: 14:36
08-31 14:36:00.061 I/TriggerService( 1676): compareTriggers called
08-31 14:36:00.061 I/TriggerService( 1676): compare trigger: dim
08-31 14:36:00.061 I/TriggerService( 1676): compare time called!
08-31 14:36:00.061 I/TriggerService( 1676): time ignored
08-31 14:36:00.061 I/TriggerService( 1676): trigger matching time
08-31 14:36:00.061 I/TriggerService( 1676): compare weekday called!
08-31 14:36:00.061 I/TriggerService( 1676): every or no weekday is set
08-31 14:36:00.061 I/TriggerService( 1676): trigger matching weekday
08-31 14:36:00.061 I/TriggerService( 1676): trigger matching headphones
08-31 14:36:00.061 I/TriggerService( 1676): dim does not match battery state
08-31 14:36:00.061 I/TriggerService( 1676): compare trigger: undim
08-31 14:36:00.061 I/TriggerService( 1676): compare time called!
08-31 14:36:00.061 I/TriggerService( 1676): time ignored
08-31 14:36:00.061 I/TriggerService( 1676): trigger matching time
08-31 14:36:00.061 I/TriggerService( 1676): compare weekday called!
08-31 14:36:00.061 I/TriggerService( 1676): every or no weekday is set
08-31 14:36:00.061 I/TriggerService( 1676): trigger matching weekday
08-31 14:36:00.061 I/TriggerService( 1676): trigger matching headphones
08-31 14:36:00.061 I/TriggerService( 1676): trigger matching battery state
08-31 14:36:00.061 I/TriggerService( 1676): trigger matching battery level
08-31 14:36:00.061 I/TriggerService( 1676): trigger matching geofence
08-31 14:36:00.061 I/TriggerService( 1676): adding trigger to triggerPriorityList: undim
08-31 14:36:00.061 I/TriggerService( 1676): highestPriority add: undim
08-31 14:36:00.061 I/TriggerService( 1676): comparePriorities called
08-31 14:36:00.061 I/TriggerBroadcastReceiver( 1676): TimeTick: 14:36
08-31 14:36:20.912 I/WifiToggleService( 1663): Ping Success
08-31 14:36:20.952 D/dalvikvm( 1663): GC_CONCURRENT freed 395K, 6% free 9101K/9648K, paused 6ms+6ms, total 52ms
08-31 14:36:30.841 I/TriggerBroadcastReceiver( 1676): Broadcast received: android.intent.action.BATTERY_CHANGED
08-31 14:36:30.841 I/TriggerService( 1676): batterylevel changed to 21
08-31 14:36:30.841 I/TriggerService( 1676): compareTriggers called
08-31 14:36:30.841 I/TriggerService( 1676): compare trigger: dim
08-31 14:36:30.841 I/TriggerService( 1676): compare time called!
08-31 14:36:30.841 I/TriggerService( 1676): time ignored
08-31 14:36:30.841 I/TriggerService( 1676): trigger matching time
08-31 14:36:30.841 I/TriggerService( 1676): compare weekday called!
08-31 14:36:30.841 I/TriggerService( 1676): every or no weekday is set
08-31 14:36:30.841 I/TriggerService( 1676): trigger matching weekday
08-31 14:36:30.841 I/TriggerService( 1676): trigger matching headphones
08-31 14:36:30.841 I/TriggerService( 1676): dim does not match battery state
08-31 14:36:30.841 I/TriggerService( 1676): compare trigger: undim
08-31 14:36:30.841 I/TriggerService( 1676): compare time called!
08-31 14:36:30.841 I/TriggerService( 1676): time ignored
08-31 14:36:30.841 I/TriggerService( 1676): trigger matching time
08-31 14:36:30.841 I/TriggerService( 1676): compare weekday called!
08-31 14:36:30.841 I/TriggerService( 1676): every or no weekday is set
08-31 14:36:30.841 I/TriggerService( 1676): trigger matching weekday
08-31 14:36:30.841 I/TriggerService( 1676): trigger matching headphones
08-31 14:36:30.841 I/TriggerService( 1676): trigger matching battery state
08-31 14:36:30.841 I/TriggerService( 1676): trigger matching battery level
08-31 14:36:30.841 I/TriggerService( 1676): trigger matching geofence
08-31 14:36:30.841 I/TriggerService( 1676): adding trigger to triggerPriorityList: undim
08-31 14:36:30.841 I/TriggerService( 1676): highestPriority add: undim
08-31 14:36:30.841 I/TriggerService( 1676): comparePriorities called
08-31 14:36:30.841 I/TriggerBroadcastReceiver( 1676): Broadcast received: android.intent.action.BATTERY_CHANGED
08-31 14:36:30.841 I/TriggerService( 1676): batterylevel changed to 21
08-31 14:36:30.841 I/TriggerService( 1676): compareTriggers called
08-31 14:36:30.841 I/TriggerService( 1676): compare trigger: dim
08-31 14:36:30.841 I/TriggerService( 1676): compare time called!
08-31 14:36:30.841 I/TriggerService( 1676): time ignored
08-31 14:36:30.841 I/TriggerService( 1676): trigger matching time
08-31 14:36:30.841 I/TriggerService( 1676): compare weekday called!
08-31 14:36:30.841 I/TriggerService( 1676): every or no weekday is set
08-31 14:36:30.841 I/TriggerService( 1676): trigger matching weekday
08-31 14:36:30.841 I/TriggerService( 1676): trigger matching headphones
08-31 14:36:30.841 I/TriggerService( 1676): dim does not match battery state
08-31 14:36:30.841 I/TriggerService( 1676): compare trigger: undim
08-31 14:36:30.841 I/TriggerService( 1676): compare time called!
08-31 14:36:30.841 I/TriggerService( 1676): time ignored
08-31 14:36:30.841 I/TriggerService( 1676): trigger matching time
08-31 14:36:30.841 I/TriggerService( 1676): compare weekday called!
08-31 14:36:30.841 I/TriggerService( 1676): every or no weekday is set
08-31 14:36:30.841 I/TriggerService( 1676): trigger matching weekday
08-31 14:36:30.841 I/TriggerService( 1676): trigger matching headphones
08-31 14:36:30.841 I/TriggerService( 1676): trigger matching battery state
08-31 14:36:30.841 I/TriggerService( 1676): trigger matching battery level
08-31 14:36:30.841 I/TriggerService( 1676): trigger matching geofence
08-31 14:36:30.841 I/TriggerService( 1676): adding trigger to triggerPriorityList: undim
08-31 14:36:30.841 I/TriggerService( 1676): highestPriority add: undim
08-31 14:36:30.841 I/TriggerService( 1676): comparePriorities called
08-31 14:36:50.971 I/WifiToggleService( 1663): Ping Success
08-31 14:37:00.060 I/TriggerBroadcastReceiver( 1676): Broadcast received: android.intent.action.TIME_TICK
08-31 14:37:00.060 I/TriggerService( 1676): current time updated: 14:37
08-31 14:37:00.060 I/TriggerService( 1676): compareTriggers called
08-31 14:37:00.060 I/TriggerService( 1676): compare trigger: dim
08-31 14:37:00.060 I/TriggerService( 1676): compare time called!
08-31 14:37:00.060 I/TriggerService( 1676): time ignored
08-31 14:37:00.060 I/TriggerService( 1676): trigger matching time
08-31 14:37:00.060 I/TriggerService( 1676): compare weekday called!
08-31 14:37:00.060 I/TriggerService( 1676): every or no weekday is set
08-31 14:37:00.060 I/TriggerService( 1676): trigger matching weekday
08-31 14:37:00.060 I/TriggerService( 1676): trigger matching headphones
08-31 14:37:00.060 I/TriggerService( 1676): dim does not match battery state
08-31 14:37:00.060 I/TriggerService( 1676): compare trigger: undim
08-31 14:37:00.060 I/TriggerService( 1676): compare time called!
08-31 14:37:00.060 I/TriggerService( 1676): time ignored
08-31 14:37:00.060 I/TriggerService( 1676): trigger matching time
08-31 14:37:00.060 I/TriggerService( 1676): compare weekday called!
08-31 14:37:00.060 I/TriggerService( 1676): every or no weekday is set
08-31 14:37:00.060 I/TriggerService( 1676): trigger matching weekday
08-31 14:37:00.060 I/TriggerService( 1676): trigger matching headphones
08-31 14:37:00.060 I/TriggerService( 1676): trigger matching battery state
08-31 14:37:00.060 I/TriggerService( 1676): trigger matching battery level
08-31 14:37:00.060 I/TriggerService( 1676): trigger matching geofence
08-31 14:37:00.060 I/TriggerService( 1676): adding trigger to triggerPriorityList: undim
08-31 14:37:00.060 I/TriggerService( 1676): highestPriority add: undim
08-31 14:37:00.060 I/TriggerService( 1676): comparePriorities called
08-31 14:37:00.060 I/TriggerBroadcastReceiver( 1676): TimeTick: 14:37
08-31 14:37:00.070 I/TriggerBroadcastReceiver( 1676): Broadcast received: android.intent.action.TIME_TICK
08-31 14:37:00.070 I/TriggerService( 1676): current time updated: 14:37
08-31 14:37:00.070 I/TriggerService( 1676): compareTriggers called
08-31 14:37:00.070 I/TriggerService( 1676): compare trigger: dim
08-31 14:37:00.070 I/TriggerService( 1676): compare time called!
08-31 14:37:00.070 I/TriggerService( 1676): time ignored
08-31 14:37:00.070 I/TriggerService( 1676): trigger matching time
08-31 14:37:00.070 I/TriggerService( 1676): compare weekday called!
08-31 14:37:00.070 I/TriggerService( 1676): every or no weekday is set
08-31 14:37:00.070 I/TriggerService( 1676): trigger matching weekday
08-31 14:37:00.070 I/TriggerService( 1676): trigger matching headphones
08-31 14:37:00.070 I/TriggerService( 1676): dim does not match battery state
08-31 14:37:00.070 I/TriggerService( 1676): compare trigger: undim
08-31 14:37:00.070 I/TriggerService( 1676): compare time called!
08-31 14:37:00.070 I/TriggerService( 1676): time ignored
08-31 14:37:00.070 I/TriggerService( 1676): trigger matching time
08-31 14:37:00.070 I/TriggerService( 1676): compare weekday called!
08-31 14:37:00.070 I/TriggerService( 1676): every or no weekday is set
08-31 14:37:00.070 I/TriggerService( 1676): trigger matching weekday
08-31 14:37:00.070 I/TriggerService( 1676): trigger matching headphones
08-31 14:37:00.070 I/TriggerService( 1676): trigger matching battery state
08-31 14:37:00.070 I/TriggerService( 1676): trigger matching battery level
08-31 14:37:00.070 I/TriggerService( 1676): trigger matching geofence
08-31 14:37:00.070 I/TriggerService( 1676): adding trigger to triggerPriorityList: undim
08-31 14:37:00.070 I/TriggerService( 1676): highestPriority add: undim
08-31 14:37:00.070 I/TriggerService( 1676): comparePriorities called
08-31 14:37:00.070 I/TriggerBroadcastReceiver( 1676): TimeTick: 14:37
08-31 14:37:21.020 I/WifiToggleService( 1663): Ping Success
08-31 14:37:30.940 I/TriggerBroadcastReceiver( 1676): Broadcast received: android.intent.action.BATTERY_CHANGED
08-31 14:37:30.940 I/TriggerService( 1676): batterylevel changed to 20
08-31 14:37:30.940 I/TriggerService( 1676): compareTriggers called
08-31 14:37:30.940 I/TriggerService( 1676): compare trigger: dim
08-31 14:37:30.940 I/TriggerService( 1676): compare time called!
08-31 14:37:30.940 I/TriggerService( 1676): time ignored
08-31 14:37:30.940 I/TriggerService( 1676): trigger matching time
08-31 14:37:30.940 I/TriggerService( 1676): compare weekday called!
08-31 14:37:30.940 I/TriggerService( 1676): every or no weekday is set
08-31 14:37:30.940 I/TriggerService( 1676): trigger matching weekday
08-31 14:37:30.940 I/TriggerService( 1676): trigger matching headphones
08-31 14:37:30.940 I/TriggerService( 1676): dim does not match battery state
08-31 14:37:30.940 I/TriggerService( 1676): compare trigger: undim
08-31 14:37:30.940 I/TriggerService( 1676): compare time called!
08-31 14:37:30.940 I/TriggerService( 1676): time ignored
08-31 14:37:30.940 I/TriggerService( 1676): trigger matching time
08-31 14:37:30.940 I/TriggerService( 1676): compare weekday called!
08-31 14:37:30.940 I/TriggerService( 1676): every or no weekday is set
08-31 14:37:30.940 I/TriggerService( 1676): trigger matching weekday
08-31 14:37:30.940 I/TriggerService( 1676): trigger matching headphones
08-31 14:37:30.940 I/TriggerService( 1676): trigger matching battery state
08-31 14:37:30.940 I/TriggerService( 1676): trigger matching battery level
08-31 14:37:30.940 I/TriggerService( 1676): trigger matching geofence
08-31 14:37:30.940 I/TriggerService( 1676): adding trigger to triggerPriorityList: undim
08-31 14:37:30.940 I/TriggerService( 1676): highestPriority add: undim
08-31 14:37:30.940 I/TriggerService( 1676): comparePriorities called
08-31 14:37:30.940 I/TriggerBroadcastReceiver( 1676): Broadcast received: android.intent.action.BATTERY_CHANGED
08-31 14:37:30.940 I/TriggerService( 1676): batterylevel changed to 20
08-31 14:37:30.940 I/TriggerService( 1676): compareTriggers called
08-31 14:37:30.940 I/TriggerService( 1676): compare trigger: dim
08-31 14:37:30.940 I/TriggerService( 1676): compare time called!
08-31 14:37:30.940 I/TriggerService( 1676): time ignored
08-31 14:37:30.940 I/TriggerService( 1676): trigger matching time
08-31 14:37:30.940 I/TriggerService( 1676): compare weekday called!
08-31 14:37:30.940 I/TriggerService( 1676): every or no weekday is set
08-31 14:37:30.940 I/TriggerService( 1676): trigger matching weekday
08-31 14:37:30.940 I/TriggerService( 1676): trigger matching headphones
08-31 14:37:30.940 I/TriggerService( 1676): dim does not match battery state
08-31 14:37:30.940 I/TriggerService( 1676): compare trigger: undim
08-31 14:37:30.940 I/TriggerService( 1676): compare time called!
08-31 14:37:30.940 I/TriggerService( 1676): time ignored
08-31 14:37:30.940 I/TriggerService( 1676): trigger matching time
08-31 14:37:30.940 I/TriggerService( 1676): compare weekday called!
08-31 14:37:30.940 I/TriggerService( 1676): every or no weekday is set
08-31 14:37:30.940 I/TriggerService( 1676): trigger matching weekday
08-31 14:37:30.940 I/TriggerService( 1676): trigger matching headphones
08-31 14:37:30.940 I/TriggerService( 1676): trigger matching battery state
08-31 14:37:30.940 I/TriggerService( 1676): trigger matching battery level
08-31 14:37:30.940 I/TriggerService( 1676): trigger matching geofence
08-31 14:37:30.940 I/TriggerService( 1676): adding trigger to triggerPriorityList: undim
08-31 14:37:30.940 I/TriggerService( 1676): highestPriority add: undim
08-31 14:37:30.940 I/TriggerService( 1676): comparePriorities called
08-31 14:37:51.130 D/dalvikvm( 1663): GC_CONCURRENT freed 503K, 6% free 9109K/9648K, paused 5ms+2ms, total 88ms
08-31 14:37:51.130 D/dalvikvm( 1663): WAIT_FOR_CONCURRENT_GC blocked 10ms
08-31 14:37:51.140 I/WifiToggleService( 1663): Ping Success
08-31 14:38:00.058 I/TriggerBroadcastReceiver( 1676): Broadcast received: android.intent.action.TIME_TICK
08-31 14:38:00.058 I/TriggerService( 1676): current time updated: 14:38
08-31 14:38:00.058 I/TriggerService( 1676): compareTriggers called
08-31 14:38:00.058 I/TriggerService( 1676): compare trigger: dim
08-31 14:38:00.058 I/TriggerService( 1676): compare time called!
08-31 14:38:00.058 I/TriggerService( 1676): time ignored
08-31 14:38:00.058 I/TriggerService( 1676): trigger matching time
08-31 14:38:00.058 I/TriggerService( 1676): compare weekday called!
08-31 14:38:00.058 I/TriggerService( 1676): every or no weekday is set
08-31 14:38:00.058 I/TriggerService( 1676): trigger matching weekday
08-31 14:38:00.058 I/TriggerService( 1676): trigger matching headphones
08-31 14:38:00.058 I/TriggerService( 1676): dim does not match battery state
08-31 14:38:00.058 I/TriggerService( 1676): compare trigger: undim
08-31 14:38:00.058 I/TriggerService( 1676): compare time called!
08-31 14:38:00.058 I/TriggerService( 1676): time ignored
08-31 14:38:00.058 I/TriggerService( 1676): trigger matching time
08-31 14:38:00.058 I/TriggerService( 1676): compare weekday called!
08-31 14:38:00.058 I/TriggerService( 1676): every or no weekday is set
08-31 14:38:00.058 I/TriggerService( 1676): trigger matching weekday
08-31 14:38:00.058 I/TriggerService( 1676): trigger matching headphones
08-31 14:38:00.058 I/TriggerService( 1676): trigger matching battery state
08-31 14:38:00.058 I/TriggerService( 1676): trigger matching battery level
08-31 14:38:00.058 I/TriggerService( 1676): trigger matching geofence
08-31 14:38:00.058 I/TriggerService( 1676): adding trigger to triggerPriorityList: undim
08-31 14:38:00.058 I/TriggerService( 1676): highestPriority add: undim
08-31 14:38:00.058 I/TriggerService( 1676): comparePriorities called
08-31 14:38:00.058 I/TriggerBroadcastReceiver( 1676): TimeTick: 14:38
08-31 14:38:00.058 I/TriggerBroadcastReceiver( 1676): Broadcast received: android.intent.action.TIME_TICK
08-31 14:38:00.058 I/TriggerService( 1676): current time updated: 14:38
08-31 14:38:00.058 I/TriggerService( 1676): compareTriggers called
08-31 14:38:00.058 I/TriggerService( 1676): compare trigger: dim
08-31 14:38:00.058 I/TriggerService( 1676): compare time called!
08-31 14:38:00.058 I/TriggerService( 1676): time ignored
08-31 14:38:00.058 I/TriggerService( 1676): trigger matching time
08-31 14:38:00.058 I/TriggerService( 1676): compare weekday called!
08-31 14:38:00.058 I/TriggerService( 1676): every or no weekday is set
08-31 14:38:00.058 I/TriggerService( 1676): trigger matching weekday
08-31 14:38:00.058 I/TriggerService( 1676): trigger matching headphones
08-31 14:38:00.058 I/TriggerService( 1676): dim does not match battery state
08-31 14:38:00.058 I/TriggerService( 1676): compare trigger: undim
08-31 14:38:00.058 I/TriggerService( 1676): compare time called!
08-31 14:38:00.058 I/TriggerService( 1676): time ignored
08-31 14:38:00.058 I/TriggerService( 1676): trigger matching time
08-31 14:38:00.058 I/TriggerService( 1676): compare weekday called!
08-31 14:38:00.058 I/TriggerService( 1676): every or no weekday is set
08-31 14:38:00.058 I/TriggerService( 1676): trigger matching weekday
08-31 14:38:00.058 I/TriggerService( 1676): trigger matching headphones
08-31 14:38:00.058 I/TriggerService( 1676): trigger matching battery state
08-31 14:38:00.058 I/TriggerService( 1676): trigger matching battery level
08-31 14:38:00.058 I/TriggerService( 1676): trigger matching geofence
08-31 14:38:00.058 I/TriggerService( 1676): adding trigger to triggerPriorityList: undim
08-31 14:38:00.058 I/TriggerService( 1676): highestPriority add: undim
08-31 14:38:00.058 I/TriggerService( 1676): comparePriorities called
08-31 14:38:00.058 I/TriggerBroadcastReceiver( 1676): TimeTick: 14:38
08-31 14:38:21.189 I/WifiToggleService( 1663): Ping Success
08-31 14:38:31.159 I/TriggerBroadcastReceiver( 1676): Broadcast received: android.intent.action.BATTERY_CHANGED
08-31 14:38:31.159 I/TriggerService( 1676): batterylevel changed to 20
08-31 14:38:31.159 I/TriggerService( 1676): compareTriggers called
08-31 14:38:31.159 I/TriggerService( 1676): compare trigger: dim
08-31 14:38:31.159 I/TriggerService( 1676): compare time called!
08-31 14:38:31.159 I/TriggerService( 1676): time ignored
08-31 14:38:31.159 I/TriggerService( 1676): trigger matching time
08-31 14:38:31.159 I/TriggerService( 1676): compare weekday called!
08-31 14:38:31.159 I/TriggerService( 1676): every or no weekday is set
08-31 14:38:31.159 I/TriggerService( 1676): trigger matching weekday
08-31 14:38:31.159 I/TriggerService( 1676): trigger matching headphones
08-31 14:38:31.159 I/TriggerService( 1676): dim does not match battery state
08-31 14:38:31.159 I/TriggerService( 1676): compare trigger: undim
08-31 14:38:31.159 I/TriggerService( 1676): compare time called!
08-31 14:38:31.159 I/TriggerService( 1676): time ignored
08-31 14:38:31.159 I/TriggerService( 1676): trigger matching time
08-31 14:38:31.159 I/TriggerService( 1676): compare weekday called!
08-31 14:38:31.159 I/TriggerService( 1676): every or no weekday is set
08-31 14:38:31.159 I/TriggerService( 1676): trigger matching weekday
08-31 14:38:31.159 I/TriggerService( 1676): trigger matching headphones
08-31 14:38:31.159 I/TriggerService( 1676): trigger matching battery state
08-31 14:38:31.159 I/TriggerService( 1676): trigger matching battery level
08-31 14:38:31.159 I/TriggerService( 1676): trigger matching geofence
08-31 14:38:31.159 I/TriggerService( 1676): adding trigger to triggerPriorityList: undim
08-31 14:38:31.159 I/TriggerService( 1676): highestPriority add: undim
08-31 14:38:31.159 I/TriggerService( 1676): comparePriorities called
08-31 14:38:31.159 I/TriggerBroadcastReceiver( 1676): Broadcast received: android.intent.action.BATTERY_CHANGED
08-31 14:38:31.159 I/TriggerService( 1676): batterylevel changed to 20
08-31 14:38:31.159 I/TriggerService( 1676): compareTriggers called
08-31 14:38:31.159 I/TriggerService( 1676): compare trigger: dim
08-31 14:38:31.159 I/TriggerService( 1676): compare time called!
08-31 14:38:31.159 I/TriggerService( 1676): time ignored
08-31 14:38:31.159 I/TriggerService( 1676): trigger matching time
08-31 14:38:31.159 I/TriggerService( 1676): compare weekday called!
08-31 14:38:31.159 I/TriggerService( 1676): every or no weekday is set
08-31 14:38:31.159 I/TriggerService( 1676): trigger matching weekday
08-31 14:38:31.159 I/TriggerService( 1676): trigger matching headphones
08-31 14:38:31.159 I/TriggerService( 1676): dim does not match battery state
08-31 14:38:31.159 I/TriggerService( 1676): compare trigger: undim
08-31 14:38:31.159 I/TriggerService( 1676): compare time called!
08-31 14:38:31.159 I/TriggerService( 1676): time ignored
08-31 14:38:31.169 I/TriggerService( 1676): trigger matching time
08-31 14:38:31.169 I/TriggerService( 1676): compare weekday called!
08-31 14:38:31.169 I/TriggerService( 1676): every or no weekday is set
08-31 14:38:31.169 I/TriggerService( 1676): trigger matching weekday
08-31 14:38:31.169 I/TriggerService( 1676): trigger matching headphones
08-31 14:38:31.169 I/TriggerService( 1676): trigger matching battery state
08-31 14:38:31.169 I/TriggerService( 1676): trigger matching battery level
08-31 14:38:31.169 I/TriggerService( 1676): trigger matching geofence
08-31 14:38:31.169 I/TriggerService( 1676): adding trigger to triggerPriorityList: undim
08-31 14:38:31.169 I/TriggerService( 1676): highestPriority add: undim
08-31 14:38:31.169 I/TriggerService( 1676): comparePriorities called
08-31 14:38:35.032 D/AutobahnWebService(19158): {"type":"ping","timestamp":1441046246766}
08-31 14:38:35.032 D/AutobahnWebService(19158): Sending PONG for payload: {"type":"ping","timestamp":1441046246766}
08-31 14:38:35.032 D/WebviewSender(19158): {"type":"ping","timestamp":1441046246766}
08-31 14:38:35.042 D/WebviewSender(19158): {"type":"ping","timestamp":1441046246766}
08-31 14:38:35.042 D/WebviewSender(19158): {"type":"ping","timestamp":1441046246766}
08-31 14:38:35.042 I/chromium(19158): [INFO:CONSOLE(807)] "%o, payload: %o", source: http://10.138.18.22:9000/sim/javascripts/2384aa31.common.js (807)
08-31 14:38:35.053 I/chromium(19158): [INFO:CONSOLE(1)] "Uncaught ReferenceError: androidCallback is not defined", source:  (1)
08-31 14:38:35.053 I/chromium(19158): [INFO:CONSOLE(769)] "%o, payload: %o", source: http://10.138.18.22:9000/bill_summary/javascripts/common.js (769)
08-31 14:38:51.258 I/WifiToggleService( 1663): Ping Success
08-31 14:38:51.278 D/dalvikvm( 1663): GC_CONCURRENT freed 395K, 6% free 9101K/9640K, paused 6ms+1ms, total 44ms
08-31 14:39:00.057 I/TriggerBroadcastReceiver( 1676): Broadcast received: android.intent.action.TIME_TICK
08-31 14:39:00.057 I/TriggerService( 1676): current time updated: 14:39
08-31 14:39:00.057 I/TriggerService( 1676): compareTriggers called
08-31 14:39:00.057 I/TriggerService( 1676): compare trigger: dim
08-31 14:39:00.057 I/TriggerService( 1676): compare time called!
08-31 14:39:00.057 I/TriggerService( 1676): time ignored
08-31 14:39:00.057 I/TriggerService( 1676): trigger matching time
08-31 14:39:00.057 I/TriggerService( 1676): compare weekday called!
08-31 14:39:00.057 I/TriggerService( 1676): every or no weekday is set
08-31 14:39:00.057 I/TriggerService( 1676): trigger matching weekday
08-31 14:39:00.057 I/TriggerService( 1676): trigger matching headphones
08-31 14:39:00.057 I/TriggerService( 1676): dim does not match battery state
08-31 14:39:00.057 I/TriggerService( 1676): compare trigger: undim
08-31 14:39:00.057 I/TriggerService( 1676): compare time called!
08-31 14:39:00.057 I/TriggerService( 1676): time ignored
08-31 14:39:00.057 I/TriggerService( 1676): trigger matching time
08-31 14:39:00.057 I/TriggerService( 1676): compare weekday called!
08-31 14:39:00.057 I/TriggerService( 1676): every or no weekday is set
08-31 14:39:00.057 I/TriggerService( 1676): trigger matching weekday
08-31 14:39:00.057 I/TriggerService( 1676): trigger matching headphones
08-31 14:39:00.057 I/TriggerService( 1676): trigger matching battery state
08-31 14:39:00.057 I/TriggerService( 1676): trigger matching battery level
08-31 14:39:00.057 I/TriggerService( 1676): trigger matching geofence
08-31 14:39:00.057 I/TriggerService( 1676): adding trigger to triggerPriorityList: undim
08-31 14:39:00.057 I/TriggerService( 1676): highestPriority add: undim
08-31 14:39:00.057 I/TriggerService( 1676): comparePriorities called
08-31 14:39:00.057 I/TriggerBroadcastReceiver( 1676): TimeTick: 14:39
08-31 14:39:00.067 I/TriggerBroadcastReceiver( 1676): Broadcast received: android.intent.action.TIME_TICK
08-31 14:39:00.067 I/TriggerService( 1676): current time updated: 14:39
08-31 14:39:00.067 I/TriggerService( 1676): compareTriggers called
08-31 14:39:00.067 I/TriggerService( 1676): compare trigger: dim
08-31 14:39:00.067 I/TriggerService( 1676): compare time called!
08-31 14:39:00.067 I/TriggerService( 1676): time ignored
08-31 14:39:00.067 I/TriggerService( 1676): trigger matching time
08-31 14:39:00.067 I/TriggerService( 1676): compare weekday called!
08-31 14:39:00.067 I/TriggerService( 1676): every or no weekday is set
08-31 14:39:00.067 I/TriggerService( 1676): trigger matching weekday
08-31 14:39:00.067 I/TriggerService( 1676): trigger matching headphones
08-31 14:39:00.067 I/TriggerService( 1676): dim does not match battery state
08-31 14:39:00.067 I/TriggerService( 1676): compare trigger: undim
08-31 14:39:00.067 I/TriggerService( 1676): compare time called!
08-31 14:39:00.067 I/TriggerService( 1676): time ignored
08-31 14:39:00.067 I/TriggerService( 1676): trigger matching time
08-31 14:39:00.067 I/TriggerService( 1676): compare weekday called!
08-31 14:39:00.067 I/TriggerService( 1676): every or no weekday is set
08-31 14:39:00.067 I/TriggerService( 1676): trigger matching weekday
08-31 14:39:00.067 I/TriggerService( 1676): trigger matching headphones
08-31 14:39:00.067 I/TriggerService( 1676): trigger matching battery state
08-31 14:39:00.067 I/TriggerService( 1676): trigger matching battery level
08-31 14:39:00.067 I/TriggerService( 1676): trigger matching geofence
08-31 14:39:00.067 I/TriggerService( 1676): adding trigger to triggerPriorityList: undim
08-31 14:39:00.067 I/TriggerService( 1676): highestPriority add: undim
08-31 14:39:00.067 I/TriggerService( 1676): comparePriorities called
08-31 14:39:00.067 I/TriggerBroadcastReceiver( 1676): TimeTick: 14:39
08-31 14:39:21.308 I/WifiToggleService( 1663): Ping Success
08-31 14:39:31.257 I/TriggerBroadcastReceiver( 1676): Broadcast received: android.intent.action.BATTERY_CHANGED
08-31 14:39:31.267 I/TriggerService( 1676): batterylevel changed to 20
08-31 14:39:31.267 I/TriggerService( 1676): compareTriggers called
08-31 14:39:31.267 I/TriggerService( 1676): compare trigger: dim
08-31 14:39:31.267 I/TriggerService( 1676): compare time called!
08-31 14:39:31.267 I/TriggerService( 1676): time ignored
08-31 14:39:31.267 I/TriggerService( 1676): trigger matching time
08-31 14:39:31.267 I/TriggerService( 1676): compare weekday called!
08-31 14:39:31.267 I/TriggerService( 1676): every or no weekday is set
08-31 14:39:31.267 I/TriggerService( 1676): trigger matching weekday
08-31 14:39:31.267 I/TriggerService( 1676): trigger matching headphones
08-31 14:39:31.267 I/TriggerService( 1676): dim does not match battery state
08-31 14:39:31.267 I/TriggerService( 1676): compare trigger: undim
08-31 14:39:31.267 I/TriggerService( 1676): compare time called!
08-31 14:39:31.267 I/TriggerService( 1676): time ignored
08-31 14:39:31.267 I/TriggerService( 1676): trigger matching time
08-31 14:39:31.267 I/TriggerService( 1676): compare weekday called!
08-31 14:39:31.267 I/TriggerService( 1676): every or no weekday is set
08-31 14:39:31.267 I/TriggerService( 1676): trigger matching weekday
08-31 14:39:31.267 I/TriggerService( 1676): trigger matching headphones
08-31 14:39:31.267 I/TriggerService( 1676): trigger matching battery state
08-31 14:39:31.267 I/TriggerService( 1676): trigger matching battery level
08-31 14:39:31.267 I/TriggerService( 1676): trigger matching geofence
08-31 14:39:31.267 I/TriggerService( 1676): adding trigger to triggerPriorityList: undim
08-31 14:39:31.267 I/TriggerService( 1676): highestPriority add: undim
08-31 14:39:31.267 I/TriggerService( 1676): comparePriorities called
08-31 14:39:31.267 I/TriggerBroadcastReceiver( 1676): Broadcast received: android.intent.action.BATTERY_CHANGED
08-31 14:39:31.267 I/TriggerService( 1676): batterylevel changed to 20
08-31 14:39:31.267 I/TriggerService( 1676): compareTriggers called
08-31 14:39:31.267 I/TriggerService( 1676): compare trigger: dim
08-31 14:39:31.267 I/TriggerService( 1676): compare time called!
08-31 14:39:31.267 I/TriggerService( 1676): time ignored
08-31 14:39:31.267 I/TriggerService( 1676): trigger matching time
08-31 14:39:31.267 I/TriggerService( 1676): compare weekday called!
08-31 14:39:31.267 I/TriggerService( 1676): every or no weekday is set
08-31 14:39:31.267 I/TriggerService( 1676): trigger matching weekday
08-31 14:39:31.267 I/TriggerService( 1676): trigger matching headphones
08-31 14:39:31.267 I/TriggerService( 1676): dim does not match battery state
08-31 14:39:31.267 I/TriggerService( 1676): compare trigger: undim
08-31 14:39:31.267 I/TriggerService( 1676): compare time called!
08-31 14:39:31.267 I/TriggerService( 1676): time ignored
08-31 14:39:31.267 I/TriggerService( 1676): trigger matching time
08-31 14:39:31.267 I/TriggerService( 1676): compare weekday called!
08-31 14:39:31.267 I/TriggerService( 1676): every or no weekday is set
08-31 14:39:31.267 I/TriggerService( 1676): trigger matching weekday
08-31 14:39:31.267 I/TriggerService( 1676): trigger matching headphones
08-31 14:39:31.267 I/TriggerService( 1676): trigger matching battery state
08-31 14:39:31.267 I/TriggerService( 1676): trigger matching battery level
08-31 14:39:31.267 I/TriggerService( 1676): trigger matching geofence
08-31 14:39:31.277 I/TriggerService( 1676): adding trigger to triggerPriorityList: undim
08-31 14:39:31.277 I/TriggerService( 1676): highestPriority add: undim
08-31 14:39:31.277 I/TriggerService( 1676): comparePriorities called
08-31 14:39:40.086 D/dalvikvm(  573): GC_CONCURRENT freed 1909K, 14% free 17019K/19656K, paused 10ms+6ms, total 126ms
08-31 14:39:51.357 I/WifiToggleService( 1663): Ping Success
08-31 14:40:00.075 I/TriggerBroadcastReceiver( 1676): Broadcast received: android.intent.action.TIME_TICK
08-31 14:40:00.075 I/TriggerService( 1676): current time updated: 14:40
08-31 14:40:00.075 I/TriggerService( 1676): compareTriggers called
08-31 14:40:00.075 I/TriggerService( 1676): compare trigger: dim
08-31 14:40:00.075 I/TriggerService( 1676): compare time called!
08-31 14:40:00.075 I/TriggerService( 1676): time ignored
08-31 14:40:00.075 I/TriggerService( 1676): trigger matching time
08-31 14:40:00.075 I/TriggerService( 1676): compare weekday called!
08-31 14:40:00.075 I/TriggerService( 1676): every or no weekday is set
08-31 14:40:00.075 I/TriggerService( 1676): trigger matching weekday
08-31 14:40:00.075 I/TriggerService( 1676): trigger matching headphones
08-31 14:40:00.075 I/TriggerService( 1676): dim does not match battery state
08-31 14:40:00.075 I/TriggerService( 1676): compare trigger: undim
08-31 14:40:00.075 I/TriggerService( 1676): compare time called!
08-31 14:40:00.075 I/TriggerService( 1676): time ignored
08-31 14:40:00.075 I/TriggerService( 1676): trigger matching time
08-31 14:40:00.075 I/TriggerService( 1676): compare weekday called!
08-31 14:40:00.075 I/TriggerService( 1676): every or no weekday is set
08-31 14:40:00.075 I/TriggerService( 1676): trigger matching weekday
08-31 14:40:00.075 I/TriggerService( 1676): trigger matching headphones
08-31 14:40:00.075 I/TriggerService( 1676): trigger matching battery state
08-31 14:40:00.075 I/TriggerService( 1676): trigger matching battery level
08-31 14:40:00.075 I/TriggerService( 1676): trigger matching geofence
08-31 14:40:00.075 I/TriggerService( 1676): adding trigger to triggerPriorityList: undim
08-31 14:40:00.075 I/TriggerService( 1676): highestPriority add: undim
08-31 14:40:00.075 I/TriggerService( 1676): comparePriorities called
08-31 14:40:00.075 I/TriggerBroadcastReceiver( 1676): TimeTick: 14:40
08-31 14:40:00.075 I/TriggerBroadcastReceiver( 1676): Broadcast received: android.intent.action.TIME_TICK
08-31 14:40:00.075 I/TriggerService( 1676): current time updated: 14:40
08-31 14:40:00.075 I/TriggerService( 1676): compareTriggers called
08-31 14:40:00.075 I/TriggerService( 1676): compare trigger: dim
08-31 14:40:00.075 I/TriggerService( 1676): compare time called!
08-31 14:40:00.075 I/TriggerService( 1676): time ignored
08-31 14:40:00.075 I/TriggerService( 1676): trigger matching time
08-31 14:40:00.075 I/TriggerService( 1676): compare weekday called!
08-31 14:40:00.075 I/TriggerService( 1676): every or no weekday is set
08-31 14:40:00.075 I/TriggerService( 1676): trigger matching weekday
08-31 14:40:00.075 I/TriggerService( 1676): trigger matching headphones
08-31 14:40:00.075 I/TriggerService( 1676): dim does not match battery state
08-31 14:40:00.075 I/TriggerService( 1676): compare trigger: undim
08-31 14:40:00.075 I/TriggerService( 1676): compare time called!
08-31 14:40:00.075 I/TriggerService( 1676): time ignored
08-31 14:40:00.075 I/TriggerService( 1676): trigger matching time
08-31 14:40:00.075 I/TriggerService( 1676): compare weekday called!
08-31 14:40:00.075 I/TriggerService( 1676): every or no weekday is set
08-31 14:40:00.075 I/TriggerService( 1676): trigger matching weekday
08-31 14:40:00.075 I/TriggerService( 1676): trigger matching headphones
08-31 14:40:00.075 I/TriggerService( 1676): trigger matching battery state
08-31 14:40:00.075 I/TriggerService( 1676): trigger matching battery level
08-31 14:40:00.075 I/TriggerService( 1676): trigger matching geofence
08-31 14:40:00.075 I/TriggerService( 1676): adding trigger to triggerPriorityList: undim
08-31 14:40:00.075 I/TriggerService( 1676): highestPriority add: undim
08-31 14:40:00.075 I/TriggerService( 1676): comparePriorities called
08-31 14:40:00.075 I/TriggerBroadcastReceiver( 1676): TimeTick: 14:40
08-31 14:40:21.456 D/dalvikvm( 1663): GC_CONCURRENT freed 504K, 6% free 9110K/9648K, paused 6ms+1ms, total 72ms
08-31 14:40:21.456 D/dalvikvm( 1663): WAIT_FOR_CONCURRENT_GC blocked 13ms
08-31 14:40:21.456 I/WifiToggleService( 1663): Ping Success
08-31 14:40:29.304 D/MDnsDS  (  176): MDnsSdListener::Monitor poll timed out
08-31 14:40:29.304 D/MDnsDS  (  176): Going to poll with pollCount 1
08-31 14:40:31.396 I/TriggerBroadcastReceiver( 1676): Broadcast received: android.intent.action.BATTERY_CHANGED
08-31 14:40:31.396 I/TriggerService( 1676): batterylevel changed to 20
08-31 14:40:31.396 I/TriggerService( 1676): compareTriggers called
08-31 14:40:31.396 I/TriggerService( 1676): compare trigger: dim
08-31 14:40:31.396 I/TriggerService( 1676): compare time called!
08-31 14:40:31.396 I/TriggerService( 1676): time ignored
08-31 14:40:31.396 I/TriggerService( 1676): trigger matching time
08-31 14:40:31.396 I/TriggerService( 1676): compare weekday called!
08-31 14:40:31.396 I/TriggerService( 1676): every or no weekday is set
08-31 14:40:31.396 I/TriggerService( 1676): trigger matching weekday
08-31 14:40:31.396 I/TriggerService( 1676): trigger matching headphones
08-31 14:40:31.396 I/TriggerService( 1676): dim does not match battery state
08-31 14:40:31.396 I/TriggerService( 1676): compare trigger: undim
08-31 14:40:31.396 I/TriggerService( 1676): compare time called!
08-31 14:40:31.396 I/TriggerService( 1676): time ignored
08-31 14:40:31.396 I/TriggerService( 1676): trigger matching time
08-31 14:40:31.396 I/TriggerService( 1676): compare weekday called!
08-31 14:40:31.396 I/TriggerService( 1676): every or no weekday is set
08-31 14:40:31.396 I/TriggerService( 1676): trigger matching weekday
08-31 14:40:31.396 I/TriggerService( 1676): trigger matching headphones
08-31 14:40:31.396 I/TriggerService( 1676): trigger matching battery state
08-31 14:40:31.396 I/TriggerService( 1676): trigger matching battery level
08-31 14:40:31.396 I/TriggerService( 1676): trigger matching geofence
08-31 14:40:31.396 I/TriggerService( 1676): adding trigger to triggerPriorityList: undim
08-31 14:40:31.396 I/TriggerService( 1676): highestPriority add: undim
08-31 14:40:31.396 I/TriggerService( 1676): comparePriorities called
08-31 14:40:31.396 I/TriggerBroadcastReceiver( 1676): Broadcast received: android.intent.action.BATTERY_CHANGED
08-31 14:40:31.396 I/TriggerService( 1676): batterylevel changed to 20
08-31 14:40:31.396 I/TriggerService( 1676): compareTriggers called
08-31 14:40:31.396 I/TriggerService( 1676): compare trigger: dim
08-31 14:40:31.396 I/TriggerService( 1676): compare time called!
08-31 14:40:31.396 I/TriggerService( 1676): time ignored
08-31 14:40:31.396 I/TriggerService( 1676): trigger matching time
08-31 14:40:31.396 I/TriggerService( 1676): compare weekday called!
08-31 14:40:31.396 I/TriggerService( 1676): every or no weekday is set
08-31 14:40:31.396 I/TriggerService( 1676): trigger matching weekday
08-31 14:40:31.396 I/TriggerService( 1676): trigger matching headphones
08-31 14:40:31.396 I/TriggerService( 1676): dim does not match battery state
08-31 14:40:31.396 I/TriggerService( 1676): compare trigger: undim
08-31 14:40:31.396 I/TriggerService( 1676): compare time called!
08-31 14:40:31.396 I/TriggerService( 1676): time ignored
08-31 14:40:31.396 I/TriggerService( 1676): trigger matching time
08-31 14:40:31.396 I/TriggerService( 1676): compare weekday called!
08-31 14:40:31.396 I/TriggerService( 1676): every or no weekday is set
08-31 14:40:31.396 I/TriggerService( 1676): trigger matching weekday
08-31 14:40:31.406 I/TriggerService( 1676): trigger matching headphones
08-31 14:40:31.406 I/TriggerService( 1676): trigger matching battery state
08-31 14:40:31.406 I/TriggerService( 1676): trigger matching battery level
08-31 14:40:31.406 I/TriggerService( 1676): trigger matching geofence
08-31 14:40:31.406 I/TriggerService( 1676): adding trigger to triggerPriorityList: undim
08-31 14:40:31.406 I/TriggerService( 1676): highestPriority add: undim
08-31 14:40:31.406 I/TriggerService( 1676): comparePriorities called
08-31 14:40:31.476 I/TriggerBroadcastReceiver( 1676): Broadcast received: android.intent.action.BATTERY_CHANGED
08-31 14:40:31.476 I/TriggerService( 1676): batterylevel changed to 20
08-31 14:40:31.476 I/TriggerService( 1676): compareTriggers called
08-31 14:40:31.476 I/TriggerService( 1676): compare trigger: dim
08-31 14:40:31.476 I/TriggerService( 1676): compare time called!
08-31 14:40:31.476 I/TriggerService( 1676): time ignored
08-31 14:40:31.476 I/TriggerService( 1676): trigger matching time
08-31 14:40:31.476 I/TriggerService( 1676): compare weekday called!
08-31 14:40:31.476 I/TriggerService( 1676): every or no weekday is set
08-31 14:40:31.476 I/TriggerService( 1676): trigger matching weekday
08-31 14:40:31.476 I/TriggerService( 1676): trigger matching headphones
08-31 14:40:31.476 I/TriggerService( 1676): dim does not match battery state
08-31 14:40:31.476 I/TriggerService( 1676): compare trigger: undim
08-31 14:40:31.476 I/TriggerService( 1676): compare time called!
08-31 14:40:31.476 I/TriggerService( 1676): time ignored
08-31 14:40:31.476 I/TriggerService( 1676): trigger matching time
08-31 14:40:31.476 I/TriggerService( 1676): compare weekday called!
08-31 14:40:31.476 I/TriggerService( 1676): every or no weekday is set
08-31 14:40:31.476 I/TriggerService( 1676): trigger matching weekday
08-31 14:40:31.476 I/TriggerService( 1676): trigger matching headphones
08-31 14:40:31.476 I/TriggerService( 1676): trigger matching battery state
08-31 14:40:31.476 I/TriggerService( 1676): trigger matching battery level
08-31 14:40:31.476 I/TriggerService( 1676): trigger matching geofence
08-31 14:40:31.476 I/TriggerService( 1676): adding trigger to triggerPriorityList: undim
08-31 14:40:31.476 I/TriggerService( 1676): highestPriority add: undim
08-31 14:40:31.476 I/TriggerService( 1676): comparePriorities called
08-31 14:40:31.476 I/TriggerBroadcastReceiver( 1676): Broadcast received: android.intent.action.BATTERY_CHANGED
08-31 14:40:31.476 I/TriggerService( 1676): batterylevel changed to 20
08-31 14:40:31.476 I/TriggerService( 1676): compareTriggers called
08-31 14:40:31.476 I/TriggerService( 1676): compare trigger: dim
08-31 14:40:31.476 I/TriggerService( 1676): compare time called!
08-31 14:40:31.476 I/TriggerService( 1676): time ignored
08-31 14:40:31.476 I/TriggerService( 1676): trigger matching time
08-31 14:40:31.476 I/TriggerService( 1676): compare weekday called!
08-31 14:40:31.476 I/TriggerService( 1676): every or no weekday is set
08-31 14:40:31.476 I/TriggerService( 1676): trigger matching weekday
08-31 14:40:31.476 I/TriggerService( 1676): trigger matching headphones
08-31 14:40:31.476 I/TriggerService( 1676): dim does not match battery state
08-31 14:40:31.476 I/TriggerService( 1676): compare trigger: undim
08-31 14:40:31.476 I/TriggerService( 1676): compare time called!
08-31 14:40:31.476 I/TriggerService( 1676): time ignored
08-31 14:40:31.476 I/TriggerService( 1676): trigger matching time
08-31 14:40:31.476 I/TriggerService( 1676): compare weekday called!
08-31 14:40:31.476 I/TriggerService( 1676): every or no weekday is set
08-31 14:40:31.476 I/TriggerService( 1676): trigger matching weekday
08-31 14:40:31.476 I/TriggerService( 1676): trigger matching headphones
08-31 14:40:31.476 I/TriggerService( 1676): trigger matching battery state
08-31 14:40:31.476 I/TriggerService( 1676): trigger matching battery level
08-31 14:40:31.476 I/TriggerService( 1676): trigger matching geofence
08-31 14:40:31.476 I/TriggerService( 1676): adding trigger to triggerPriorityList: undim
08-31 14:40:31.476 I/TriggerService( 1676): highestPriority add: undim
08-31 14:40:31.476 I/TriggerService( 1676): comparePriorities called
08-31 14:40:41.276 W/Uploader(  975): No account for auth token provided
08-31 14:40:51.516 I/WifiToggleService( 1663): Ping Success
08-31 14:40:56.280 I/ActivityManager(  573): Waited long enough for: ServiceRecord{4275dd68 u0 com.google.android.gms/.playlog.uploader.UploaderIntentService}
08-31 14:41:00.064 I/TriggerBroadcastReceiver( 1676): Broadcast received: android.intent.action.TIME_TICK
08-31 14:41:00.064 I/TriggerService( 1676): current time updated: 14:41
08-31 14:41:00.064 I/TriggerService( 1676): compareTriggers called
08-31 14:41:00.064 I/TriggerService( 1676): compare trigger: dim
08-31 14:41:00.064 I/TriggerService( 1676): compare time called!
08-31 14:41:00.064 I/TriggerService( 1676): time ignored
08-31 14:41:00.064 I/TriggerService( 1676): trigger matching time
08-31 14:41:00.064 I/TriggerService( 1676): compare weekday called!
08-31 14:41:00.064 I/TriggerService( 1676): every or no weekday is set
08-31 14:41:00.064 I/TriggerService( 1676): trigger matching weekday
08-31 14:41:00.064 I/TriggerService( 1676): trigger matching headphones
08-31 14:41:00.064 I/TriggerService( 1676): dim does not match battery state
08-31 14:41:00.064 I/TriggerService( 1676): compare trigger: undim
08-31 14:41:00.064 I/TriggerService( 1676): compare time called!
08-31 14:41:00.064 I/TriggerService( 1676): time ignored
08-31 14:41:00.064 I/TriggerService( 1676): trigger matching time
08-31 14:41:00.064 I/TriggerService( 1676): compare weekday called!
08-31 14:41:00.064 I/TriggerService( 1676): every or no weekday is set
08-31 14:41:00.064 I/TriggerService( 1676): trigger matching weekday
08-31 14:41:00.064 I/TriggerService( 1676): trigger matching headphones
08-31 14:41:00.064 I/TriggerService( 1676): trigger matching battery state
08-31 14:41:00.064 I/TriggerService( 1676): trigger matching battery level
08-31 14:41:00.064 I/TriggerService( 1676): trigger matching geofence
08-31 14:41:00.064 I/TriggerService( 1676): adding trigger to triggerPriorityList: undim
08-31 14:41:00.064 I/TriggerService( 1676): highestPriority add: undim
08-31 14:41:00.064 I/TriggerService( 1676): comparePriorities called
08-31 14:41:00.064 I/TriggerBroadcastReceiver( 1676): TimeTick: 14:41
08-31 14:41:00.074 I/TriggerBroadcastReceiver( 1676): Broadcast received: android.intent.action.TIME_TICK
08-31 14:41:00.074 I/TriggerService( 1676): current time updated: 14:41
08-31 14:41:00.074 I/TriggerService( 1676): compareTriggers called
08-31 14:41:00.074 I/TriggerService( 1676): compare trigger: dim
08-31 14:41:00.074 I/TriggerService( 1676): compare time called!
08-31 14:41:00.074 I/TriggerService( 1676): time ignored
08-31 14:41:00.074 I/TriggerService( 1676): trigger matching time
08-31 14:41:00.074 I/TriggerService( 1676): compare weekday called!
08-31 14:41:00.074 I/TriggerService( 1676): every or no weekday is set
08-31 14:41:00.074 I/TriggerService( 1676): trigger matching weekday
08-31 14:41:00.074 I/TriggerService( 1676): trigger matching headphones
08-31 14:41:00.074 I/TriggerService( 1676): dim does not match battery state
08-31 14:41:00.074 I/TriggerService( 1676): compare trigger: undim
08-31 14:41:00.074 I/TriggerService( 1676): compare time called!
08-31 14:41:00.074 I/TriggerService( 1676): time ignored
08-31 14:41:00.074 I/TriggerService( 1676): trigger matching time
08-31 14:41:00.074 I/TriggerService( 1676): compare weekday called!
08-31 14:41:00.074 I/TriggerService( 1676): every or no weekday is set
08-31 14:41:00.074 I/TriggerService( 1676): trigger matching weekday
08-31 14:41:00.074 I/TriggerService( 1676): trigger matching headphones
08-31 14:41:00.074 I/TriggerService( 1676): trigger matching battery state
08-31 14:41:00.074 I/TriggerService( 1676): trigger matching battery level
08-31 14:41:00.074 I/TriggerService( 1676): trigger matching geofence
08-31 14:41:00.074 I/TriggerService( 1676): adding trigger to triggerPriorityList: undim
08-31 14:41:00.074 I/TriggerService( 1676): highestPriority add: undim
08-31 14:41:00.074 I/TriggerService( 1676): comparePriorities called
08-31 14:41:00.074 I/TriggerBroadcastReceiver( 1676): TimeTick: 14:41
08-31 14:41:01.335 D/Uploader(  975): Network request failed class org.apache.http.conn.ConnectTimeoutException(Connect to /173.194.205.95:443 timed out)
08-31 14:41:21.585 I/WifiToggleService( 1663): Ping Success
08-31 14:41:21.615 D/dalvikvm( 1663): GC_CONCURRENT freed 394K, 6% free 9101K/9648K, paused 6ms+4ms, total 53ms
08-31 14:41:31.515 I/TriggerBroadcastReceiver( 1676): Broadcast received: android.intent.action.BATTERY_CHANGED
08-31 14:41:31.515 I/TriggerService( 1676): batterylevel changed to 20
08-31 14:41:31.515 I/TriggerService( 1676): compareTriggers called
08-31 14:41:31.515 I/TriggerService( 1676): compare trigger: dim
08-31 14:41:31.515 I/TriggerService( 1676): compare time called!
08-31 14:41:31.515 I/TriggerService( 1676): time ignored
08-31 14:41:31.515 I/TriggerService( 1676): trigger matching time
08-31 14:41:31.515 I/TriggerService( 1676): compare weekday called!
08-31 14:41:31.515 I/TriggerService( 1676): every or no weekday is set
08-31 14:41:31.515 I/TriggerService( 1676): trigger matching weekday
08-31 14:41:31.515 I/TriggerService( 1676): trigger matching headphones
08-31 14:41:31.515 I/TriggerService( 1676): dim does not match battery state
08-31 14:41:31.515 I/TriggerService( 1676): compare trigger: undim
08-31 14:41:31.515 I/TriggerService( 1676): compare time called!
08-31 14:41:31.515 I/TriggerService( 1676): time ignored
08-31 14:41:31.515 I/TriggerService( 1676): trigger matching time
08-31 14:41:31.515 I/TriggerService( 1676): compare weekday called!
08-31 14:41:31.515 I/TriggerService( 1676): every or no weekday is set
08-31 14:41:31.515 I/TriggerService( 1676): trigger matching weekday
08-31 14:41:31.515 I/TriggerService( 1676): trigger matching headphones
08-31 14:41:31.515 I/TriggerService( 1676): trigger matching battery state
08-31 14:41:31.515 I/TriggerService( 1676): trigger matching battery level
08-31 14:41:31.515 I/TriggerService( 1676): trigger matching geofence
08-31 14:41:31.515 I/TriggerService( 1676): adding trigger to triggerPriorityList: undim
08-31 14:41:31.515 I/TriggerService( 1676): highestPriority add: undim
08-31 14:41:31.515 I/TriggerService( 1676): comparePriorities called
08-31 14:41:31.515 I/TriggerBroadcastReceiver( 1676): Broadcast received: android.intent.action.BATTERY_CHANGED
08-31 14:41:31.515 I/TriggerService( 1676): batterylevel changed to 20
08-31 14:41:31.515 I/TriggerService( 1676): compareTriggers called
08-31 14:41:31.525 I/TriggerService( 1676): compare trigger: dim
08-31 14:41:31.525 I/TriggerService( 1676): compare time called!
08-31 14:41:31.525 I/TriggerService( 1676): time ignored
08-31 14:41:31.525 I/TriggerService( 1676): trigger matching time
08-31 14:41:31.525 I/TriggerService( 1676): compare weekday called!
08-31 14:41:31.525 I/TriggerService( 1676): every or no weekday is set
08-31 14:41:31.525 I/TriggerService( 1676): trigger matching weekday
08-31 14:41:31.525 I/TriggerService( 1676): trigger matching headphones
08-31 14:41:31.525 I/TriggerService( 1676): dim does not match battery state
08-31 14:41:31.525 I/TriggerService( 1676): compare trigger: undim
08-31 14:41:31.525 I/TriggerService( 1676): compare time called!
08-31 14:41:31.525 I/TriggerService( 1676): time ignored
08-31 14:41:31.525 I/TriggerService( 1676): trigger matching time
08-31 14:41:31.525 I/TriggerService( 1676): compare weekday called!
08-31 14:41:31.525 I/TriggerService( 1676): every or no weekday is set
08-31 14:41:31.525 I/TriggerService( 1676): trigger matching weekday
08-31 14:41:31.525 I/TriggerService( 1676): trigger matching headphones
